Using pre-set license
Built from '6000.0/staging' branch; Version is '6000.0.41f1 (46e447368a18) revision 4645959'; Using compiler version '193933523'; Build Type 'Release'
OS: 'Windows 11  (10.0.26100) 64bit Core' Language: 'ru' Physical Memory: 16070 MB
BatchMode: 1, IsHumanControllingUs: 0, StartBugReporterOnCrash: 0, Is64bit: 1, IsPro: 1

COMMAND LINE ARGUMENTS:
C:\Program Files\Unity\Hub\Editor\6000.0.41f1\Editor\Unity.exe
-adb2
-batchMode
-noUpm
-name
AssetImportWorker28
-projectPath
C:/Game_Unity_Car-2/Car-2/Game_Car-2
-logFile
Logs/AssetImportWorker28.log
-srvPort
57370
-job-worker-count
7
-background-job-worker-count
8
-gc-helper-count
1
Successfully changed project path to: C:/Game_Unity_Car-2/Car-2/Game_Car-2
C:/Game_Unity_Car-2/Car-2/Game_Car-2
[UnityMemory] Configuration Parameters - Can be set up in boot.config
    "memorysetup-bucket-allocator-granularity=16"
    "memorysetup-bucket-allocator-bucket-count=8"
    "memorysetup-bucket-allocator-block-size=33554432"
    "memorysetup-bucket-allocator-block-count=8"
    "memorysetup-main-allocator-block-size=16777216"
    "memorysetup-thread-allocator-block-size=16777216"
    "memorysetup-gfx-main-allocator-block-size=16777216"
    "memorysetup-gfx-thread-allocator-block-size=16777216"
    "memorysetup-cache-allocator-block-size=4194304"
    "memorysetup-typetree-allocator-block-size=2097152"
    "memorysetup-profiler-bucket-allocator-granularity=16"
    "memorysetup-profiler-bucket-allocator-bucket-count=8"
    "memorysetup-profiler-bucket-allocator-block-size=33554432"
    "memorysetup-profiler-bucket-allocator-block-count=8"
    "memorysetup-profiler-allocator-block-size=16777216"
    "memorysetup-profiler-editor-allocator-block-size=1048576"
    "memorysetup-temp-allocator-size-main=16777216"
    "memorysetup-job-temp-allocator-block-size=2097152"
    "memorysetup-job-temp-allocator-block-size-background=1048576"
    "memorysetup-job-temp-allocator-reduction-small-platforms=262144"
    "memorysetup-allocator-temp-initial-block-size-main=262144"
    "memorysetup-allocator-temp-initial-block-size-worker=262144"
    "memorysetup-temp-allocator-size-background-worker=32768"
    "memorysetup-temp-allocator-size-job-worker=262144"
    "memorysetup-temp-allocator-size-preload-manager=33554432"
    "memorysetup-temp-allocator-size-nav-mesh-worker=65536"
    "memorysetup-temp-allocator-size-audio-worker=65536"
    "memorysetup-temp-allocator-size-cloud-worker=32768"
    "memorysetup-temp-allocator-size-gi-baking-worker=262144"
    "memorysetup-temp-allocator-size-gi-baking-worker=262144"
    "memorysetup-temp-allocator-size-gi-baking-worker=262144"
    "memorysetup-temp-allocator-size-gi-baking-worker=262144"
    "memorysetup-temp-allocator-size-gi-baking-worker=262144"
    "memorysetup-temp-allocator-size-gfx=262144"
Player connection [15960]  Target information:

Player connection [15960]  * "[IP] 192.168.1.24 [Port] 0 [Flags] 2 [Guid] 1241728043 [EditorId] 1241728043 [Version] 1048832 [Id] WindowsEditor(7,LAPTOP-TS10LTIF) [Debug] 1 [PackageName] WindowsEditor [ProjectName] Editor" 

Player connection [15960] Host joined multi-casting on [225.0.0.222:54997]...
Player connection [15960] Host joined alternative multi-casting on [225.0.0.222:34997]...
JobSystem: Creating JobQueue using job-worker-count value 7
Input System module state changed to: Initialized.
[Physics::Module] Initialized fallback backend.
[Physics::Module] Id: 0xdecafbad
Library Redirect Path: Library/
[Physics::Module] Selected backend.
[Physics::Module] Name: PhysX
[Physics::Module] Id: 0xf2b8ea05
[Physics::Module] SDK Version: 4.1.2
[Physics::Module] Integration Version: 1.0.0
[Physics::Module] Threading Mode: Multi-Threaded
Refreshing native plugins compatible for Editor in 1.49 ms, found 3 plugins.
Preloading 0 native plugins for Editor in 0.00 ms.
Initialize engine version: 6000.0.41f1 (46e447368a18)
[Subsystems] Discovering subsystems at path C:/Program Files/Unity/Hub/Editor/6000.0.41f1/Editor/Data/Resources/UnitySubsystems
[Subsystems] Discovering subsystems at path C:/Game_Unity_Car-2/Car-2/Game_Car-2/Assets
GfxDevice: creating device client; kGfxThreadingModeNonThreaded
Direct3D:
    Version:  Direct3D 11.0 [level 11.1]
    Renderer: NVIDIA GeForce RTX 4060 Laptop GPU (ID=0x28a0)
    Vendor:   NVIDIA
    VRAM:     7957 MB
    Driver:   32.0.15.6590
Initialize mono
Mono path[0] = 'C:/Program Files/Unity/Hub/Editor/6000.0.41f1/Editor/Data/Managed'
Mono path[1] = 'C:/Program Files/Unity/Hub/Editor/6000.0.41f1/Editor/Data/MonoBleedingEdge/lib/mono/unityjit-win32'
Mono config path = 'C:/Program Files/Unity/Hub/Editor/6000.0.41f1/Editor/Data/MonoBleedingEdge/etc'
Using monoOptions --debugger-agent=transport=dt_socket,embedding=1,server=y,suspend=n,address=127.0.0.1:56184
Begin MonoManager ReloadAssembly
Registering precompiled unity dll's ...
Register platform support module: C:/Program Files/Unity/Hub/Editor/6000.0.41f1/Editor/Data/PlaybackEngines/WebGLSupport/UnityEditor.WebGL.Extensions.dll
Register platform support module: C:/Program Files/Unity/Hub/Editor/6000.0.41f1/Editor/Data/PlaybackEngines/WindowsStandaloneSupport/UnityEditor.WindowsStandalone.Extensions.dll
Registered in 0.006366 seconds.
- Loaded All Assemblies, in  0.403 seconds
Native extension for WindowsStandalone target not found
Native extension for WebGL target not found
Mono: successfully reloaded assembly
- Finished resetting the current domain, in  0.295 seconds
Domain Reload Profiling: 696ms
	BeginReloadAssembly (163ms)
		ExecutionOrderSort (0ms)
		DisableScriptedObjects (0ms)
		BackupInstance (0ms)
		ReleaseScriptingObjects (0ms)
		CreateAndSetChildDomain (1ms)
	RebuildCommonClasses (32ms)
	RebuildNativeTypeToScriptingClass (10ms)
	initialDomainReloadingComplete (54ms)
	LoadAllAssembliesAndSetupDomain (141ms)
		LoadAssemblies (160ms)
		RebuildTransferFunctionScriptingTraits (0ms)
		AnalyzeDomain (138ms)
			TypeCache.Refresh (137ms)
				TypeCache.ScanAssembly (125ms)
			BuildScriptInfoCaches (0ms)
			ResolveRequiredComponents (0ms)
	FinalizeReload (296ms)
		ReleaseScriptCaches (0ms)
		RebuildScriptCaches (0ms)
		SetupLoadedEditorAssemblies (258ms)
			LogAssemblyErrors (0ms)
			InitializePlatformSupportModulesInManaged (20ms)
			SetLoadedEditorAssemblies (5ms)
			BeforeProcessingInitializeOnLoad (49ms)
			ProcessInitializeOnLoadAttributes (142ms)
			ProcessInitializeOnLoadMethodAttributes (43ms)
			AfterProcessingInitializeOnLoad (0ms)
			EditorAssembliesLoaded (0ms)
		ExecutionOrderSort2 (0ms)
		AwakeInstancesAfterBackupRestoration (0ms)
Assembly reference Packages/com.unity.cinemachine/Editor/Samples/ExposeHDRPInternals/HDRP-Editor-ref.asmref has no target assembly definition
========================================================================
Worker process is ready to serve import requests
Import Worker Mode flag is 0x00
Assembly reference Packages/com.unity.cinemachine/Editor/Samples/ExposeHDRPInternals/HDRP-Editor-ref.asmref has no target assembly definition
Assembly reference Packages/com.unity.cinemachine/Editor/Samples/ExposeHDRPInternals/HDRP-Editor-ref.asmref has no target assembly definition
Begin MonoManager ReloadAssembly
- Loaded All Assemblies, in  0.840 seconds
Assembly reference Packages/com.unity.cinemachine/Editor/Samples/ExposeHDRPInternals/HDRP-Editor-ref.asmref has no target assembly definition
'Packages/com.unity.cinemachine/Editor/Obsolete/CinemachineVirtualCameraBaseEditor.cs' contains partial class of Unity.Object, exactly 1 of the partial classes needs to be in a file with the same filename. This is to know the one that can be referenced from ie. GameObjects
'Packages/com.unity.cinemachine/Editor/Editors/CinemachineVirtualCameraBaseEditor.cs' contains partial class of Unity.Object, exactly 1 of the partial classes needs to be in a file with the same filename. This is to know the one that can be referenced from ie. GameObjects
Refreshing native plugins compatible for Editor in 2.41 ms, found 3 plugins.
Native extension for WindowsStandalone target not found
Native extension for WebGL target not found
Assembly reference Packages/com.unity.cinemachine/Editor/Samples/ExposeHDRPInternals/HDRP-Editor-ref.asmref has no target assembly definition
Package Manager log level set to [2]
[Package Manager] Failed to launch server process. Reason: Unity was launched with the -noUpm command-line argument
[Package Manager] Unable to send message (not connected to server process).
[Package Manager] Cannot connect to Unity Package Manager local server
System.Exception: Error! Visual Scripting: couldn't find visual scripting package
  at Unity.VisualScripting.PackageVersionUtility.get_version () [0x00025] in .\Library\PackageCache\com.unity.visualscripting@1b53f46e931b\Editor\VisualScripting.Core\Utilities\PackageVersionUtility.cs:22 
  at Unity.VisualScripting.BoltCoreManifest.get_version () [0x00000] in .\Library\PackageCache\com.unity.visualscripting@1b53f46e931b\Editor\VisualScripting.Core\Plugin\BoltCoreManifest.cs:11 
  at Unity.VisualScripting.PluginManifest.get_currentVersion () [0x00000] in .\Library\PackageCache\com.unity.visualscripting@1b53f46e931b\Editor\VisualScripting.Core\Plugins\PluginManifest.cs:33 
  at Unity.VisualScripting.PluginManifest.get_versionMismatch () [0x00000] in .\Library\PackageCache\com.unity.visualscripting@1b53f46e931b\Editor\VisualScripting.Core\Plugins\PluginManifest.cs:48 
  at Unity.VisualScripting.PluginContainer.Initialize () [0x0057d] in .\Library\PackageCache\com.unity.visualscripting@1b53f46e931b\Editor\VisualScripting.Core\Plugins\PluginContainer.cs:208 
  at Unity.VisualScripting.PluginContainer.InitializeOnLoad () [0x00012] in .\Library\PackageCache\com.unity.visualscripting@1b53f46e931b\Editor\VisualScripting.Core\Plugins\PluginContainer.cs:32 
  at Unity.VisualScripting.VSUsageUtility.DoInitializeOnLoadCalls () [0x00044] in .\Library\PackageCache\com.unity.visualscripting@1b53f46e931b\Editor\VisualScripting.Core\Utilities\VSUsageUtility.cs:76 
  at Unity.VisualScripting.VSUsageUtility.set_isVisualScriptingUsed (System.Boolean value) [0x00037] in .\Library\PackageCache\com.unity.visualscripting@1b53f46e931b\Editor\VisualScripting.Core\Utilities\VSUsageUtility.cs:114 
  at Unity.VisualScripting.VSUsageUtility.CheckAndSetIsVisualScriptingUsed () [0x0003f] in .\Library\PackageCache\com.unity.visualscripting@1b53f46e931b\Editor\VisualScripting.Core\Utilities\VSUsageUtility.cs:48 
  at Unity.VisualScripting.VSUsageUtility..cctor () [0x0000d] in .\Library\PackageCache\com.unity.visualscripting@1b53f46e931b\Editor\VisualScripting.Core\Utilities\VSUsageUtility.cs:22 
UnityEngine.Debug:ExtractStackTraceNoAlloc (byte*,int,string)
UnityEngine.StackTraceUtility:ExtractStackTrace ()
UnityEngine.DebugLogHandler:Internal_Log (UnityEngine.LogType,UnityEngine.LogOption,string,UnityEngine.Object)
UnityEngine.DebugLogHandler:LogFormat (UnityEngine.LogType,UnityEngine.Object,string,object[])
UnityEngine.Logger:Log (UnityEngine.LogType,object)
UnityEngine.Debug:LogError (object)
UnityEditor.EditorAssemblies:ProcessInitializeOnLoadAttributes (System.Type[])

Mono: successfully reloaded assembly
- Finished resetting the current domain, in  1.110 seconds
Domain Reload Profiling: 1944ms
	BeginReloadAssembly (144ms)
		ExecutionOrderSort (0ms)
		DisableScriptedObjects (5ms)
		BackupInstance (0ms)
		ReleaseScriptingObjects (0ms)
		CreateAndSetChildDomain (27ms)
	RebuildCommonClasses (28ms)
	RebuildNativeTypeToScriptingClass (10ms)
	initialDomainReloadingComplete (32ms)
	LoadAllAssembliesAndSetupDomain (619ms)
		LoadAssemblies (480ms)
		RebuildTransferFunctionScriptingTraits (0ms)
		AnalyzeDomain (222ms)
			TypeCache.Refresh (161ms)
				TypeCache.ScanAssembly (147ms)
			BuildScriptInfoCaches (46ms)
			ResolveRequiredComponents (12ms)
	FinalizeReload (1110ms)
		ReleaseScriptCaches (0ms)
		RebuildScriptCaches (0ms)
		SetupLoadedEditorAssemblies (1008ms)
			LogAssemblyErrors (0ms)
			InitializePlatformSupportModulesInManaged (3ms)
			SetLoadedEditorAssemblies (6ms)
			BeforeProcessingInitializeOnLoad (148ms)
			ProcessInitializeOnLoadAttributes (794ms)
			ProcessInitializeOnLoadMethodAttributes (52ms)
			AfterProcessingInitializeOnLoad (4ms)
			EditorAssembliesLoaded (0ms)
		ExecutionOrderSort2 (0ms)
		AwakeInstancesAfterBackupRestoration (5ms)
Launched and connected shader compiler UnityShaderCompiler.exe after 0.03 seconds
Refreshing native plugins compatible for Editor in 3.46 ms, found 3 plugins.
Preloading 0 native plugins for Editor in 0.00 ms.
Unloading 144 Unused Serialized files (Serialized files now loaded: 0)
Unloading 6415 unused Assets / (6.0 MB). Loaded Objects now: 7009.
Memory consumption went from 173.4 MB to 167.4 MB.
Total: 35.181200 ms (FindLiveObjects: 1.091300 ms CreateObjectMapping: 0.817900 ms MarkObjects: 29.001200 ms  DeleteObjects: 4.268400 ms)

========================================================================
Received Import Request.
  Time since last request: 425384.075901 seconds.
  path: Assets/LovPoli Texture/Alpine Woodland/Grass_Light_Texture.png
  artifactKey: Guid(937ba6759b5b6bf4ca8b52cd6c6aee0d) Importer(815301076,1909f56bfc062723c751e8b465ee728b)
Start importing Assets/LovPoli Texture/Alpine Woodland/Grass_Light_Texture.png using Guid(937ba6759b5b6bf4ca8b52cd6c6aee0d) Importer(815301076,1909f56bfc062723c751e8b465ee728b) (PreviewImporter) -> (artifact id: '9e9afd61318e9caf0ede4382e1792e4d') in 0.0773069 seconds
Number of updated asset objects reloaded before import = 0Number of asset objects unloaded after import = 2

========================================================================
Received Import Request.
  Time since last request: 16.178279 seconds.
  path: Assets/LovPoli Texture/Alpine Woodland/Grass_Dark_Texture.png
  artifactKey: Guid(ce1cb51bdff54934486237b6744adddc) Importer(815301076,1909f56bfc062723c751e8b465ee728b)
Start importing Assets/LovPoli Texture/Alpine Woodland/Grass_Dark_Texture.png using Guid(ce1cb51bdff54934486237b6744adddc) Importer(815301076,1909f56bfc062723c751e8b465ee728b) (PreviewImporter) -> (artifact id: '0b87809166f0571f58a51df4c0c0d304') in 0.0205387 seconds
Number of updated asset objects reloaded before import = 0Number of asset objects unloaded after import = 2

========================================================================
Received Import Request.
  Time since last request: 159.145935 seconds.
  path: Assets/LovPoli Texture/Alpine Woodland/Dirt_Beige_Texture.png
  artifactKey: Guid(c6818b450b0663646addf5b09d5fcbd9) Importer(815301076,1909f56bfc062723c751e8b465ee728b)
Start importing Assets/LovPoli Texture/Alpine Woodland/Dirt_Beige_Texture.png using Guid(c6818b450b0663646addf5b09d5fcbd9) Importer(815301076,1909f56bfc062723c751e8b465ee728b) (PreviewImporter) -> (artifact id: 'd165eadd7cbe9a072e97e8acd0f8037d') in 0.020967 seconds
Number of updated asset objects reloaded before import = 0Number of asset objects unloaded after import = 2

========================================================================
Received Import Request.
  Time since last request: 0.000033 seconds.
  path: Assets/LovPoli Texture/Alpine Woodland/Sand_Yellow_Texture.png
  artifactKey: Guid(6bd443e2e1f52cd4b9a215d842eaca10) Importer(815301076,1909f56bfc062723c751e8b465ee728b)
Start importing Assets/LovPoli Texture/Alpine Woodland/Sand_Yellow_Texture.png using Guid(6bd443e2e1f52cd4b9a215d842eaca10) Importer(815301076,1909f56bfc062723c751e8b465ee728b) (PreviewImporter) -> (artifact id: '72edadb74af9b68a6eed5d1c3e91d640') in 0.0206446 seconds
Number of updated asset objects reloaded before import = 0Number of asset objects unloaded after import = 2

========================================================================
Received Import Request.
  Time since last request: 0.000204 seconds.
  path: Assets/LovPoli Texture/Alpine Woodland/Sand_LightYellow_Texture.png
  artifactKey: Guid(bccceffd25566dd4f94d9f078f1d0245) Importer(815301076,1909f56bfc062723c751e8b465ee728b)
Start importing Assets/LovPoli Texture/Alpine Woodland/Sand_LightYellow_Texture.png using Guid(bccceffd25566dd4f94d9f078f1d0245) Importer(815301076,1909f56bfc062723c751e8b465ee728b) (PreviewImporter) -> (artifact id: '7b677541430cd92e55ab3319808342cc') in 0.0173059 seconds
Number of updated asset objects reloaded before import = 0Number of asset objects unloaded after import = 2

========================================================================
Received Import Request.
  Time since last request: 678.234670 seconds.
  path: Assets/LovPoli Texture/Alpine Woodland/Grass_LightGreen.psd
  artifactKey: Guid(5fe24bea47c350f47b583bd7b5d772f1) Importer(815301076,1909f56bfc062723c751e8b465ee728b)
Start importing Assets/LovPoli Texture/Alpine Woodland/Grass_LightGreen.psd using Guid(5fe24bea47c350f47b583bd7b5d772f1) Importer(815301076,1909f56bfc062723c751e8b465ee728b) (PreviewImporter) -> (artifact id: '96669aa71726f49db103d54cb046e617') in 0.0229714 seconds
Number of updated asset objects reloaded before import = 0Number of asset objects unloaded after import = 2

========================================================================
Received Import Request.
  Time since last request: 12.874208 seconds.
  path: Assets/LovPoli Texture/Alpine Woodland/Grass_LightGreen.psd
  artifactKey: Guid(5fe24bea47c350f47b583bd7b5d772f1) Importer(815301076,1909f56bfc062723c751e8b465ee728b)
Start importing Assets/LovPoli Texture/Alpine Woodland/Grass_LightGreen.psd using Guid(5fe24bea47c350f47b583bd7b5d772f1) Importer(815301076,1909f56bfc062723c751e8b465ee728b) (PreviewImporter) -> (artifact id: '4347bf5e4834808964c89d085b929540') in 0.0194467 seconds
Number of updated asset objects reloaded before import = 0Number of asset objects unloaded after import = 2

========================================================================
Received Import Request.
  Time since last request: 52.845694 seconds.
  path: Assets/LovPoli Texture/Alpine Woodland/Grass_LightGreen.psd
  artifactKey: Guid(5fe24bea47c350f47b583bd7b5d772f1) Importer(815301076,1909f56bfc062723c751e8b465ee728b)
Start importing Assets/LovPoli Texture/Alpine Woodland/Grass_LightGreen.psd using Guid(5fe24bea47c350f47b583bd7b5d772f1) Importer(815301076,1909f56bfc062723c751e8b465ee728b) (PreviewImporter) -> (artifact id: '6ef86c0906e6c290101337556ddff3d4') in 0.007012 seconds
Number of updated asset objects reloaded before import = 0Number of asset objects unloaded after import = 2

========================================================================
Received Import Request.
  Time since last request: 143.011048 seconds.
  path: Assets/LovPoli Texture/Alpine Woodland/Grass_DarkGreen.png
  artifactKey: Guid(9cbd40f10e663bf4a9951f84aa60663d) Importer(815301076,1909f56bfc062723c751e8b465ee728b)
Start importing Assets/LovPoli Texture/Alpine Woodland/Grass_DarkGreen.png using Guid(9cbd40f10e663bf4a9951f84aa60663d) Importer(815301076,1909f56bfc062723c751e8b465ee728b) (PreviewImporter) -> (artifact id: '5176460a96824157ce1c8dca5528ae56') in 0.0235946 seconds
Number of updated asset objects reloaded before import = 0Number of asset objects unloaded after import = 2

========================================================================
Received Import Request.
  Time since last request: 17.680614 seconds.
  path: Assets/LovPoli Texture/Alpine Woodland/Grass_DarkGreen.png
  artifactKey: Guid(9cbd40f10e663bf4a9951f84aa60663d) Importer(815301076,1909f56bfc062723c751e8b465ee728b)
Start importing Assets/LovPoli Texture/Alpine Woodland/Grass_DarkGreen.png using Guid(9cbd40f10e663bf4a9951f84aa60663d) Importer(815301076,1909f56bfc062723c751e8b465ee728b) (PreviewImporter) -> (artifact id: 'b01f52c7a38b9d7035b675b4cf3663f8') in 0.0200308 seconds
Number of updated asset objects reloaded before import = 0Number of asset objects unloaded after import = 2

========================================================================
Received Import Request.
  Time since last request: 3.239285 seconds.
  path: Assets/LovPoli Texture/Alpine Woodland/Grass_DarkGreen.png
  artifactKey: Guid(9cbd40f10e663bf4a9951f84aa60663d) Importer(815301076,1909f56bfc062723c751e8b465ee728b)
Start importing Assets/LovPoli Texture/Alpine Woodland/Grass_DarkGreen.png using Guid(9cbd40f10e663bf4a9951f84aa60663d) Importer(815301076,1909f56bfc062723c751e8b465ee728b) (PreviewImporter) -> (artifact id: '8466b2b0dc892b06f6d569e7be9ee620') in 0.0059253 seconds
Number of updated asset objects reloaded before import = 0Number of asset objects unloaded after import = 2

========================================================================
Received Import Request.
  Time since last request: 81.376360 seconds.
  path: Assets/AssedStore - Prefabs/Rowlan/Terrain/Stamps/Examples/Brushes/Terrace Fields 15.brush
  artifactKey: Guid(8b6d379bd0597064ea2c48acf84e8464) Importer(815301076,1909f56bfc062723c751e8b465ee728b)
Start importing Assets/AssedStore - Prefabs/Rowlan/Terrain/Stamps/Examples/Brushes/Terrace Fields 15.brush using Guid(8b6d379bd0597064ea2c48acf84e8464) Importer(815301076,1909f56bfc062723c751e8b465ee728b) (PreviewImporter) -> (artifact id: '631d629764caa5b4f8f495d90b788110') in 0.1019391 seconds
Number of updated asset objects reloaded before import = 0Number of asset objects unloaded after import = 2

========================================================================
Received Import Request.
  Time since last request: 147.108728 seconds.
  path: Assets/LovPoli Texture/Alpine Woodland/1.png
  artifactKey: Guid(169fb92fc8b9e7947826f7cbaf5e38b1) Importer(815301076,1909f56bfc062723c751e8b465ee728b)
Start importing Assets/LovPoli Texture/Alpine Woodland/1.png using Guid(169fb92fc8b9e7947826f7cbaf5e38b1) Importer(815301076,1909f56bfc062723c751e8b465ee728b) (PreviewImporter) -> (artifact id: 'e03fd43ef1e44d36f53b2e78a4c58f45') in 0.0219329 seconds
Number of updated asset objects reloaded before import = 0Number of asset objects unloaded after import = 2

========================================================================
Received Import Request.
  Time since last request: 14.756518 seconds.
  path: Assets/LovPoli Texture/Alpine Woodland/1.png
  artifactKey: Guid(169fb92fc8b9e7947826f7cbaf5e38b1) Importer(815301076,1909f56bfc062723c751e8b465ee728b)
Start importing Assets/LovPoli Texture/Alpine Woodland/1.png using Guid(169fb92fc8b9e7947826f7cbaf5e38b1) Importer(815301076,1909f56bfc062723c751e8b465ee728b) (PreviewImporter) -> (artifact id: 'b43a40f6f5ff05d2ef55721b33141c66') in 0.0182428 seconds
Number of updated asset objects reloaded before import = 0Number of asset objects unloaded after import = 2

========================================================================
Received Import Request.
  Time since last request: 85.516693 seconds.
  path: Assets/LovPoli Texture/Alpine Woodland/2.png
  artifactKey: Guid(3fa5f8d68e8829448abf979e7cb92dcc) Importer(815301076,1909f56bfc062723c751e8b465ee728b)
Start importing Assets/LovPoli Texture/Alpine Woodland/2.png using Guid(3fa5f8d68e8829448abf979e7cb92dcc) Importer(815301076,1909f56bfc062723c751e8b465ee728b) (PreviewImporter) -> (artifact id: 'bc3b9e6abfff87013108984debf63ace') in 0.0210463 seconds
Number of updated asset objects reloaded before import = 0Number of asset objects unloaded after import = 2

========================================================================
Received Import Request.
  Time since last request: 26.475633 seconds.
  path: Assets/LovPoli Texture/Alpine Woodland/2.png
  artifactKey: Guid(3fa5f8d68e8829448abf979e7cb92dcc) Importer(815301076,1909f56bfc062723c751e8b465ee728b)
Start importing Assets/LovPoli Texture/Alpine Woodland/2.png using Guid(3fa5f8d68e8829448abf979e7cb92dcc) Importer(815301076,1909f56bfc062723c751e8b465ee728b) (PreviewImporter) -> (artifact id: '7092ec07a99c1088b149c86d3c5df42e') in 0.0232853 seconds
Number of updated asset objects reloaded before import = 0Number of asset objects unloaded after import = 2

========================================================================
Received Import Request.
  Time since last request: 95.627975 seconds.
  path: Assets/LovPoli Texture/Alpine Woodland/Grass_LightGreen.png
  artifactKey: Guid(5649a7db7e3fa7d44b8d4f1c57197f9d) Importer(815301076,1909f56bfc062723c751e8b465ee728b)
Start importing Assets/LovPoli Texture/Alpine Woodland/Grass_LightGreen.png using Guid(5649a7db7e3fa7d44b8d4f1c57197f9d) Importer(815301076,1909f56bfc062723c751e8b465ee728b) (PreviewImporter) -> (artifact id: '57840726db5f6bca0a310ec8e9341cdb') in 0.009007 seconds
Number of updated asset objects reloaded before import = 0Number of asset objects unloaded after import = 2

========================================================================
Received Import Request.
  Time since last request: 8.649940 seconds.
  path: Assets/LovPoli Texture/Alpine Woodland/1 1.png
  artifactKey: Guid(077c525bfec575c4b9415eaf2f8091fd) Importer(815301076,1909f56bfc062723c751e8b465ee728b)
Start importing Assets/LovPoli Texture/Alpine Woodland/1 1.png using Guid(077c525bfec575c4b9415eaf2f8091fd) Importer(815301076,1909f56bfc062723c751e8b465ee728b) (PreviewImporter) -> (artifact id: '2593ad8fc3f07b3b755e4a5529f31f98') in 0.0074637 seconds
Number of updated asset objects reloaded before import = 0Number of asset objects unloaded after import = 2

========================================================================
Received Import Request.
  Time since last request: 0.000210 seconds.
  path: Assets/LovPoli Texture/Alpine Woodland/Grass_DarkGreen 1.png
  artifactKey: Guid(ee48248c5bb9b85469951910250d70cd) Importer(815301076,1909f56bfc062723c751e8b465ee728b)
Start importing Assets/LovPoli Texture/Alpine Woodland/Grass_DarkGreen 1.png using Guid(ee48248c5bb9b85469951910250d70cd) Importer(815301076,1909f56bfc062723c751e8b465ee728b) (PreviewImporter) -> (artifact id: '21e7742f6b8e3ddb273549550c11ba01') in 0.0061319 seconds
Number of updated asset objects reloaded before import = 0Number of asset objects unloaded after import = 2

========================================================================
Received Import Request.
  Time since last request: 0.032642 seconds.
  path: Assets/LovPoli Texture/Alpine Woodland/NewLayer 1.terrainlayer
  artifactKey: Guid(1a57661f3d07a0340ba464ff1f04d49d) Importer(815301076,1909f56bfc062723c751e8b465ee728b)
Start importing Assets/LovPoli Texture/Alpine Woodland/NewLayer 1.terrainlayer using Guid(1a57661f3d07a0340ba464ff1f04d49d) Importer(815301076,1909f56bfc062723c751e8b465ee728b) (PreviewImporter) -> (artifact id: '6bf7236cda5dc1939f89a7e845d7d245') in 0.0353827 seconds
Number of updated asset objects reloaded before import = 0Number of asset objects unloaded after import = 2

========================================================================
Received Import Request.
  Time since last request: 0.037196 seconds.
  path: Assets/LovPoli Texture/Alpine Woodland/NewLayer 2.terrainlayer
  artifactKey: Guid(4bb5a7081e408944cafe0b08f53049d0) Importer(815301076,1909f56bfc062723c751e8b465ee728b)
Start importing Assets/LovPoli Texture/Alpine Woodland/NewLayer 2.terrainlayer using Guid(4bb5a7081e408944cafe0b08f53049d0) Importer(815301076,1909f56bfc062723c751e8b465ee728b) (PreviewImporter) -> (artifact id: '1d4869d5f0ceacf552c562c9b1710682') in 0.0228464 seconds
Number of updated asset objects reloaded before import = 0Number of asset objects unloaded after import = 2

========================================================================
Received Import Request.
  Time since last request: 0.494524 seconds.
  path: Assets/LovPoli Texture/Alpine Woodland/NewLayer 3.terrainlayer
  artifactKey: Guid(b30ca08f9244b31449d5eebd333f7aa1) Importer(815301076,1909f56bfc062723c751e8b465ee728b)
Start importing Assets/LovPoli Texture/Alpine Woodland/NewLayer 3.terrainlayer using Guid(b30ca08f9244b31449d5eebd333f7aa1) Importer(815301076,1909f56bfc062723c751e8b465ee728b) (PreviewImporter) -> (artifact id: 'c795b325d530ee9bba3c9a9dcbfca5b9') in 0.0088859 seconds
Number of updated asset objects reloaded before import = 0Number of asset objects unloaded after import = 2

========================================================================
Received Import Request.
  Time since last request: 2.094093 seconds.
  path: Assets/LovPoli Texture/Alpine Woodland/NewLayer 4.terrainlayer
  artifactKey: Guid(794781fd3e2dd184b8915f11840555b3) Importer(815301076,1909f56bfc062723c751e8b465ee728b)
Start importing Assets/LovPoli Texture/Alpine Woodland/NewLayer 4.terrainlayer using Guid(794781fd3e2dd184b8915f11840555b3) Importer(815301076,1909f56bfc062723c751e8b465ee728b) (PreviewImporter) -> (artifact id: '4c5d628da8c55c860016b9f02a8356b4') in 0.0062156 seconds
Number of updated asset objects reloaded before import = 0Number of asset objects unloaded after import = 2

========================================================================
Received Import Request.
  Time since last request: 84.115397 seconds.
  path: Assets/LovPoli Texture/Alpine Woodland/Grass_DarkGreen (1).png
  artifactKey: Guid(ffdc7276edb866745b4dbbd0d33e65bc) Importer(815301076,1909f56bfc062723c751e8b465ee728b)
Start importing Assets/LovPoli Texture/Alpine Woodland/Grass_DarkGreen (1).png using Guid(ffdc7276edb866745b4dbbd0d33e65bc) Importer(815301076,1909f56bfc062723c751e8b465ee728b) (PreviewImporter) -> (artifact id: '15ead6a72d3d16faeacb6888fa00b100') in 0.007288 seconds
Number of updated asset objects reloaded before import = 0Number of asset objects unloaded after import = 2

========================================================================
Received Import Request.
  Time since last request: 14.890255 seconds.
  path: Assets/LovPoli Texture/Alpine Woodland/Grass_DarkGreen (1).png
  artifactKey: Guid(ffdc7276edb866745b4dbbd0d33e65bc) Importer(815301076,1909f56bfc062723c751e8b465ee728b)
Start importing Assets/LovPoli Texture/Alpine Woodland/Grass_DarkGreen (1).png using Guid(ffdc7276edb866745b4dbbd0d33e65bc) Importer(815301076,1909f56bfc062723c751e8b465ee728b) (PreviewImporter) -> (artifact id: '2406e893a81c06ae49cd2d3306d378a4') in 0.0071086 seconds
Number of updated asset objects reloaded before import = 0Number of asset objects unloaded after import = 2

========================================================================
Received Import Request.
  Time since last request: 155.435544 seconds.
  path: Assets/LovPoli Texture/Alpine Woodland/Grass_DarkGreen (1).png
  artifactKey: Guid(ffdc7276edb866745b4dbbd0d33e65bc) Importer(815301076,1909f56bfc062723c751e8b465ee728b)
Start importing Assets/LovPoli Texture/Alpine Woodland/Grass_DarkGreen (1).png using Guid(ffdc7276edb866745b4dbbd0d33e65bc) Importer(815301076,1909f56bfc062723c751e8b465ee728b) (PreviewImporter) -> (artifact id: '4e944281a9bd8b176743c7ac5a91108d') in 0.0105993 seconds
Number of updated asset objects reloaded before import = 0Number of asset objects unloaded after import = 2

========================================================================
Received Import Request.
  Time since last request: 59.295670 seconds.
  path: Assets/LovPoli Texture/Alpine Woodland/Grass_LightGreen.png
  artifactKey: Guid(5649a7db7e3fa7d44b8d4f1c57197f9d) Importer(815301076,1909f56bfc062723c751e8b465ee728b)
Start importing Assets/LovPoli Texture/Alpine Woodland/Grass_LightGreen.png using Guid(5649a7db7e3fa7d44b8d4f1c57197f9d) Importer(815301076,1909f56bfc062723c751e8b465ee728b) (PreviewImporter) -> (artifact id: 'e087bdf934e632a3c439f51f5a260675') in 0.0053297 seconds
Number of updated asset objects reloaded before import = 0Number of asset objects unloaded after import = 2

========================================================================
Received Import Request.
  Time since last request: 107.822814 seconds.
  path: Assets/LovPoli Texture/Alpine Woodland/Grass_DarkGreen (1).png
  artifactKey: Guid(ffdc7276edb866745b4dbbd0d33e65bc) Importer(815301076,1909f56bfc062723c751e8b465ee728b)
Start importing Assets/LovPoli Texture/Alpine Woodland/Grass_DarkGreen (1).png using Guid(ffdc7276edb866745b4dbbd0d33e65bc) Importer(815301076,1909f56bfc062723c751e8b465ee728b) (PreviewImporter) -> (artifact id: 'a7d796e96e182a403b703f6f155fd5c7') in 0.0072197 seconds
Number of updated asset objects reloaded before import = 0Number of asset objects unloaded after import = 2

========================================================================
Received Import Request.
  Time since last request: 21.968479 seconds.
  path: Assets/LovPoli Texture/Alpine Woodland/Grass_DarkGreen (1).png
  artifactKey: Guid(ffdc7276edb866745b4dbbd0d33e65bc) Importer(815301076,1909f56bfc062723c751e8b465ee728b)
Start importing Assets/LovPoli Texture/Alpine Woodland/Grass_DarkGreen (1).png using Guid(ffdc7276edb866745b4dbbd0d33e65bc) Importer(815301076,1909f56bfc062723c751e8b465ee728b) (PreviewImporter) -> (artifact id: 'cc4487b3203422cc4b0a8825f9909ee7') in 0.020198 seconds
Number of updated asset objects reloaded before import = 0Number of asset objects unloaded after import = 2

========================================================================
Received Import Request.
  Time since last request: 14.796153 seconds.
  path: Assets/LovPoli Texture/Alpine Woodland/Grass_DarkGreen (1).png
  artifactKey: Guid(ffdc7276edb866745b4dbbd0d33e65bc) Importer(815301076,1909f56bfc062723c751e8b465ee728b)
Start importing Assets/LovPoli Texture/Alpine Woodland/Grass_DarkGreen (1).png using Guid(ffdc7276edb866745b4dbbd0d33e65bc) Importer(815301076,1909f56bfc062723c751e8b465ee728b) (PreviewImporter) -> (artifact id: '4e70194a8d9116191c426a0855e622ee') in 0.0064571 seconds
Number of updated asset objects reloaded before import = 0Number of asset objects unloaded after import = 2

========================================================================
Received Import Request.
  Time since last request: 13.027577 seconds.
  path: Assets/LovPoli Texture/Alpine Woodland/Grass_DarkGreen (1).png
  artifactKey: Guid(ffdc7276edb866745b4dbbd0d33e65bc) Importer(815301076,1909f56bfc062723c751e8b465ee728b)
Start importing Assets/LovPoli Texture/Alpine Woodland/Grass_DarkGreen (1).png using Guid(ffdc7276edb866745b4dbbd0d33e65bc) Importer(815301076,1909f56bfc062723c751e8b465ee728b) (PreviewImporter) -> (artifact id: '2d4b1ea37e7688427a4490834801903a') in 0.006016 seconds
Number of updated asset objects reloaded before import = 0Number of asset objects unloaded after import = 2

========================================================================
Received Import Request.
  Time since last request: 10.848875 seconds.
  path: Assets/LovPoli Texture/Alpine Woodland/Grass_LightGreen.png
  artifactKey: Guid(5649a7db7e3fa7d44b8d4f1c57197f9d) Importer(815301076,1909f56bfc062723c751e8b465ee728b)
Start importing Assets/LovPoli Texture/Alpine Woodland/Grass_LightGreen.png using Guid(5649a7db7e3fa7d44b8d4f1c57197f9d) Importer(815301076,1909f56bfc062723c751e8b465ee728b) (PreviewImporter) -> (artifact id: 'ed5ffe061940ec3f26614525b7bceb65') in 0.0057748 seconds
Number of updated asset objects reloaded before import = 0Number of asset objects unloaded after import = 2

========================================================================
Received Import Request.
  Time since last request: 205.943057 seconds.
  path: Assets/LovPoli Texture/Alpine Woodland/UnlitTerrainMaterial.mat
  artifactKey: Guid(d53cf515e06360d42bd9ba220713b216) Importer(815301076,1909f56bfc062723c751e8b465ee728b)
Start importing Assets/LovPoli Texture/Alpine Woodland/UnlitTerrainMaterial.mat using Guid(d53cf515e06360d42bd9ba220713b216) Importer(815301076,1909f56bfc062723c751e8b465ee728b) (PreviewImporter) -> (artifact id: '932c14edacb96c984e543351f542620f') in 0.1049314 seconds
Number of updated asset objects reloaded before import = 0Number of asset objects unloaded after import = 1

========================================================================
Received Import Request.
  Time since last request: 179.609074 seconds.
  path: Assets/LovPoli Texture/Alpine Woodland/New Terrain Material.mat
  artifactKey: Guid(0502f5a56ab91fa40ad70affee957ce8) Importer(815301076,1909f56bfc062723c751e8b465ee728b)
Start importing Assets/LovPoli Texture/Alpine Woodland/New Terrain Material.mat using Guid(0502f5a56ab91fa40ad70affee957ce8) Importer(815301076,1909f56bfc062723c751e8b465ee728b) (PreviewImporter) -> (artifact id: 'cebd955cd9b81208f885280bd7770f68') in 0.0116462 seconds
Number of updated asset objects reloaded before import = 0Number of asset objects unloaded after import = 1

========================================================================
Received Import Request.
  Time since last request: 13.531262 seconds.
  path: Assets/AssedStore - Prefabs/LowpolyStyle/Alpine Woodland/Prefabs/New Terrain Material.mat
  artifactKey: Guid(fbeffa46d549af24dbcc6ba12877aa3c) Importer(815301076,1909f56bfc062723c751e8b465ee728b)
Start importing Assets/AssedStore - Prefabs/LowpolyStyle/Alpine Woodland/Prefabs/New Terrain Material.mat using Guid(fbeffa46d549af24dbcc6ba12877aa3c) Importer(815301076,1909f56bfc062723c751e8b465ee728b) (PreviewImporter) -> (artifact id: '62639fb5f641b6c8806919b5e03226ad') in 0.0224878 seconds
Number of updated asset objects reloaded before import = 0Number of asset objects unloaded after import = 1

========================================================================
Received Import Request.
  Time since last request: 7.330895 seconds.
  path: Assets/AssedStore - Prefabs/LowpolyStyle/Shared Materials and Textures/ArcticWater.mat
  artifactKey: Guid(96fcb580b00d89b41befaa454e5d7c18) Importer(815301076,1909f56bfc062723c751e8b465ee728b)
Start importing Assets/AssedStore - Prefabs/LowpolyStyle/Shared Materials and Textures/ArcticWater.mat using Guid(96fcb580b00d89b41befaa454e5d7c18) Importer(815301076,1909f56bfc062723c751e8b465ee728b) (PreviewImporter) -> (artifact id: 'bcbd048545adcb478183aa76577471f9') in 0.0566899 seconds
Number of updated asset objects reloaded before import = 0Number of asset objects unloaded after import = 2

========================================================================
Received Import Request.
  Time since last request: 343.051592 seconds.
  path: Assets/LovPoli Texture/Alpine Woodland/New Lighting Settings.lighting
  artifactKey: Guid(a020d0732bfd6cf4d834d62883b000d3) Importer(815301076,1909f56bfc062723c751e8b465ee728b)
Start importing Assets/LovPoli Texture/Alpine Woodland/New Lighting Settings.lighting using Guid(a020d0732bfd6cf4d834d62883b000d3) Importer(815301076,1909f56bfc062723c751e8b465ee728b) (PreviewImporter) -> (artifact id: '395dcf4046424d3edd3056e79ba78286') in 0.0023471 seconds
Number of updated asset objects reloaded before import = 0Number of asset objects unloaded after import = 1

========================================================================
Received Import Request.
  Time since last request: 746.540177 seconds.
  path: Assets/LovPoli Texture/Alpine Woodland/11.png
  artifactKey: Guid(5baa3b0135d2db845a57072d12b05343) Importer(815301076,1909f56bfc062723c751e8b465ee728b)
Start importing Assets/LovPoli Texture/Alpine Woodland/11.png using Guid(5baa3b0135d2db845a57072d12b05343) Importer(815301076,1909f56bfc062723c751e8b465ee728b) (PreviewImporter) -> (artifact id: '5b8c3411fbbd865ec376d949840f7258') in 0.1318428 seconds
Number of updated asset objects reloaded before import = 0Number of asset objects unloaded after import = 2

========================================================================
Received Import Request.
  Time since last request: 303.739212 seconds.
  path: Assets/LovPoli Texture/Alpine Woodland/Terrain_Color_Textures/Grass_Dark.png
  artifactKey: Guid(723b7ff9358281045aa12b1ddf38a46a) Importer(815301076,1909f56bfc062723c751e8b465ee728b)
Start importing Assets/LovPoli Texture/Alpine Woodland/Terrain_Color_Textures/Grass_Dark.png using Guid(723b7ff9358281045aa12b1ddf38a46a) Importer(815301076,1909f56bfc062723c751e8b465ee728b) (PreviewImporter) -> (artifact id: '0ea70bd620ba3e5535e7e687abe892cc') in 0.0392838 seconds
Number of updated asset objects reloaded before import = 0Number of asset objects unloaded after import = 2

========================================================================
Received Import Request.
  Time since last request: 0.000363 seconds.
  path: Assets/LovPoli Texture/Alpine Woodland/Terrain_Color_Textures/Rock_Bluish.png
  artifactKey: Guid(dd9b776a2487ca8418c1ba5f0024168d) Importer(815301076,1909f56bfc062723c751e8b465ee728b)
Start importing Assets/LovPoli Texture/Alpine Woodland/Terrain_Color_Textures/Rock_Bluish.png using Guid(dd9b776a2487ca8418c1ba5f0024168d) Importer(815301076,1909f56bfc062723c751e8b465ee728b) (PreviewImporter) -> (artifact id: '7570de60f7911525f9467a97e82641dc') in 0.0260566 seconds
Number of updated asset objects reloaded before import = 0Number of asset objects unloaded after import = 2

========================================================================
Received Import Request.
  Time since last request: 0.000015 seconds.
  path: Assets/LovPoli Texture/Alpine Woodland/Terrain_Color_Textures/Soil_Dark.png
  artifactKey: Guid(5e2c422433de2ac4aa685e894e421fa1) Importer(815301076,1909f56bfc062723c751e8b465ee728b)
Start importing Assets/LovPoli Texture/Alpine Woodland/Terrain_Color_Textures/Soil_Dark.png using Guid(5e2c422433de2ac4aa685e894e421fa1) Importer(815301076,1909f56bfc062723c751e8b465ee728b) (PreviewImporter) -> (artifact id: '6f0b4b6c1fd2a2ca17b060709e522779') in 0.0298908 seconds
Number of updated asset objects reloaded before import = 0Number of asset objects unloaded after import = 2

========================================================================
Received Import Request.
  Time since last request: 0.000019 seconds.
  path: Assets/LovPoli Texture/Alpine Woodland/Terrain_Color_Textures/Mountain_Neutral.png
  artifactKey: Guid(f221772745b60d043ad1098b8715793a) Importer(815301076,1909f56bfc062723c751e8b465ee728b)
Start importing Assets/LovPoli Texture/Alpine Woodland/Terrain_Color_Textures/Mountain_Neutral.png using Guid(f221772745b60d043ad1098b8715793a) Importer(815301076,1909f56bfc062723c751e8b465ee728b) (PreviewImporter) -> (artifact id: '170dfed6f5992635063fb5f794511bdb') in 0.0245902 seconds
Number of updated asset objects reloaded before import = 0Number of asset objects unloaded after import = 2

========================================================================
Received Import Request.
  Time since last request: 0.000157 seconds.
  path: Assets/LovPoli Texture/Alpine Woodland/Terrain_Color_Textures/Sand.png
  artifactKey: Guid(602a1da635e3b0442ae8eef249f812a8) Importer(815301076,1909f56bfc062723c751e8b465ee728b)
Start importing Assets/LovPoli Texture/Alpine Woodland/Terrain_Color_Textures/Sand.png using Guid(602a1da635e3b0442ae8eef249f812a8) Importer(815301076,1909f56bfc062723c751e8b465ee728b) (PreviewImporter) -> (artifact id: '95c4eac6329baec97f11b4dcfb27b884') in 0.0270576 seconds
Number of updated asset objects reloaded before import = 0Number of asset objects unloaded after import = 2

========================================================================
Received Import Request.
  Time since last request: 0.000027 seconds.
  path: Assets/LovPoli Texture/Alpine Woodland/Terrain_Color_Textures/Rock_Dark.png
  artifactKey: Guid(9e867ccffd7cf4141bcfc47ab7c7322f) Importer(815301076,1909f56bfc062723c751e8b465ee728b)
Start importing Assets/LovPoli Texture/Alpine Woodland/Terrain_Color_Textures/Rock_Dark.png using Guid(9e867ccffd7cf4141bcfc47ab7c7322f) Importer(815301076,1909f56bfc062723c751e8b465ee728b) (PreviewImporter) -> (artifact id: '62ac68e0ae38e373d5cc4a5b796581e7') in 0.0280024 seconds
Number of updated asset objects reloaded before import = 0Number of asset objects unloaded after import = 2

========================================================================
Received Import Request.
  Time since last request: 1.538710 seconds.
  path: Assets/LovPoli Texture/Alpine Woodland/Terrain_Color_Textures/Soil_Light.png
  artifactKey: Guid(90accecabfe41754a9f741113a8e8b34) Importer(815301076,1909f56bfc062723c751e8b465ee728b)
Start importing Assets/LovPoli Texture/Alpine Woodland/Terrain_Color_Textures/Soil_Light.png using Guid(90accecabfe41754a9f741113a8e8b34) Importer(815301076,1909f56bfc062723c751e8b465ee728b) (PreviewImporter) -> (artifact id: 'ffd2251ecbe8c42181f5233cba5e5a02') in 0.0280457 seconds
Number of updated asset objects reloaded before import = 0Number of asset objects unloaded after import = 2

Editor requested this worker to shutdown with reason: Scaling down because of idle timeout
AssetImportWorker is now disconnected from the server
Process exiting
Exiting without the bug reporter. Application will terminate with return code 0