Using pre-set license
Built from '6000.0/staging' branch; Version is '6000.0.41f1 (46e447368a18) revision 4645959'; Using compiler version '193933523'; Build Type 'Release'
OS: 'Windows 11  (10.0.26100) 64bit Core' Language: 'ru' Physical Memory: 16070 MB
BatchMode: 1, IsHumanControllingUs: 0, StartBugReporterOnCrash: 0, Is64bit: 1, IsPro: 1

COMMAND LINE ARGUMENTS:
C:\Program Files\Unity\Hub\Editor\6000.0.41f1\Editor\Unity.exe
-adb2
-batchMode
-noUpm
-name
AssetImportWorker23
-projectPath
C:/Game_Unity_Car-2/Car-2/Game_Car-2
-logFile
Logs/AssetImportWorker23.log
-srvPort
57370
-job-worker-count
7
-background-job-worker-count
8
-gc-helper-count
1
Successfully changed project path to: C:/Game_Unity_Car-2/Car-2/Game_Car-2
C:/Game_Unity_Car-2/Car-2/Game_Car-2
[UnityMemory] Configuration Parameters - Can be set up in boot.config
    "memorysetup-bucket-allocator-granularity=16"
    "memorysetup-bucket-allocator-bucket-count=8"
    "memorysetup-bucket-allocator-block-size=33554432"
    "memorysetup-bucket-allocator-block-count=8"
    "memorysetup-main-allocator-block-size=16777216"
    "memorysetup-thread-allocator-block-size=16777216"
    "memorysetup-gfx-main-allocator-block-size=16777216"
    "memorysetup-gfx-thread-allocator-block-size=16777216"
    "memorysetup-cache-allocator-block-size=4194304"
    "memorysetup-typetree-allocator-block-size=2097152"
    "memorysetup-profiler-bucket-allocator-granularity=16"
    "memorysetup-profiler-bucket-allocator-bucket-count=8"
    "memorysetup-profiler-bucket-allocator-block-size=33554432"
    "memorysetup-profiler-bucket-allocator-block-count=8"
    "memorysetup-profiler-allocator-block-size=16777216"
    "memorysetup-profiler-editor-allocator-block-size=1048576"
    "memorysetup-temp-allocator-size-main=16777216"
    "memorysetup-job-temp-allocator-block-size=2097152"
    "memorysetup-job-temp-allocator-block-size-background=1048576"
    "memorysetup-job-temp-allocator-reduction-small-platforms=262144"
    "memorysetup-allocator-temp-initial-block-size-main=262144"
    "memorysetup-allocator-temp-initial-block-size-worker=262144"
    "memorysetup-temp-allocator-size-background-worker=32768"
    "memorysetup-temp-allocator-size-job-worker=262144"
    "memorysetup-temp-allocator-size-preload-manager=33554432"
    "memorysetup-temp-allocator-size-nav-mesh-worker=65536"
    "memorysetup-temp-allocator-size-audio-worker=65536"
    "memorysetup-temp-allocator-size-cloud-worker=32768"
    "memorysetup-temp-allocator-size-gi-baking-worker=262144"
    "memorysetup-temp-allocator-size-gi-baking-worker=262144"
    "memorysetup-temp-allocator-size-gi-baking-worker=262144"
    "memorysetup-temp-allocator-size-gi-baking-worker=262144"
    "memorysetup-temp-allocator-size-gi-baking-worker=262144"
    "memorysetup-temp-allocator-size-gfx=262144"
Player connection [7800]  Target information:

Player connection [7800]  * "[IP] 192.168.1.24 [Port] 0 [Flags] 2 [Guid] 1117374333 [EditorId] 1117374333 [Version] 1048832 [Id] WindowsEditor(7,LAPTOP-TS10LTIF) [Debug] 1 [PackageName] WindowsEditor [ProjectName] Editor" 

Player connection [7800] Host joined multi-casting on [225.0.0.222:54997]...
Player connection [7800] Host joined alternative multi-casting on [225.0.0.222:34997]...
JobSystem: Creating JobQueue using job-worker-count value 7
Input System module state changed to: Initialized.
[Physics::Module] Initialized fallback backend.
[Physics::Module] Id: 0xdecafbad
Library Redirect Path: Library/
[Physics::Module] Selected backend.
[Physics::Module] Name: PhysX
[Physics::Module] Id: 0xf2b8ea05
[Physics::Module] SDK Version: 4.1.2
[Physics::Module] Integration Version: 1.0.0
[Physics::Module] Threading Mode: Multi-Threaded
Refreshing native plugins compatible for Editor in 248.95 ms, found 3 plugins.
Preloading 0 native plugins for Editor in 0.00 ms.
Initialize engine version: 6000.0.41f1 (46e447368a18)
[Subsystems] Discovering subsystems at path C:/Program Files/Unity/Hub/Editor/6000.0.41f1/Editor/Data/Resources/UnitySubsystems
[Subsystems] Discovering subsystems at path C:/Game_Unity_Car-2/Car-2/Game_Car-2/Assets
GfxDevice: creating device client; kGfxThreadingModeNonThreaded
Direct3D:
    Version:  Direct3D 11.0 [level 11.1]
    Renderer: NVIDIA GeForce RTX 4060 Laptop GPU (ID=0x28a0)
    Vendor:   NVIDIA
    VRAM:     7957 MB
    Driver:   32.0.15.6590
Initialize mono
Mono path[0] = 'C:/Program Files/Unity/Hub/Editor/6000.0.41f1/Editor/Data/Managed'
Mono path[1] = 'C:/Program Files/Unity/Hub/Editor/6000.0.41f1/Editor/Data/MonoBleedingEdge/lib/mono/unityjit-win32'
Mono config path = 'C:/Program Files/Unity/Hub/Editor/6000.0.41f1/Editor/Data/MonoBleedingEdge/etc'
Using monoOptions --debugger-agent=transport=dt_socket,embedding=1,server=y,suspend=n,address=127.0.0.1:56460
Begin MonoManager ReloadAssembly
Registering precompiled unity dll's ...
Register platform support module: C:/Program Files/Unity/Hub/Editor/6000.0.41f1/Editor/Data/PlaybackEngines/WebGLSupport/UnityEditor.WebGL.Extensions.dll
Register platform support module: C:/Program Files/Unity/Hub/Editor/6000.0.41f1/Editor/Data/PlaybackEngines/WindowsStandaloneSupport/UnityEditor.WindowsStandalone.Extensions.dll
Registered in 1.428052 seconds.
- Loaded All Assemblies, in 29.263 seconds
Native extension for WindowsStandalone target not found
Native extension for WebGL target not found
Mono: successfully reloaded assembly
- Finished resetting the current domain, in  0.302 seconds
Domain Reload Profiling: 29563ms
	BeginReloadAssembly (22985ms)
		ExecutionOrderSort (0ms)
		DisableScriptedObjects (0ms)
		BackupInstance (0ms)
		ReleaseScriptingObjects (0ms)
		CreateAndSetChildDomain (1ms)
	RebuildCommonClasses (1326ms)
	RebuildNativeTypeToScriptingClass (9ms)
	initialDomainReloadingComplete (1473ms)
	LoadAllAssembliesAndSetupDomain (3468ms)
		LoadAssemblies (22995ms)
		RebuildTransferFunctionScriptingTraits (0ms)
		AnalyzeDomain (3452ms)
			TypeCache.Refresh (3450ms)
				TypeCache.ScanAssembly (2609ms)
			BuildScriptInfoCaches (0ms)
			ResolveRequiredComponents (1ms)
	FinalizeReload (302ms)
		ReleaseScriptCaches (0ms)
		RebuildScriptCaches (0ms)
		SetupLoadedEditorAssemblies (260ms)
			LogAssemblyErrors (0ms)
			InitializePlatformSupportModulesInManaged (23ms)
			SetLoadedEditorAssemblies (5ms)
			BeforeProcessingInitializeOnLoad (47ms)
			ProcessInitializeOnLoadAttributes (143ms)
			ProcessInitializeOnLoadMethodAttributes (42ms)
			AfterProcessingInitializeOnLoad (0ms)
			EditorAssembliesLoaded (0ms)
		ExecutionOrderSort2 (0ms)
		AwakeInstancesAfterBackupRestoration (0ms)
Assembly reference Packages/com.unity.cinemachine/Editor/Samples/ExposeHDRPInternals/HDRP-Editor-ref.asmref has no target assembly definition
========================================================================
Worker process is ready to serve import requests
Import Worker Mode flag is 0x00
Assembly reference Packages/com.unity.cinemachine/Editor/Samples/ExposeHDRPInternals/HDRP-Editor-ref.asmref has no target assembly definition
Assembly reference Packages/com.unity.cinemachine/Editor/Samples/ExposeHDRPInternals/HDRP-Editor-ref.asmref has no target assembly definition
Begin MonoManager ReloadAssembly
- Loaded All Assemblies, in 24.759 seconds
Assembly reference Packages/com.unity.cinemachine/Editor/Samples/ExposeHDRPInternals/HDRP-Editor-ref.asmref has no target assembly definition
'Packages/com.unity.cinemachine/Editor/Obsolete/CinemachineVirtualCameraBaseEditor.cs' contains partial class of Unity.Object, exactly 1 of the partial classes needs to be in a file with the same filename. This is to know the one that can be referenced from ie. GameObjects
'Packages/com.unity.cinemachine/Editor/Editors/CinemachineVirtualCameraBaseEditor.cs' contains partial class of Unity.Object, exactly 1 of the partial classes needs to be in a file with the same filename. This is to know the one that can be referenced from ie. GameObjects
Refreshing native plugins compatible for Editor in 0.84 ms, found 3 plugins.
Native extension for WindowsStandalone target not found
Native extension for WebGL target not found
Assembly reference Packages/com.unity.cinemachine/Editor/Samples/ExposeHDRPInternals/HDRP-Editor-ref.asmref has no target assembly definition
Package Manager log level set to [2]
[Package Manager] Failed to launch server process. Reason: Unity was launched with the -noUpm command-line argument
[Package Manager] Unable to send message (not connected to server process).
[Package Manager] Cannot connect to Unity Package Manager local server
System.Exception: Error! Visual Scripting: couldn't find visual scripting package
  at Unity.VisualScripting.PackageVersionUtility.get_version () [0x00025] in .\Library\PackageCache\com.unity.visualscripting@1b53f46e931b\Editor\VisualScripting.Core\Utilities\PackageVersionUtility.cs:22 
  at Unity.VisualScripting.BoltCoreManifest.get_version () [0x00000] in .\Library\PackageCache\com.unity.visualscripting@1b53f46e931b\Editor\VisualScripting.Core\Plugin\BoltCoreManifest.cs:11 
  at Unity.VisualScripting.PluginManifest.get_currentVersion () [0x00000] in .\Library\PackageCache\com.unity.visualscripting@1b53f46e931b\Editor\VisualScripting.Core\Plugins\PluginManifest.cs:33 
  at Unity.VisualScripting.PluginManifest.get_versionMismatch () [0x00000] in .\Library\PackageCache\com.unity.visualscripting@1b53f46e931b\Editor\VisualScripting.Core\Plugins\PluginManifest.cs:48 
  at Unity.VisualScripting.PluginContainer.Initialize () [0x0057d] in .\Library\PackageCache\com.unity.visualscripting@1b53f46e931b\Editor\VisualScripting.Core\Plugins\PluginContainer.cs:208 
  at Unity.VisualScripting.PluginContainer.InitializeOnLoad () [0x00012] in .\Library\PackageCache\com.unity.visualscripting@1b53f46e931b\Editor\VisualScripting.Core\Plugins\PluginContainer.cs:32 
  at Unity.VisualScripting.VSUsageUtility.DoInitializeOnLoadCalls () [0x00044] in .\Library\PackageCache\com.unity.visualscripting@1b53f46e931b\Editor\VisualScripting.Core\Utilities\VSUsageUtility.cs:76 
  at Unity.VisualScripting.VSUsageUtility.set_isVisualScriptingUsed (System.Boolean value) [0x00037] in .\Library\PackageCache\com.unity.visualscripting@1b53f46e931b\Editor\VisualScripting.Core\Utilities\VSUsageUtility.cs:114 
  at Unity.VisualScripting.VSUsageUtility.CheckAndSetIsVisualScriptingUsed () [0x0003f] in .\Library\PackageCache\com.unity.visualscripting@1b53f46e931b\Editor\VisualScripting.Core\Utilities\VSUsageUtility.cs:48 
  at Unity.VisualScripting.VSUsageUtility..cctor () [0x0000d] in .\Library\PackageCache\com.unity.visualscripting@1b53f46e931b\Editor\VisualScripting.Core\Utilities\VSUsageUtility.cs:22 
UnityEngine.Debug:ExtractStackTraceNoAlloc (byte*,int,string)
UnityEngine.StackTraceUtility:ExtractStackTrace ()
UnityEngine.DebugLogHandler:Internal_Log (UnityEngine.LogType,UnityEngine.LogOption,string,UnityEngine.Object)
UnityEngine.DebugLogHandler:LogFormat (UnityEngine.LogType,UnityEngine.Object,string,object[])
UnityEngine.Logger:Log (UnityEngine.LogType,object)
UnityEngine.Debug:LogError (object)
UnityEditor.EditorAssemblies:ProcessInitializeOnLoadAttributes (System.Type[])

Mono: successfully reloaded assembly
- Finished resetting the current domain, in  6.398 seconds
Domain Reload Profiling: 31153ms
	BeginReloadAssembly (152ms)
		ExecutionOrderSort (0ms)
		DisableScriptedObjects (5ms)
		BackupInstance (0ms)
		ReleaseScriptingObjects (0ms)
		CreateAndSetChildDomain (24ms)
	RebuildCommonClasses (30ms)
	RebuildNativeTypeToScriptingClass (10ms)
	initialDomainReloadingComplete (32ms)
	LoadAllAssembliesAndSetupDomain (24531ms)
		LoadAssemblies (23169ms)
		RebuildTransferFunctionScriptingTraits (0ms)
		AnalyzeDomain (1457ms)
			TypeCache.Refresh (1403ms)
				TypeCache.ScanAssembly (1245ms)
			BuildScriptInfoCaches (41ms)
			ResolveRequiredComponents (10ms)
	FinalizeReload (6399ms)
		ReleaseScriptCaches (0ms)
		RebuildScriptCaches (0ms)
		SetupLoadedEditorAssemblies (6298ms)
			LogAssemblyErrors (0ms)
			InitializePlatformSupportModulesInManaged (3ms)
			SetLoadedEditorAssemblies (7ms)
			BeforeProcessingInitializeOnLoad (152ms)
			ProcessInitializeOnLoadAttributes (6068ms)
			ProcessInitializeOnLoadMethodAttributes (62ms)
			AfterProcessingInitializeOnLoad (6ms)
			EditorAssembliesLoaded (0ms)
		ExecutionOrderSort2 (0ms)
		AwakeInstancesAfterBackupRestoration (6ms)
Launched and connected shader compiler UnityShaderCompiler.exe after 0.07 seconds
Refreshing native plugins compatible for Editor in 1.97 ms, found 3 plugins.
Preloading 0 native plugins for Editor in 0.00 ms.
Unloading 144 Unused Serialized files (Serialized files now loaded: 0)
Unloading 6415 unused Assets / (5.9 MB). Loaded Objects now: 7009.
Memory consumption went from 175.7 MB to 169.9 MB.
Total: 15.924400 ms (FindLiveObjects: 0.499800 ms CreateObjectMapping: 0.564200 ms MarkObjects: 12.119200 ms  DeleteObjects: 2.739600 ms)

========================================================================
Received Import Request.
  Time since last request: 421757.306734 seconds.
  path: Assets/AssedStore - Prefabs/LowpolyStyle/Shared FBX Meshes/JoshuaTree2.fbx
  artifactKey: Guid(9d7c9c8f9070f0844b46173b39552639) Importer(815301076,1909f56bfc062723c751e8b465ee728b)
Start importing Assets/AssedStore - Prefabs/LowpolyStyle/Shared FBX Meshes/JoshuaTree2.fbx using Guid(9d7c9c8f9070f0844b46173b39552639) Importer(815301076,1909f56bfc062723c751e8b465ee728b) (PreviewImporter) -> (artifact id: '3960ae97770eea1daf0dcf40e42cb365') in 0.1481116 seconds
Number of updated asset objects reloaded before import = 0Number of asset objects unloaded after import = 7

========================================================================
Received Import Request.
  Time since last request: 0.000025 seconds.
  path: Assets/AssedStore - Prefabs/LowpolyStyle/Shared FBX Meshes/Ladder.fbx
  artifactKey: Guid(7ddf7731641149041bfcfd617790bf9d) Importer(815301076,1909f56bfc062723c751e8b465ee728b)
Start importing Assets/AssedStore - Prefabs/LowpolyStyle/Shared FBX Meshes/Ladder.fbx using Guid(7ddf7731641149041bfcfd617790bf9d) Importer(815301076,1909f56bfc062723c751e8b465ee728b) (PreviewImporter) -> (artifact id: '1d191239141caea070d8f3a6d0a0de0d') in 0.0264725 seconds
Number of updated asset objects reloaded before import = 0Number of asset objects unloaded after import = 7

========================================================================
Received Import Request.
  Time since last request: 0.080200 seconds.
  path: Assets/AssedStore - Prefabs/LowpolyStyle/Shared FBX Meshes/MarketStandSmall.fbx
  artifactKey: Guid(b4ad66c5fd11a184581fe6c42ffcadd0) Importer(815301076,1909f56bfc062723c751e8b465ee728b)
Start importing Assets/AssedStore - Prefabs/LowpolyStyle/Shared FBX Meshes/MarketStandSmall.fbx using Guid(b4ad66c5fd11a184581fe6c42ffcadd0) Importer(815301076,1909f56bfc062723c751e8b465ee728b) (PreviewImporter) -> (artifact id: 'f041ca51887fca7ab2485518dc06c834') in 0.0252165 seconds
Number of updated asset objects reloaded before import = 0Number of asset objects unloaded after import = 9

========================================================================
Received Import Request.
  Time since last request: 0.000037 seconds.
  path: Assets/AssedStore - Prefabs/LowpolyStyle/Shared FBX Meshes/Mushroom.fbx
  artifactKey: Guid(fd282ab2a221afc4e817545bcad6c781) Importer(815301076,1909f56bfc062723c751e8b465ee728b)
Start importing Assets/AssedStore - Prefabs/LowpolyStyle/Shared FBX Meshes/Mushroom.fbx using Guid(fd282ab2a221afc4e817545bcad6c781) Importer(815301076,1909f56bfc062723c751e8b465ee728b) (PreviewImporter) -> (artifact id: '5fadb7915b8b18cc7fa9aa4b7392f40e') in 0.0331586 seconds
Number of updated asset objects reloaded before import = 0Number of asset objects unloaded after import = 7

========================================================================
Received Import Request.
  Time since last request: 0.000165 seconds.
  path: Assets/AssedStore - Prefabs/LowpolyStyle/Shared FBX Meshes/OldStoneWall.fbx
  artifactKey: Guid(77d2a70a159821845af6257a8131a10d) Importer(815301076,1909f56bfc062723c751e8b465ee728b)
Start importing Assets/AssedStore - Prefabs/LowpolyStyle/Shared FBX Meshes/OldStoneWall.fbx using Guid(77d2a70a159821845af6257a8131a10d) Importer(815301076,1909f56bfc062723c751e8b465ee728b) (PreviewImporter) -> (artifact id: '68edf0eb1646e36ecdcfdb06708869b0') in 0.0276899 seconds
Number of updated asset objects reloaded before import = 0Number of asset objects unloaded after import = 7

========================================================================
Received Import Request.
  Time since last request: 0.420425 seconds.
  path: Assets/AssedStore - Prefabs/LowpolyStyle/Shared FBX Meshes/OldWall3.fbx
  artifactKey: Guid(10ff524299e1e2a4bbb186556666ba22) Importer(815301076,1909f56bfc062723c751e8b465ee728b)
Start importing Assets/AssedStore - Prefabs/LowpolyStyle/Shared FBX Meshes/OldWall3.fbx using Guid(10ff524299e1e2a4bbb186556666ba22) Importer(815301076,1909f56bfc062723c751e8b465ee728b) (PreviewImporter) -> (artifact id: '91d802357fb899da6baa8a8661c7bbab') in 0.0239932 seconds
Number of updated asset objects reloaded before import = 0Number of asset objects unloaded after import = 7

========================================================================
Received Import Request.
  Time since last request: 0.313329 seconds.
  path: Assets/AssedStore - Prefabs/LowpolyStyle/Shared FBX Meshes/Reed.fbx
  artifactKey: Guid(bf957aaf2ea75894bb409dbeef75bf9f) Importer(815301076,1909f56bfc062723c751e8b465ee728b)
Start importing Assets/AssedStore - Prefabs/LowpolyStyle/Shared FBX Meshes/Reed.fbx using Guid(bf957aaf2ea75894bb409dbeef75bf9f) Importer(815301076,1909f56bfc062723c751e8b465ee728b) (PreviewImporter) -> (artifact id: '855889406597dc9534fc3f5e0c671bdc') in 0.0263982 seconds
Number of updated asset objects reloaded before import = 0Number of asset objects unloaded after import = 7

========================================================================
Received Import Request.
  Time since last request: 0.000307 seconds.
  path: Assets/AssedStore - Prefabs/LowpolyStyle/Shared FBX Meshes/RockGrey1_high.fbx
  artifactKey: Guid(2766b15eac00c3241ab4c21162b3ea8f) Importer(815301076,1909f56bfc062723c751e8b465ee728b)
Start importing Assets/AssedStore - Prefabs/LowpolyStyle/Shared FBX Meshes/RockGrey1_high.fbx using Guid(2766b15eac00c3241ab4c21162b3ea8f) Importer(815301076,1909f56bfc062723c751e8b465ee728b) (PreviewImporter) -> (artifact id: '8c1b3d24276a06cf4b67c7f8dfb53f71') in 0.0242945 seconds
Number of updated asset objects reloaded before import = 0Number of asset objects unloaded after import = 7

========================================================================
Received Import Request.
  Time since last request: 0.000118 seconds.
  path: Assets/AssedStore - Prefabs/LowpolyStyle/Shared FBX Meshes/RockGrey2.fbx
  artifactKey: Guid(ce4ee8a4ec05028438f869884f5fe613) Importer(815301076,1909f56bfc062723c751e8b465ee728b)
Start importing Assets/AssedStore - Prefabs/LowpolyStyle/Shared FBX Meshes/RockGrey2.fbx using Guid(ce4ee8a4ec05028438f869884f5fe613) Importer(815301076,1909f56bfc062723c751e8b465ee728b) (PreviewImporter) -> (artifact id: 'e4536e329dbc7c942218e3a735b1bf16') in 0.0242687 seconds
Number of updated asset objects reloaded before import = 0Number of asset objects unloaded after import = 7

========================================================================
Received Import Request.
  Time since last request: 0.209600 seconds.
  path: Assets/AssedStore - Prefabs/LowpolyStyle/Shared FBX Meshes/SaguaroCactus1.fbx
  artifactKey: Guid(639625ba0c7b2c44092001949f8476d9) Importer(815301076,1909f56bfc062723c751e8b465ee728b)
Start importing Assets/AssedStore - Prefabs/LowpolyStyle/Shared FBX Meshes/SaguaroCactus1.fbx using Guid(639625ba0c7b2c44092001949f8476d9) Importer(815301076,1909f56bfc062723c751e8b465ee728b) (PreviewImporter) -> (artifact id: '5312a51875188b5835c130bd6d0af576') in 0.0232611 seconds
Number of updated asset objects reloaded before import = 0Number of asset objects unloaded after import = 7

========================================================================
Received Import Request.
  Time since last request: 0.006076 seconds.
  path: Assets/AssedStore - Prefabs/LowpolyStyle/Shared FBX Meshes/SandduneHigh1.fbx
  artifactKey: Guid(cf3a9ae5895c9bb4dbef13dd7f4f5cf9) Importer(815301076,1909f56bfc062723c751e8b465ee728b)
Start importing Assets/AssedStore - Prefabs/LowpolyStyle/Shared FBX Meshes/SandduneHigh1.fbx using Guid(cf3a9ae5895c9bb4dbef13dd7f4f5cf9) Importer(815301076,1909f56bfc062723c751e8b465ee728b) (PreviewImporter) -> (artifact id: '4a09b13370a089cb1b2c9be1bf464163') in 0.0232606 seconds
Number of updated asset objects reloaded before import = 0Number of asset objects unloaded after import = 7

========================================================================
Received Import Request.
  Time since last request: 0.000092 seconds.
  path: Assets/AssedStore - Prefabs/LowpolyStyle/Shared FBX Meshes/SharpRock1.fbx
  artifactKey: Guid(2d6ff369533180647a7307ff69064a18) Importer(815301076,1909f56bfc062723c751e8b465ee728b)
Start importing Assets/AssedStore - Prefabs/LowpolyStyle/Shared FBX Meshes/SharpRock1.fbx using Guid(2d6ff369533180647a7307ff69064a18) Importer(815301076,1909f56bfc062723c751e8b465ee728b) (PreviewImporter) -> (artifact id: 'd3f1d9192c368f0b955fd68ade12b444') in 0.0205451 seconds
Number of updated asset objects reloaded before import = 0Number of asset objects unloaded after import = 7

========================================================================
Received Import Request.
  Time since last request: 0.000082 seconds.
  path: Assets/AssedStore - Prefabs/LowpolyStyle/Shared FBX Meshes/Signpost2.fbx
  artifactKey: Guid(8d1692ba6a10c5748a2258fa31e65001) Importer(815301076,1909f56bfc062723c751e8b465ee728b)
Start importing Assets/AssedStore - Prefabs/LowpolyStyle/Shared FBX Meshes/Signpost2.fbx using Guid(8d1692ba6a10c5748a2258fa31e65001) Importer(815301076,1909f56bfc062723c751e8b465ee728b) (PreviewImporter) -> (artifact id: '2f813a3c99149a8b47dea3fa7522fb2c') in 0.0219296 seconds
Number of updated asset objects reloaded before import = 0Number of asset objects unloaded after import = 7

========================================================================
Received Import Request.
  Time since last request: 0.246678 seconds.
  path: Assets/AssedStore - Prefabs/LowpolyStyle/Shared FBX Meshes/SnowyCliff.fbx
  artifactKey: Guid(d58035cf2d812f14e87ff985141c2165) Importer(815301076,1909f56bfc062723c751e8b465ee728b)
Start importing Assets/AssedStore - Prefabs/LowpolyStyle/Shared FBX Meshes/SnowyCliff.fbx using Guid(d58035cf2d812f14e87ff985141c2165) Importer(815301076,1909f56bfc062723c751e8b465ee728b) (PreviewImporter) -> (artifact id: '0082e66a0f91fffba0a2ab4668dd5d6a') in 0.0204086 seconds
Number of updated asset objects reloaded before import = 0Number of asset objects unloaded after import = 7

========================================================================
Received Import Request.
  Time since last request: 0.000221 seconds.
  path: Assets/AssedStore - Prefabs/LowpolyStyle/Shared FBX Meshes/SnowyDeadTree2.fbx
  artifactKey: Guid(3c53a06260c31434b9e47012f74ddf2a) Importer(815301076,1909f56bfc062723c751e8b465ee728b)
Start importing Assets/AssedStore - Prefabs/LowpolyStyle/Shared FBX Meshes/SnowyDeadTree2.fbx using Guid(3c53a06260c31434b9e47012f74ddf2a) Importer(815301076,1909f56bfc062723c751e8b465ee728b) (PreviewImporter) -> (artifact id: '877e341fe33cd2605e0bfdab977ee1bf') in 0.0206858 seconds
Number of updated asset objects reloaded before import = 0Number of asset objects unloaded after import = 7

========================================================================
Received Import Request.
  Time since last request: 0.000112 seconds.
  path: Assets/AssedStore - Prefabs/LowpolyStyle/Shared FBX Meshes/SnowyHouse1.fbx
  artifactKey: Guid(74b855d0438984847bfac0f0d484997e) Importer(815301076,1909f56bfc062723c751e8b465ee728b)
Start importing Assets/AssedStore - Prefabs/LowpolyStyle/Shared FBX Meshes/SnowyHouse1.fbx using Guid(74b855d0438984847bfac0f0d484997e) Importer(815301076,1909f56bfc062723c751e8b465ee728b) (PreviewImporter) -> (artifact id: '737f026c446d31faf22da77225a5655c') in 0.0261097 seconds
Number of updated asset objects reloaded before import = 0Number of asset objects unloaded after import = 7

========================================================================
Received Import Request.
  Time since last request: 0.214650 seconds.
  path: Assets/AssedStore - Prefabs/LowpolyStyle/Shared FBX Meshes/SnowyMarketStandSmall.fbx
  artifactKey: Guid(5e6936b05976fbe49990907669b46ab5) Importer(815301076,1909f56bfc062723c751e8b465ee728b)
Start importing Assets/AssedStore - Prefabs/LowpolyStyle/Shared FBX Meshes/SnowyMarketStandSmall.fbx using Guid(5e6936b05976fbe49990907669b46ab5) Importer(815301076,1909f56bfc062723c751e8b465ee728b) (PreviewImporter) -> (artifact id: '1136ad84789c9f29b59a93f3738c85e3') in 0.0254023 seconds
Number of updated asset objects reloaded before import = 0Number of asset objects unloaded after import = 9

========================================================================
Received Import Request.
  Time since last request: 0.000024 seconds.
  path: Assets/AssedStore - Prefabs/LowpolyStyle/Shared FBX Meshes/SnowyPierPole.fbx
  artifactKey: Guid(919df78c8d526cf4e9b9e05f41d538de) Importer(815301076,1909f56bfc062723c751e8b465ee728b)
Start importing Assets/AssedStore - Prefabs/LowpolyStyle/Shared FBX Meshes/SnowyPierPole.fbx using Guid(919df78c8d526cf4e9b9e05f41d538de) Importer(815301076,1909f56bfc062723c751e8b465ee728b) (PreviewImporter) -> (artifact id: '7e0f67b8782f79fa678ea14464486941') in 0.0239108 seconds
Number of updated asset objects reloaded before import = 0Number of asset objects unloaded after import = 7

========================================================================
Received Import Request.
  Time since last request: 0.000012 seconds.
  path: Assets/AssedStore - Prefabs/LowpolyStyle/Shared FBX Meshes/SnowyPier.fbx
  artifactKey: Guid(db317c5bf5ce8fd418718bb2b329e736) Importer(815301076,1909f56bfc062723c751e8b465ee728b)
Start importing Assets/AssedStore - Prefabs/LowpolyStyle/Shared FBX Meshes/SnowyPier.fbx using Guid(db317c5bf5ce8fd418718bb2b329e736) Importer(815301076,1909f56bfc062723c751e8b465ee728b) (PreviewImporter) -> (artifact id: '44255d970836f35c1e92019342b91bdb') in 0.0234925 seconds
Number of updated asset objects reloaded before import = 0Number of asset objects unloaded after import = 7

========================================================================
Received Import Request.
  Time since last request: 0.206279 seconds.
  path: Assets/AssedStore - Prefabs/LowpolyStyle/Shared FBX Meshes/SnowySignpost.fbx
  artifactKey: Guid(22fa8597f3b59ce409bfef2766829448) Importer(815301076,1909f56bfc062723c751e8b465ee728b)
Start importing Assets/AssedStore - Prefabs/LowpolyStyle/Shared FBX Meshes/SnowySignpost.fbx using Guid(22fa8597f3b59ce409bfef2766829448) Importer(815301076,1909f56bfc062723c751e8b465ee728b) (PreviewImporter) -> (artifact id: '3dc6b137fefd7d7273786e5818edfe00') in 0.0263213 seconds
Number of updated asset objects reloaded before import = 0Number of asset objects unloaded after import = 7

========================================================================
Received Import Request.
  Time since last request: 0.001071 seconds.
  path: Assets/AssedStore - Prefabs/LowpolyStyle/Shared FBX Meshes/SnowyTownHouse1.fbx
  artifactKey: Guid(b0d9ffaff3907514084d51d8957feb6f) Importer(815301076,1909f56bfc062723c751e8b465ee728b)
Start importing Assets/AssedStore - Prefabs/LowpolyStyle/Shared FBX Meshes/SnowyTownHouse1.fbx using Guid(b0d9ffaff3907514084d51d8957feb6f) Importer(815301076,1909f56bfc062723c751e8b465ee728b) (PreviewImporter) -> (artifact id: '7e7293f600b5d816f4ae7e3bfbab8d74') in 0.0244759 seconds
Number of updated asset objects reloaded before import = 0Number of asset objects unloaded after import = 7

========================================================================
Received Import Request.
  Time since last request: 0.000016 seconds.
  path: Assets/AssedStore - Prefabs/LowpolyStyle/Shared FBX Meshes/SnowyTownHouse2.fbx
  artifactKey: Guid(fae7d72bb96b48147b9beb612f53d5c9) Importer(815301076,1909f56bfc062723c751e8b465ee728b)
Start importing Assets/AssedStore - Prefabs/LowpolyStyle/Shared FBX Meshes/SnowyTownHouse2.fbx using Guid(fae7d72bb96b48147b9beb612f53d5c9) Importer(815301076,1909f56bfc062723c751e8b465ee728b) (PreviewImporter) -> (artifact id: '79f54ac8d42ce29d66b9f667feaa287a') in 0.0228151 seconds
Number of updated asset objects reloaded before import = 0Number of asset objects unloaded after import = 7

========================================================================
Received Import Request.
  Time since last request: 0.000379 seconds.
  path: Assets/AssedStore - Prefabs/LowpolyStyle/Shared FBX Meshes/SnowyTreeStump.fbx
  artifactKey: Guid(21265a9ccba25cf4e9d3f3bd90873005) Importer(815301076,1909f56bfc062723c751e8b465ee728b)
Start importing Assets/AssedStore - Prefabs/LowpolyStyle/Shared FBX Meshes/SnowyTreeStump.fbx using Guid(21265a9ccba25cf4e9d3f3bd90873005) Importer(815301076,1909f56bfc062723c751e8b465ee728b) (PreviewImporter) -> (artifact id: '912578330dea72300131864c9bf074f0') in 0.0229917 seconds
Number of updated asset objects reloaded before import = 0Number of asset objects unloaded after import = 7

========================================================================
Received Import Request.
  Time since last request: 0.239024 seconds.
  path: Assets/AssedStore - Prefabs/LowpolyStyle/Shared FBX Meshes/StonePath.fbx
  artifactKey: Guid(ac0fe3bec9cb7b84eb269177d2d958a4) Importer(815301076,1909f56bfc062723c751e8b465ee728b)
Start importing Assets/AssedStore - Prefabs/LowpolyStyle/Shared FBX Meshes/StonePath.fbx using Guid(ac0fe3bec9cb7b84eb269177d2d958a4) Importer(815301076,1909f56bfc062723c751e8b465ee728b) (PreviewImporter) -> (artifact id: '8fd00f914204d1847ddb42ead59bd735') in 0.0231936 seconds
Number of updated asset objects reloaded before import = 0Number of asset objects unloaded after import = 7

========================================================================
Received Import Request.
  Time since last request: 0.000015 seconds.
  path: Assets/AssedStore - Prefabs/LowpolyStyle/Shared FBX Meshes/TorchBig.fbx
  artifactKey: Guid(3eb9d0f32dc15a5418944a7c7c19f997) Importer(815301076,1909f56bfc062723c751e8b465ee728b)
Start importing Assets/AssedStore - Prefabs/LowpolyStyle/Shared FBX Meshes/TorchBig.fbx using Guid(3eb9d0f32dc15a5418944a7c7c19f997) Importer(815301076,1909f56bfc062723c751e8b465ee728b) (PreviewImporter) -> (artifact id: 'f1d6f5917a521545dc3fca07465b8eba') in 0.0229832 seconds
Number of updated asset objects reloaded before import = 0Number of asset objects unloaded after import = 7

========================================================================
Received Import Request.
  Time since last request: 0.000015 seconds.
  path: Assets/AssedStore - Prefabs/LowpolyStyle/Shared FBX Meshes/Tent1.fbx
  artifactKey: Guid(305bd4b8902fd974fa30361c5ed6ea76) Importer(815301076,1909f56bfc062723c751e8b465ee728b)
Start importing Assets/AssedStore - Prefabs/LowpolyStyle/Shared FBX Meshes/Tent1.fbx using Guid(305bd4b8902fd974fa30361c5ed6ea76) Importer(815301076,1909f56bfc062723c751e8b465ee728b) (PreviewImporter) -> (artifact id: '528361e4c03b2de81671f14460a646e6') in 0.0248315 seconds
Number of updated asset objects reloaded before import = 0Number of asset objects unloaded after import = 7

========================================================================
Received Import Request.
  Time since last request: 0.013748 seconds.
  path: Assets/AssedStore - Prefabs/LowpolyStyle/Shared FBX Meshes/Tree2.fbx
  artifactKey: Guid(48ccd8ecdeab55a40b290f9be1faece9) Importer(815301076,1909f56bfc062723c751e8b465ee728b)
Start importing Assets/AssedStore - Prefabs/LowpolyStyle/Shared FBX Meshes/Tree2.fbx using Guid(48ccd8ecdeab55a40b290f9be1faece9) Importer(815301076,1909f56bfc062723c751e8b465ee728b) (PreviewImporter) -> (artifact id: '16d19a8f6a92791dbd54d35fb9aecdfa') in 0.0273033 seconds
Number of updated asset objects reloaded before import = 0Number of asset objects unloaded after import = 7

========================================================================
Received Import Request.
  Time since last request: 0.204286 seconds.
  path: Assets/AssedStore - Prefabs/LowpolyStyle/Shared FBX Meshes/TreeDead2.fbx
  artifactKey: Guid(dc24a7c5f5d5f084495c6fd9747ca5a9) Importer(815301076,1909f56bfc062723c751e8b465ee728b)
Start importing Assets/AssedStore - Prefabs/LowpolyStyle/Shared FBX Meshes/TreeDead2.fbx using Guid(dc24a7c5f5d5f084495c6fd9747ca5a9) Importer(815301076,1909f56bfc062723c751e8b465ee728b) (PreviewImporter) -> (artifact id: '412d2e150d30dfc490f37016cc42eb51') in 0.0243485 seconds
Number of updated asset objects reloaded before import = 0Number of asset objects unloaded after import = 7

========================================================================
Received Import Request.
  Time since last request: 0.000142 seconds.
  path: Assets/AssedStore - Prefabs/LowpolyStyle/Shared FBX Meshes/TreeTrunk1.fbx
  artifactKey: Guid(009cdebfd226efb418e3ec72f9a3497e) Importer(815301076,1909f56bfc062723c751e8b465ee728b)
Start importing Assets/AssedStore - Prefabs/LowpolyStyle/Shared FBX Meshes/TreeTrunk1.fbx using Guid(009cdebfd226efb418e3ec72f9a3497e) Importer(815301076,1909f56bfc062723c751e8b465ee728b) (PreviewImporter) -> (artifact id: 'bffedf0e5876d44705ccb9e6a71feac3') in 0.0243834 seconds
Number of updated asset objects reloaded before import = 0Number of asset objects unloaded after import = 7

========================================================================
Received Import Request.
  Time since last request: 0.000191 seconds.
  path: Assets/AssedStore - Prefabs/LowpolyStyle/Shared FBX Meshes/Wagon.fbx
  artifactKey: Guid(12a7f0a6b0b0b874c97ef1db09c21235) Importer(815301076,1909f56bfc062723c751e8b465ee728b)
Start importing Assets/AssedStore - Prefabs/LowpolyStyle/Shared FBX Meshes/Wagon.fbx using Guid(12a7f0a6b0b0b874c97ef1db09c21235) Importer(815301076,1909f56bfc062723c751e8b465ee728b) (PreviewImporter) -> (artifact id: '422fb0dd579b2440e2293bc07bbcc019') in 0.0219418 seconds
Number of updated asset objects reloaded before import = 0Number of asset objects unloaded after import = 7

========================================================================
Received Import Request.
  Time since last request: 0.000023 seconds.
  path: Assets/AssedStore - Prefabs/LowpolyStyle/Shared FBX Meshes/Well.fbx
  artifactKey: Guid(87a854d2f0f6537469b8118e4696deaa) Importer(815301076,1909f56bfc062723c751e8b465ee728b)
Start importing Assets/AssedStore - Prefabs/LowpolyStyle/Shared FBX Meshes/Well.fbx using Guid(87a854d2f0f6537469b8118e4696deaa) Importer(815301076,1909f56bfc062723c751e8b465ee728b) (PreviewImporter) -> (artifact id: '609067876f659f632f9e7a9b62fdfb11') in 0.0270246 seconds
Number of updated asset objects reloaded before import = 0Number of asset objects unloaded after import = 7

========================================================================
Received Import Request.
  Time since last request: 0.204412 seconds.
  path: Assets/AssedStore - Prefabs/LowpolyStyle/Shared FBX Meshes/WoodenHouse3.fbx
  artifactKey: Guid(038e1d40bcc666e4695e6fbab4067229) Importer(815301076,1909f56bfc062723c751e8b465ee728b)
Start importing Assets/AssedStore - Prefabs/LowpolyStyle/Shared FBX Meshes/WoodenHouse3.fbx using Guid(038e1d40bcc666e4695e6fbab4067229) Importer(815301076,1909f56bfc062723c751e8b465ee728b) (PreviewImporter) -> (artifact id: '7f01fda3f7957a9d7da696446def5335') in 0.0280383 seconds
Number of updated asset objects reloaded before import = 0Number of asset objects unloaded after import = 7

========================================================================
Received Import Request.
  Time since last request: 0.000032 seconds.
  path: Assets/AssedStore - Prefabs/LowpolyStyle/Shared FBX Meshes/WoodenWall1.fbx
  artifactKey: Guid(bee6baaa3123d3e43b238f3fe8ef23fb) Importer(815301076,1909f56bfc062723c751e8b465ee728b)
Start importing Assets/AssedStore - Prefabs/LowpolyStyle/Shared FBX Meshes/WoodenWall1.fbx using Guid(bee6baaa3123d3e43b238f3fe8ef23fb) Importer(815301076,1909f56bfc062723c751e8b465ee728b) (PreviewImporter) -> (artifact id: '97c7f43ff30c5fdbf007a57601baf420') in 0.0250229 seconds
Number of updated asset objects reloaded before import = 0Number of asset objects unloaded after import = 7

========================================================================
Received Import Request.
  Time since last request: 0.000243 seconds.
  path: Assets/AssedStore - Prefabs/LowpolyStyle/Shared FBX Meshes/WoodenWall_TowerShort.fbx
  artifactKey: Guid(7fe8f840e03a1ae448c5e6505f7f7925) Importer(815301076,1909f56bfc062723c751e8b465ee728b)
Start importing Assets/AssedStore - Prefabs/LowpolyStyle/Shared FBX Meshes/WoodenWall_TowerShort.fbx using Guid(7fe8f840e03a1ae448c5e6505f7f7925) Importer(815301076,1909f56bfc062723c751e8b465ee728b) (PreviewImporter) -> (artifact id: 'fe5cdbce7ebfbf4fa3493a9d13c3f0b6') in 0.0265088 seconds
Number of updated asset objects reloaded before import = 0Number of asset objects unloaded after import = 7

========================================================================
Received Import Request.
  Time since last request: 0.000025 seconds.
  path: Assets/AssedStore - Prefabs/LowpolyStyle/Shared FBX Meshes/WoodenTable.fbx
  artifactKey: Guid(2a9a707543ecfbb419000687db0b1e89) Importer(815301076,1909f56bfc062723c751e8b465ee728b)
Start importing Assets/AssedStore - Prefabs/LowpolyStyle/Shared FBX Meshes/WoodenTable.fbx using Guid(2a9a707543ecfbb419000687db0b1e89) Importer(815301076,1909f56bfc062723c751e8b465ee728b) (PreviewImporter) -> (artifact id: '9e9a9470ec9b58f856520a9d9bd7b90d') in 0.0265867 seconds
Number of updated asset objects reloaded before import = 0Number of asset objects unloaded after import = 7

========================================================================
Received Import Request.
  Time since last request: 4.970829 seconds.
  path: Assets/AssedStore - Prefabs/LowpolyStyle/Desert/Prefabs/CookingFireplace.prefab
  artifactKey: Guid(a0df47329a427514e90f8a03566796f6) Importer(815301076,1909f56bfc062723c751e8b465ee728b)
Start importing Assets/AssedStore - Prefabs/LowpolyStyle/Desert/Prefabs/CookingFireplace.prefab using Guid(a0df47329a427514e90f8a03566796f6) Importer(815301076,1909f56bfc062723c751e8b465ee728b) (PreviewImporter) -> (artifact id: 'bc3d911ced3dfb2fa54f53932c11cf43') in 0.0333287 seconds
Number of updated asset objects reloaded before import = 0Number of asset objects unloaded after import = 22

========================================================================
Received Import Request.
  Time since last request: 0.003318 seconds.
  path: Assets/AssedStore - Prefabs/LowpolyStyle/Desert/Prefabs/DoubleRockShape.prefab
  artifactKey: Guid(278cc4849eb817c4e8bad76c42f0a575) Importer(815301076,1909f56bfc062723c751e8b465ee728b)
Start importing Assets/AssedStore - Prefabs/LowpolyStyle/Desert/Prefabs/DoubleRockShape.prefab using Guid(278cc4849eb817c4e8bad76c42f0a575) Importer(815301076,1909f56bfc062723c751e8b465ee728b) (PreviewImporter) -> (artifact id: 'aad523a1ac039b1efa7ede0f15fd8198') in 0.027494 seconds
Number of updated asset objects reloaded before import = 0Number of asset objects unloaded after import = 10

========================================================================
Received Import Request.
  Time since last request: 0.000017 seconds.
  path: Assets/AssedStore - Prefabs/LowpolyStyle/Desert/Prefabs/JoshuaTree1.prefab
  artifactKey: Guid(f8ceb3e0379644246b0e8d19a662b00a) Importer(815301076,1909f56bfc062723c751e8b465ee728b)
Start importing Assets/AssedStore - Prefabs/LowpolyStyle/Desert/Prefabs/JoshuaTree1.prefab using Guid(f8ceb3e0379644246b0e8d19a662b00a) Importer(815301076,1909f56bfc062723c751e8b465ee728b) (PreviewImporter) -> (artifact id: '3f406510ff4d63880071bc5c58b96fab') in 0.0272298 seconds
Number of updated asset objects reloaded before import = 0Number of asset objects unloaded after import = 11

========================================================================
Received Import Request.
  Time since last request: 0.000023 seconds.
  path: Assets/AssedStore - Prefabs/LowpolyStyle/Desert/Prefabs/OldWall2.prefab
  artifactKey: Guid(e43c5b775bf206f4c9cd943f86683472) Importer(815301076,1909f56bfc062723c751e8b465ee728b)
Start importing Assets/AssedStore - Prefabs/LowpolyStyle/Desert/Prefabs/OldWall2.prefab using Guid(e43c5b775bf206f4c9cd943f86683472) Importer(815301076,1909f56bfc062723c751e8b465ee728b) (PreviewImporter) -> (artifact id: '87d9dd9ec0a6ccf2cd45868c03f04d3f') in 0.0267862 seconds
Number of updated asset objects reloaded before import = 0Number of asset objects unloaded after import = 10

========================================================================
Received Import Request.
  Time since last request: 0.000017 seconds.
  path: Assets/AssedStore - Prefabs/LowpolyStyle/Desert/Prefabs/DoubleRockShape_High.prefab
  artifactKey: Guid(81aeb14471524ed47b32909b911cacf4) Importer(815301076,1909f56bfc062723c751e8b465ee728b)
Start importing Assets/AssedStore - Prefabs/LowpolyStyle/Desert/Prefabs/DoubleRockShape_High.prefab using Guid(81aeb14471524ed47b32909b911cacf4) Importer(815301076,1909f56bfc062723c751e8b465ee728b) (PreviewImporter) -> (artifact id: '7d8affe130f9dcf7668af03a3b99cf69') in 0.0269478 seconds
Number of updated asset objects reloaded before import = 0Number of asset objects unloaded after import = 10

========================================================================
Received Import Request.
  Time since last request: 0.000018 seconds.
  path: Assets/AssedStore - Prefabs/LowpolyStyle/Desert/Prefabs/JoshuaTree2.prefab
  artifactKey: Guid(a87fd4cf05f690949b7c5207aa30e5e7) Importer(815301076,1909f56bfc062723c751e8b465ee728b)
Start importing Assets/AssedStore - Prefabs/LowpolyStyle/Desert/Prefabs/JoshuaTree2.prefab using Guid(a87fd4cf05f690949b7c5207aa30e5e7) Importer(815301076,1909f56bfc062723c751e8b465ee728b) (PreviewImporter) -> (artifact id: '86f5282959ac5f6d28d68f7b95d54c1c') in 0.0197659 seconds
Number of updated asset objects reloaded before import = 0Number of asset objects unloaded after import = 11

========================================================================
Received Import Request.
  Time since last request: 0.000029 seconds.
  path: Assets/AssedStore - Prefabs/LowpolyStyle/Desert/Prefabs/Fence1.prefab
  artifactKey: Guid(c4d10e880f8a18b499138fb07d6f4212) Importer(815301076,1909f56bfc062723c751e8b465ee728b)
Start importing Assets/AssedStore - Prefabs/LowpolyStyle/Desert/Prefabs/Fence1.prefab using Guid(c4d10e880f8a18b499138fb07d6f4212) Importer(815301076,1909f56bfc062723c751e8b465ee728b) (PreviewImporter) -> (artifact id: '7c2f05318251787659502b40f97877d9') in 0.0167134 seconds
Number of updated asset objects reloaded before import = 0Number of asset objects unloaded after import = 10

========================================================================
Received Import Request.
  Time since last request: 17.354773 seconds.
  path: Assets/AssedStore - Prefabs/LowpolyStyle/Arctic Tundra/Prefabs/Cart.prefab
  artifactKey: Guid(70d2317802f026a429ed5f40de3c6b76) Importer(815301076,1909f56bfc062723c751e8b465ee728b)
Start importing Assets/AssedStore - Prefabs/LowpolyStyle/Arctic Tundra/Prefabs/Cart.prefab using Guid(70d2317802f026a429ed5f40de3c6b76) Importer(815301076,1909f56bfc062723c751e8b465ee728b) (PreviewImporter) -> (artifact id: '79537ecffe8662a0ad31896fec4db538') in 0.0280613 seconds
Number of updated asset objects reloaded before import = 0Number of asset objects unloaded after import = 10

========================================================================
Received Import Request.
  Time since last request: 0.000205 seconds.
  path: Assets/AssedStore - Prefabs/LowpolyStyle/Arctic Tundra/Prefabs/MarketStand.prefab
  artifactKey: Guid(b81eb6155720bb545892316d39eaa305) Importer(815301076,1909f56bfc062723c751e8b465ee728b)
Start importing Assets/AssedStore - Prefabs/LowpolyStyle/Arctic Tundra/Prefabs/MarketStand.prefab using Guid(b81eb6155720bb545892316d39eaa305) Importer(815301076,1909f56bfc062723c751e8b465ee728b) (PreviewImporter) -> (artifact id: '9d72cf9968d280e9144cac8c4fb2e6e8') in 0.0222686 seconds
Number of updated asset objects reloaded before import = 0Number of asset objects unloaded after import = 14

========================================================================
Received Import Request.
  Time since last request: 0.000017 seconds.
  path: Assets/AssedStore - Prefabs/LowpolyStyle/Arctic Tundra/Prefabs/SnowyBarrels3.prefab
  artifactKey: Guid(f9677ab3f01b6be44802c8775918ce03) Importer(815301076,1909f56bfc062723c751e8b465ee728b)
Start importing Assets/AssedStore - Prefabs/LowpolyStyle/Arctic Tundra/Prefabs/SnowyBarrels3.prefab using Guid(f9677ab3f01b6be44802c8775918ce03) Importer(815301076,1909f56bfc062723c751e8b465ee728b) (PreviewImporter) -> (artifact id: '9cd4020875e53b77d3caa962236457a0') in 0.0270103 seconds
Number of updated asset objects reloaded before import = 0Number of asset objects unloaded after import = 10

========================================================================
Received Import Request.
  Time since last request: 0.000014 seconds.
  path: Assets/AssedStore - Prefabs/LowpolyStyle/Arctic Tundra/Prefabs/SnowyHouse1.prefab
  artifactKey: Guid(976334b832997084984a450972d36956) Importer(815301076,1909f56bfc062723c751e8b465ee728b)
Start importing Assets/AssedStore - Prefabs/LowpolyStyle/Arctic Tundra/Prefabs/SnowyHouse1.prefab using Guid(976334b832997084984a450972d36956) Importer(815301076,1909f56bfc062723c751e8b465ee728b) (PreviewImporter) -> (artifact id: '5e2b205343be276f4aeb37a1951557c2') in 0.0271879 seconds
Number of updated asset objects reloaded before import = 0Number of asset objects unloaded after import = 10

========================================================================
Received Import Request.
  Time since last request: 0.000015 seconds.
  path: Assets/AssedStore - Prefabs/LowpolyStyle/Arctic Tundra/Prefabs/SnowyMarketStand.prefab
  artifactKey: Guid(55fe0e410f2194a47adf278fe59cf437) Importer(815301076,1909f56bfc062723c751e8b465ee728b)
Start importing Assets/AssedStore - Prefabs/LowpolyStyle/Arctic Tundra/Prefabs/SnowyMarketStand.prefab using Guid(55fe0e410f2194a47adf278fe59cf437) Importer(815301076,1909f56bfc062723c751e8b465ee728b) (PreviewImporter) -> (artifact id: '5e209133b13cdfd2f43bd6f8de489e11') in 0.0285829 seconds
Number of updated asset objects reloaded before import = 0Number of asset objects unloaded after import = 12

========================================================================
Received Import Request.
  Time since last request: 0.000027 seconds.
  path: Assets/AssedStore - Prefabs/LowpolyStyle/Arctic Tundra/Prefabs/IceFloeLow.prefab
  artifactKey: Guid(9f7e5b070b5ac5c48af67b1642c462c0) Importer(815301076,1909f56bfc062723c751e8b465ee728b)
Start importing Assets/AssedStore - Prefabs/LowpolyStyle/Arctic Tundra/Prefabs/IceFloeLow.prefab using Guid(9f7e5b070b5ac5c48af67b1642c462c0) Importer(815301076,1909f56bfc062723c751e8b465ee728b) (PreviewImporter) -> (artifact id: '23766bb1a0fd35b3160ef72df3eb19df') in 0.0334279 seconds
Number of updated asset objects reloaded before import = 0Number of asset objects unloaded after import = 10

Editor requested this worker to shutdown with reason: Scaling down because of idle timeout
AssetImportWorker is now disconnected from the server
Process exiting
Exiting without the bug reporter. Application will terminate with return code 0