Using pre-set license
Built from '6000.0/staging' branch; Version is '6000.0.41f1 (46e447368a18) revision 4645959'; Using compiler version '193933523'; Build Type 'Release'
OS: 'Windows 11  (10.0.26100) 64bit Core' Language: 'ru' Physical Memory: 16070 MB
BatchMode: 1, IsHumanControllingUs: 0, StartBugReporterOnCrash: 0, Is64bit: 1, IsPro: 1

COMMAND LINE ARGUMENTS:
C:\Program Files\Unity\Hub\Editor\6000.0.41f1\Editor\Unity.exe
-adb2
-batchMode
-noUpm
-name
AssetImportWorker7
-projectPath
C:/Game_Unity_Car-2/Car-2/Game_Car-2
-logFile
Logs/AssetImportWorker7.log
-srvPort
57734
-job-worker-count
7
-background-job-worker-count
8
-gc-helper-count
1
Successfully changed project path to: C:/Game_Unity_Car-2/Car-2/Game_Car-2
C:/Game_Unity_Car-2/Car-2/Game_Car-2
[UnityMemory] Configuration Parameters - Can be set up in boot.config
    "memorysetup-bucket-allocator-granularity=16"
    "memorysetup-bucket-allocator-bucket-count=8"
    "memorysetup-bucket-allocator-block-size=33554432"
    "memorysetup-bucket-allocator-block-count=8"
    "memorysetup-main-allocator-block-size=16777216"
    "memorysetup-thread-allocator-block-size=16777216"
    "memorysetup-gfx-main-allocator-block-size=16777216"
    "memorysetup-gfx-thread-allocator-block-size=16777216"
    "memorysetup-cache-allocator-block-size=4194304"
    "memorysetup-typetree-allocator-block-size=2097152"
    "memorysetup-profiler-bucket-allocator-granularity=16"
    "memorysetup-profiler-bucket-allocator-bucket-count=8"
    "memorysetup-profiler-bucket-allocator-block-size=33554432"
    "memorysetup-profiler-bucket-allocator-block-count=8"
    "memorysetup-profiler-allocator-block-size=16777216"
    "memorysetup-profiler-editor-allocator-block-size=1048576"
    "memorysetup-temp-allocator-size-main=16777216"
    "memorysetup-job-temp-allocator-block-size=2097152"
    "memorysetup-job-temp-allocator-block-size-background=1048576"
    "memorysetup-job-temp-allocator-reduction-small-platforms=262144"
    "memorysetup-allocator-temp-initial-block-size-main=262144"
    "memorysetup-allocator-temp-initial-block-size-worker=262144"
    "memorysetup-temp-allocator-size-background-worker=32768"
    "memorysetup-temp-allocator-size-job-worker=262144"
    "memorysetup-temp-allocator-size-preload-manager=33554432"
    "memorysetup-temp-allocator-size-nav-mesh-worker=65536"
    "memorysetup-temp-allocator-size-audio-worker=65536"
    "memorysetup-temp-allocator-size-cloud-worker=32768"
    "memorysetup-temp-allocator-size-gi-baking-worker=262144"
    "memorysetup-temp-allocator-size-gi-baking-worker=262144"
    "memorysetup-temp-allocator-size-gi-baking-worker=262144"
    "memorysetup-temp-allocator-size-gi-baking-worker=262144"
    "memorysetup-temp-allocator-size-gi-baking-worker=262144"
    "memorysetup-temp-allocator-size-gfx=262144"
Player connection [33288]  Target information:

Player connection [33288]  * "[IP] 192.168.1.24 [Port] 0 [Flags] 2 [Guid] 1068265463 [EditorId] 1068265463 [Version] 1048832 [Id] WindowsEditor(7,LAPTOP-TS10LTIF) [Debug] 1 [PackageName] WindowsEditor [ProjectName] Editor" 

Player connection [33288] Host joined multi-casting on [225.0.0.222:54997]...
Player connection [33288] Host joined alternative multi-casting on [225.0.0.222:34997]...
JobSystem: Creating JobQueue using job-worker-count value 7
Input System module state changed to: Initialized.
[Physics::Module] Initialized fallback backend.
[Physics::Module] Id: 0xdecafbad
Library Redirect Path: Library/
[Physics::Module] Selected backend.
[Physics::Module] Name: PhysX
[Physics::Module] Id: 0xf2b8ea05
[Physics::Module] SDK Version: 4.1.2
[Physics::Module] Integration Version: 1.0.0
[Physics::Module] Threading Mode: Multi-Threaded
Refreshing native plugins compatible for Editor in 1.50 ms, found 3 plugins.
Preloading 0 native plugins for Editor in 0.00 ms.
Initialize engine version: 6000.0.41f1 (46e447368a18)
[Subsystems] Discovering subsystems at path C:/Program Files/Unity/Hub/Editor/6000.0.41f1/Editor/Data/Resources/UnitySubsystems
[Subsystems] Discovering subsystems at path C:/Game_Unity_Car-2/Car-2/Game_Car-2/Assets
GfxDevice: creating device client; kGfxThreadingModeNonThreaded
Direct3D:
    Version:  Direct3D 11.0 [level 11.1]
    Renderer: NVIDIA GeForce RTX 4060 Laptop GPU (ID=0x28a0)
    Vendor:   NVIDIA
    VRAM:     7957 MB
    Driver:   32.0.15.6590
Initialize mono
Mono path[0] = 'C:/Program Files/Unity/Hub/Editor/6000.0.41f1/Editor/Data/Managed'
Mono path[1] = 'C:/Program Files/Unity/Hub/Editor/6000.0.41f1/Editor/Data/MonoBleedingEdge/lib/mono/unityjit-win32'
Mono config path = 'C:/Program Files/Unity/Hub/Editor/6000.0.41f1/Editor/Data/MonoBleedingEdge/etc'
Using monoOptions --debugger-agent=transport=dt_socket,embedding=1,server=y,suspend=n,address=127.0.0.1:56160
Begin MonoManager ReloadAssembly
Registering precompiled unity dll's ...
Register platform support module: C:/Program Files/Unity/Hub/Editor/6000.0.41f1/Editor/Data/PlaybackEngines/WebGLSupport/UnityEditor.WebGL.Extensions.dll
Register platform support module: C:/Program Files/Unity/Hub/Editor/6000.0.41f1/Editor/Data/PlaybackEngines/WindowsStandaloneSupport/UnityEditor.WindowsStandalone.Extensions.dll
Registered in 0.005558 seconds.
- Loaded All Assemblies, in  0.373 seconds
Native extension for WindowsStandalone target not found
Native extension for WebGL target not found
Mono: successfully reloaded assembly
- Finished resetting the current domain, in  0.283 seconds
Domain Reload Profiling: 654ms
	BeginReloadAssembly (122ms)
		ExecutionOrderSort (0ms)
		DisableScriptedObjects (0ms)
		BackupInstance (0ms)
		ReleaseScriptingObjects (0ms)
		CreateAndSetChildDomain (1ms)
	RebuildCommonClasses (33ms)
	RebuildNativeTypeToScriptingClass (10ms)
	initialDomainReloadingComplete (43ms)
	LoadAllAssembliesAndSetupDomain (164ms)
		LoadAssemblies (120ms)
		RebuildTransferFunctionScriptingTraits (0ms)
		AnalyzeDomain (161ms)
			TypeCache.Refresh (159ms)
				TypeCache.ScanAssembly (145ms)
			BuildScriptInfoCaches (0ms)
			ResolveRequiredComponents (0ms)
	FinalizeReload (283ms)
		ReleaseScriptCaches (0ms)
		RebuildScriptCaches (0ms)
		SetupLoadedEditorAssemblies (240ms)
			LogAssemblyErrors (0ms)
			InitializePlatformSupportModulesInManaged (21ms)
			SetLoadedEditorAssemblies (5ms)
			BeforeProcessingInitializeOnLoad (51ms)
			ProcessInitializeOnLoadAttributes (124ms)
			ProcessInitializeOnLoadMethodAttributes (39ms)
			AfterProcessingInitializeOnLoad (0ms)
			EditorAssembliesLoaded (0ms)
		ExecutionOrderSort2 (0ms)
		AwakeInstancesAfterBackupRestoration (0ms)
Assembly reference Packages/com.unity.cinemachine/Editor/Samples/ExposeHDRPInternals/HDRP-Editor-ref.asmref has no target assembly definition
========================================================================
Worker process is ready to serve import requests
Import Worker Mode flag is 0x00
Assembly reference Packages/com.unity.cinemachine/Editor/Samples/ExposeHDRPInternals/HDRP-Editor-ref.asmref has no target assembly definition
Assembly reference Packages/com.unity.cinemachine/Editor/Samples/ExposeHDRPInternals/HDRP-Editor-ref.asmref has no target assembly definition
Begin MonoManager ReloadAssembly
- Loaded All Assemblies, in  0.771 seconds
Assembly reference Packages/com.unity.cinemachine/Editor/Samples/ExposeHDRPInternals/HDRP-Editor-ref.asmref has no target assembly definition
'Packages/com.unity.cinemachine/Editor/Obsolete/CinemachineVirtualCameraBaseEditor.cs' contains partial class of Unity.Object, exactly 1 of the partial classes needs to be in a file with the same filename. This is to know the one that can be referenced from ie. GameObjects
'Packages/com.unity.cinemachine/Editor/Editors/CinemachineVirtualCameraBaseEditor.cs' contains partial class of Unity.Object, exactly 1 of the partial classes needs to be in a file with the same filename. This is to know the one that can be referenced from ie. GameObjects
Refreshing native plugins compatible for Editor in 0.88 ms, found 3 plugins.
Native extension for WindowsStandalone target not found
Native extension for WebGL target not found
Assembly reference Packages/com.unity.cinemachine/Editor/Samples/ExposeHDRPInternals/HDRP-Editor-ref.asmref has no target assembly definition
Package Manager log level set to [2]
[Package Manager] Failed to launch server process. Reason: Unity was launched with the -noUpm command-line argument
[Package Manager] Unable to send message (not connected to server process).
[Package Manager] Cannot connect to Unity Package Manager local server
Mono: successfully reloaded assembly
- Finished resetting the current domain, in  0.658 seconds
Domain Reload Profiling: 1426ms
	BeginReloadAssembly (141ms)
		ExecutionOrderSort (0ms)
		DisableScriptedObjects (5ms)
		BackupInstance (0ms)
		ReleaseScriptingObjects (0ms)
		CreateAndSetChildDomain (24ms)
	RebuildCommonClasses (29ms)
	RebuildNativeTypeToScriptingClass (8ms)
	initialDomainReloadingComplete (33ms)
	LoadAllAssembliesAndSetupDomain (556ms)
		LoadAssemblies (448ms)
		RebuildTransferFunctionScriptingTraits (0ms)
		AnalyzeDomain (194ms)
			TypeCache.Refresh (140ms)
				TypeCache.ScanAssembly (127ms)
			BuildScriptInfoCaches (41ms)
			ResolveRequiredComponents (10ms)
	FinalizeReload (659ms)
		ReleaseScriptCaches (0ms)
		RebuildScriptCaches (0ms)
		SetupLoadedEditorAssemblies (564ms)
			LogAssemblyErrors (0ms)
			InitializePlatformSupportModulesInManaged (3ms)
			SetLoadedEditorAssemblies (6ms)
			BeforeProcessingInitializeOnLoad (139ms)
			ProcessInitializeOnLoadAttributes (368ms)
			ProcessInitializeOnLoadMethodAttributes (45ms)
			AfterProcessingInitializeOnLoad (4ms)
			EditorAssembliesLoaded (0ms)
		ExecutionOrderSort2 (0ms)
		AwakeInstancesAfterBackupRestoration (5ms)
Launched and connected shader compiler UnityShaderCompiler.exe after 0.02 seconds
Refreshing native plugins compatible for Editor in 0.74 ms, found 3 plugins.
Preloading 0 native plugins for Editor in 0.00 ms.
Unloading 144 Unused Serialized files (Serialized files now loaded: 0)
Unloading 6401 unused Assets / (5.8 MB). Loaded Objects now: 6981.
Memory consumption went from 173.8 MB to 168.0 MB.
Total: 6.491900 ms (FindLiveObjects: 0.505000 ms CreateObjectMapping: 0.462400 ms MarkObjects: 3.556900 ms  DeleteObjects: 1.964600 ms)

========================================================================
Received Import Request.
  Time since last request: 84246.378954 seconds.
  path: Assets/AssedStore - Prefabs/Modular Tracks - Racing Tracks/Models/Stadium.fbm/tex_banners_flags.png
  artifactKey: Guid(8b5c2e8fd47f99340b2086a7a82f40b1) Importer(815301076,1909f56bfc062723c751e8b465ee728b)
Start importing Assets/AssedStore - Prefabs/Modular Tracks - Racing Tracks/Models/Stadium.fbm/tex_banners_flags.png using Guid(8b5c2e8fd47f99340b2086a7a82f40b1) Importer(815301076,1909f56bfc062723c751e8b465ee728b) (PreviewImporter) -> (artifact id: 'aa97e773e3b9f4361881ca1b6e3d0879') in 0.0840812 seconds
Number of updated asset objects reloaded before import = 0Number of asset objects unloaded after import = 2

========================================================================
Received Import Request.
  Time since last request: 0.000021 seconds.
  path: Assets/AssedStore - Prefabs/Modular Tracks - Racing Tracks/Models/Stadium.fbm/tex_stadium_surfaces_emissive.png
  artifactKey: Guid(cfb24d6c7cd1e8f4c98bb3dab06f90e1) Importer(815301076,1909f56bfc062723c751e8b465ee728b)
Start importing Assets/AssedStore - Prefabs/Modular Tracks - Racing Tracks/Models/Stadium.fbm/tex_stadium_surfaces_emissive.png using Guid(cfb24d6c7cd1e8f4c98bb3dab06f90e1) Importer(815301076,1909f56bfc062723c751e8b465ee728b) (PreviewImporter) -> (artifact id: 'ea1f32ef371597292d20d82e5fa27854') in 0.0217741 seconds
Number of updated asset objects reloaded before import = 0Number of asset objects unloaded after import = 2

========================================================================
Received Import Request.
  Time since last request: 0.000022 seconds.
  path: Assets/AssedStore - Prefabs/Modular Tracks - Racing Tracks/Models/Stadium.fbm/tex_stadium_grandstands_emissive.png
  artifactKey: Guid(23c239f13c8bff6498f2f510fe02218e) Importer(815301076,1909f56bfc062723c751e8b465ee728b)
Start importing Assets/AssedStore - Prefabs/Modular Tracks - Racing Tracks/Models/Stadium.fbm/tex_stadium_grandstands_emissive.png using Guid(23c239f13c8bff6498f2f510fe02218e) Importer(815301076,1909f56bfc062723c751e8b465ee728b) (PreviewImporter) -> (artifact id: 'e5dfd3c72bd686d0fbd58161183933da') in 0.0199913 seconds
Number of updated asset objects reloaded before import = 0Number of asset objects unloaded after import = 2

========================================================================
Received Import Request.
  Time since last request: 0.000112 seconds.
  path: Assets/AssedStore - Prefabs/Modular Tracks - Racing Tracks/Models/Stadium.fbm/tex_stadium_grandstands_normal.png
  artifactKey: Guid(8b0433ca794222842b7790f9bdc4e485) Importer(815301076,1909f56bfc062723c751e8b465ee728b)
Start importing Assets/AssedStore - Prefabs/Modular Tracks - Racing Tracks/Models/Stadium.fbm/tex_stadium_grandstands_normal.png using Guid(8b0433ca794222842b7790f9bdc4e485) Importer(815301076,1909f56bfc062723c751e8b465ee728b) (PreviewImporter) -> (artifact id: '94b615b05ce32c6a861f0ff9e150003c') in 0.0250155 seconds
Number of updated asset objects reloaded before import = 0Number of asset objects unloaded after import = 2

========================================================================
Received Import Request.
  Time since last request: 0.000054 seconds.
  path: Assets/AssedStore - Prefabs/Modular Tracks - Racing Tracks/Models/Stadium.fbm/tex_region_branding_USA.png
  artifactKey: Guid(40ac3c0faac103f469f05337ab830943) Importer(815301076,1909f56bfc062723c751e8b465ee728b)
Start importing Assets/AssedStore - Prefabs/Modular Tracks - Racing Tracks/Models/Stadium.fbm/tex_region_branding_USA.png using Guid(40ac3c0faac103f469f05337ab830943) Importer(815301076,1909f56bfc062723c751e8b465ee728b) (PreviewImporter) -> (artifact id: '76f9bfc17146e770d830d6808d574023') in 0.0205666 seconds
Number of updated asset objects reloaded before import = 0Number of asset objects unloaded after import = 2

========================================================================
Received Import Request.
  Time since last request: 10.973709 seconds.
  path: Assets/AssedStore - Prefabs/Modular Tracks - Racing Tracks/Models/Supporting Props/support_props_balloons.fbx
  artifactKey: Guid(34aeb0460728d3c4791579dfe0790c74) Importer(815301076,1909f56bfc062723c751e8b465ee728b)
Start importing Assets/AssedStore - Prefabs/Modular Tracks - Racing Tracks/Models/Supporting Props/support_props_balloons.fbx using Guid(34aeb0460728d3c4791579dfe0790c74) Importer(815301076,1909f56bfc062723c751e8b465ee728b) (PreviewImporter) -> (artifact id: '2ecfcb0fbd52a3f63b0ee39b69171d8e') in 0.1570426 seconds
Number of updated asset objects reloaded before import = 0Number of asset objects unloaded after import = 30

========================================================================
Received Import Request.
  Time since last request: 9.587975 seconds.
  path: Assets/AssedStore - Prefabs/Modular Tracks - Racing Tracks/Prefabs/T1 - Boost.prefab
  artifactKey: Guid(9b48d8fb6fd59584fa069caca388180e) Importer(815301076,1909f56bfc062723c751e8b465ee728b)
Start importing Assets/AssedStore - Prefabs/Modular Tracks - Racing Tracks/Prefabs/T1 - Boost.prefab using Guid(9b48d8fb6fd59584fa069caca388180e) Importer(815301076,1909f56bfc062723c751e8b465ee728b) (PreviewImporter) -> (artifact id: '43e0959318a0e3e5ef62a62553b910c6') in 0.2174208 seconds
Number of updated asset objects reloaded before import = 0Number of asset objects unloaded after import = 107

========================================================================
Received Import Request.
  Time since last request: 0.000028 seconds.
  path: Assets/AssedStore - Prefabs/Modular Tracks - Racing Tracks/Prefabs/T1 - Ground.prefab
  artifactKey: Guid(a0bda96cb57132f4ab4a50d27f40b106) Importer(815301076,1909f56bfc062723c751e8b465ee728b)
Start importing Assets/AssedStore - Prefabs/Modular Tracks - Racing Tracks/Prefabs/T1 - Ground.prefab using Guid(a0bda96cb57132f4ab4a50d27f40b106) Importer(815301076,1909f56bfc062723c751e8b465ee728b) (PreviewImporter) -> (artifact id: '5c21eb949b505e5492ad8bd4d25ce881') in 0.1278204 seconds
Number of updated asset objects reloaded before import = 0Number of asset objects unloaded after import = 89

========================================================================
Received Import Request.
  Time since last request: 0.000032 seconds.
  path: Assets/AssedStore - Prefabs/Modular Tracks - Racing Tracks/Prefabs/T1 - Ground Obstacle 2 UP.prefab
  artifactKey: Guid(abf7bbdda692c7b4db3c031923337c7e) Importer(815301076,1909f56bfc062723c751e8b465ee728b)
Start importing Assets/AssedStore - Prefabs/Modular Tracks - Racing Tracks/Prefabs/T1 - Ground Obstacle 2 UP.prefab using Guid(abf7bbdda692c7b4db3c031923337c7e) Importer(815301076,1909f56bfc062723c751e8b465ee728b) (PreviewImporter) -> (artifact id: '93efbcfa4d2bc05c9db455f5763d979c') in 0.0838671 seconds
Number of updated asset objects reloaded before import = 0Number of asset objects unloaded after import = 215

========================================================================
Received Import Request.
  Time since last request: 8.998896 seconds.
  path: Assets/AssedStore - Prefabs/Modular Tracks - Racing Tracks/Prefabs/T3.prefab
  artifactKey: Guid(59db73ba7b63fe546a0bc563f9e9cd79) Importer(815301076,1909f56bfc062723c751e8b465ee728b)
Start importing Assets/AssedStore - Prefabs/Modular Tracks - Racing Tracks/Prefabs/T3.prefab using Guid(59db73ba7b63fe546a0bc563f9e9cd79) Importer(815301076,1909f56bfc062723c751e8b465ee728b) (PreviewImporter) -> (artifact id: '09b33eca235aafc5a9ecfbea4a64ed13') in 0.2294944 seconds
Number of updated asset objects reloaded before import = 0Number of asset objects unloaded after import = 148

========================================================================
Received Import Request.
  Time since last request: 0.000023 seconds.
  path: Assets/AssedStore - Prefabs/Modular Tracks - Racing Tracks/Prefabs/T5 - Right.prefab
  artifactKey: Guid(eddf9ac935b1c8d4c80aa95a2ee9c2a8) Importer(815301076,1909f56bfc062723c751e8b465ee728b)
Start importing Assets/AssedStore - Prefabs/Modular Tracks - Racing Tracks/Prefabs/T5 - Right.prefab using Guid(eddf9ac935b1c8d4c80aa95a2ee9c2a8) Importer(815301076,1909f56bfc062723c751e8b465ee728b) (PreviewImporter) -> (artifact id: 'cc41340e6985249d5ec2adffd3b40e03') in 0.1437178 seconds
Number of updated asset objects reloaded before import = 0Number of asset objects unloaded after import = 115

========================================================================
Received Import Request.
  Time since last request: 0.000048 seconds.
  path: Assets/AssedStore - Prefabs/Modular Tracks - Racing Tracks/Prefabs/T3 - Up.prefab
  artifactKey: Guid(629a218c69e40954cba2a2d703cc6168) Importer(815301076,1909f56bfc062723c751e8b465ee728b)
Start importing Assets/AssedStore - Prefabs/Modular Tracks - Racing Tracks/Prefabs/T3 - Up.prefab using Guid(629a218c69e40954cba2a2d703cc6168) Importer(815301076,1909f56bfc062723c751e8b465ee728b) (PreviewImporter) -> (artifact id: '8a148aedfb6556c43d5dbce044c37632') in 0.0696659 seconds
Number of updated asset objects reloaded before import = 0Number of asset objects unloaded after import = 154

========================================================================
Received Import Request.
  Time since last request: 0.000024 seconds.
  path: Assets/AssedStore - Prefabs/Modular Tracks - Racing Tracks/Prefabs/T4 - Checkpoint.prefab
  artifactKey: Guid(2d57aecfda4500443be1a71f1da10007) Importer(815301076,1909f56bfc062723c751e8b465ee728b)
Start importing Assets/AssedStore - Prefabs/Modular Tracks - Racing Tracks/Prefabs/T4 - Checkpoint.prefab using Guid(2d57aecfda4500443be1a71f1da10007) Importer(815301076,1909f56bfc062723c751e8b465ee728b) (PreviewImporter) -> (artifact id: '93f9a622d11cc15d17b871f5ddcb959e') in 0.1198262 seconds
Number of updated asset objects reloaded before import = 0Number of asset objects unloaded after import = 99

========================================================================
Received Import Request.
  Time since last request: 3.879371 seconds.
  path: Assets/AssedStore - Prefabs/Modular Tracks - Racing Tracks/Prefabs/T1 - Landing Ground.prefab
  artifactKey: Guid(3a5a009ef2249fd4d9543931822aba54) Importer(815301076,1909f56bfc062723c751e8b465ee728b)
Start importing Assets/AssedStore - Prefabs/Modular Tracks - Racing Tracks/Prefabs/T1 - Landing Ground.prefab using Guid(3a5a009ef2249fd4d9543931822aba54) Importer(815301076,1909f56bfc062723c751e8b465ee728b) (PreviewImporter) -> (artifact id: '10131b23604756099928e1608ac4828f') in 0.1519455 seconds
Number of updated asset objects reloaded before import = 0Number of asset objects unloaded after import = 127

========================================================================
Received Import Request.
  Time since last request: 0.083276 seconds.
  path: Assets/AssedStore - Prefabs/Modular Tracks - Racing Tracks/Prefabs/T2.prefab
  artifactKey: Guid(6cfcf4abba6b5f4458e5449fe0ce7830) Importer(815301076,1909f56bfc062723c751e8b465ee728b)
Start importing Assets/AssedStore - Prefabs/Modular Tracks - Racing Tracks/Prefabs/T2.prefab using Guid(6cfcf4abba6b5f4458e5449fe0ce7830) Importer(815301076,1909f56bfc062723c751e8b465ee728b) (PreviewImporter) -> (artifact id: 'b9ee4736cc8bb13c19aa177cf7c3eb1d') in 0.0741641 seconds
Number of updated asset objects reloaded before import = 0Number of asset objects unloaded after import = 244

========================================================================
Received Import Request.
  Time since last request: 33.134827 seconds.
  path: Assets/AssedStore - Prefabs/Modular Tracks - Racing Tracks/Prefabs/T10 - Jump.prefab
  artifactKey: Guid(6a08ad2e9632280438095b04f97da0da) Importer(815301076,1909f56bfc062723c751e8b465ee728b)
Start importing Assets/AssedStore - Prefabs/Modular Tracks - Racing Tracks/Prefabs/T10 - Jump.prefab using Guid(6a08ad2e9632280438095b04f97da0da) Importer(815301076,1909f56bfc062723c751e8b465ee728b) (PreviewImporter) -> (artifact id: '9189f46d1a7ce86d58fd86942031efa9') in 0.2408574 seconds
Number of updated asset objects reloaded before import = 0Number of asset objects unloaded after import = 310

========================================================================
Received Import Request.
  Time since last request: 8.181730 seconds.
  path: Assets/AssedStore - Prefabs/Modular Tracks - Racing Tracks/Prefabs/T12 - Ground.prefab
  artifactKey: Guid(b453d797881a2064396606dfa022d254) Importer(815301076,1909f56bfc062723c751e8b465ee728b)
Start importing Assets/AssedStore - Prefabs/Modular Tracks - Racing Tracks/Prefabs/T12 - Ground.prefab using Guid(b453d797881a2064396606dfa022d254) Importer(815301076,1909f56bfc062723c751e8b465ee728b) (PreviewImporter) -> (artifact id: 'f4e655d85ae3254c4084ed9a8901e52b') in 0.2325417 seconds
Number of updated asset objects reloaded before import = 0Number of asset objects unloaded after import = 213

========================================================================
Received Import Request.
  Time since last request: 3.700305 seconds.
  path: Assets/AssedStore - Prefabs/Modular Tracks - Racing Tracks/Prefabs/T15 - Ground.prefab
  artifactKey: Guid(f548c9a5064862b44ad5cebec9bc5068) Importer(815301076,1909f56bfc062723c751e8b465ee728b)
Start importing Assets/AssedStore - Prefabs/Modular Tracks - Racing Tracks/Prefabs/T15 - Ground.prefab using Guid(f548c9a5064862b44ad5cebec9bc5068) Importer(815301076,1909f56bfc062723c751e8b465ee728b) (PreviewImporter) -> (artifact id: 'cf8c4ae61a3da5b199e1a1800fa35ba9') in 0.2524271 seconds
Number of updated asset objects reloaded before import = 0Number of asset objects unloaded after import = 134

Editor requested this worker to shutdown with reason: Scaling down because of idle timeout
AssetImportWorkerClient::OnTransportError - code=2 error=End of file
AssetImportWorker is now disconnected from the server
Process exiting
Exiting without the bug reporter. Application will terminate with return code 0