Using pre-set license
Built from '6000.0/staging' branch; Version is '6000.0.41f1 (46e447368a18) revision 4645959'; Using compiler version '193933523'; Build Type 'Release'
OS: 'Windows 11  (10.0.26100) 64bit Core' Language: 'ru' Physical Memory: 16070 MB
BatchMode: 1, IsHumanControllingUs: 0, StartBugReporterOnCrash: 0, Is64bit: 1, IsPro: 1

COMMAND LINE ARGUMENTS:
C:\Program Files\Unity\Hub\Editor\6000.0.41f1\Editor\Unity.exe
-adb2
-batchMode
-noUpm
-name
AssetImportWorker11
-projectPath
C:/Game_Unity_Car-2/Car-2/Game_Car-2
-logFile
Logs/AssetImportWorker11.log
-srvPort
57370
-job-worker-count
7
-background-job-worker-count
8
-gc-helper-count
1
Successfully changed project path to: C:/Game_Unity_Car-2/Car-2/Game_Car-2
C:/Game_Unity_Car-2/Car-2/Game_Car-2
[UnityMemory] Configuration Parameters - Can be set up in boot.config
    "memorysetup-bucket-allocator-granularity=16"
    "memorysetup-bucket-allocator-bucket-count=8"
    "memorysetup-bucket-allocator-block-size=33554432"
    "memorysetup-bucket-allocator-block-count=8"
    "memorysetup-main-allocator-block-size=16777216"
    "memorysetup-thread-allocator-block-size=16777216"
    "memorysetup-gfx-main-allocator-block-size=16777216"
    "memorysetup-gfx-thread-allocator-block-size=16777216"
    "memorysetup-cache-allocator-block-size=4194304"
    "memorysetup-typetree-allocator-block-size=2097152"
    "memorysetup-profiler-bucket-allocator-granularity=16"
    "memorysetup-profiler-bucket-allocator-bucket-count=8"
    "memorysetup-profiler-bucket-allocator-block-size=33554432"
    "memorysetup-profiler-bucket-allocator-block-count=8"
    "memorysetup-profiler-allocator-block-size=16777216"
    "memorysetup-profiler-editor-allocator-block-size=1048576"
    "memorysetup-temp-allocator-size-main=16777216"
    "memorysetup-job-temp-allocator-block-size=2097152"
    "memorysetup-job-temp-allocator-block-size-background=1048576"
    "memorysetup-job-temp-allocator-reduction-small-platforms=262144"
    "memorysetup-allocator-temp-initial-block-size-main=262144"
    "memorysetup-allocator-temp-initial-block-size-worker=262144"
    "memorysetup-temp-allocator-size-background-worker=32768"
    "memorysetup-temp-allocator-size-job-worker=262144"
    "memorysetup-temp-allocator-size-preload-manager=33554432"
    "memorysetup-temp-allocator-size-nav-mesh-worker=65536"
    "memorysetup-temp-allocator-size-audio-worker=65536"
    "memorysetup-temp-allocator-size-cloud-worker=32768"
    "memorysetup-temp-allocator-size-gi-baking-worker=262144"
    "memorysetup-temp-allocator-size-gi-baking-worker=262144"
    "memorysetup-temp-allocator-size-gi-baking-worker=262144"
    "memorysetup-temp-allocator-size-gi-baking-worker=262144"
    "memorysetup-temp-allocator-size-gi-baking-worker=262144"
    "memorysetup-temp-allocator-size-gfx=262144"
Player connection [12636]  Target information:

Player connection [12636]  * "[IP] 192.168.1.24 [Port] 0 [Flags] 2 [Guid] 3530899023 [EditorId] 3530899023 [Version] 1048832 [Id] WindowsEditor(7,LAPTOP-TS10LTIF) [Debug] 1 [PackageName] WindowsEditor [ProjectName] Editor" 

Player connection [12636] Host joined multi-casting on [225.0.0.222:54997]...
Player connection [12636] Host joined alternative multi-casting on [225.0.0.222:34997]...
JobSystem: Creating JobQueue using job-worker-count value 7
Input System module state changed to: Initialized.
[Physics::Module] Initialized fallback backend.
[Physics::Module] Id: 0xdecafbad
Library Redirect Path: Library/
[Physics::Module] Selected backend.
[Physics::Module] Name: PhysX
[Physics::Module] Id: 0xf2b8ea05
[Physics::Module] SDK Version: 4.1.2
[Physics::Module] Integration Version: 1.0.0
[Physics::Module] Threading Mode: Multi-Threaded
Refreshing native plugins compatible for Editor in 1.56 ms, found 3 plugins.
Preloading 0 native plugins for Editor in 0.00 ms.
Initialize engine version: 6000.0.41f1 (46e447368a18)
[Subsystems] Discovering subsystems at path C:/Program Files/Unity/Hub/Editor/6000.0.41f1/Editor/Data/Resources/UnitySubsystems
[Subsystems] Discovering subsystems at path C:/Game_Unity_Car-2/Car-2/Game_Car-2/Assets
GfxDevice: creating device client; kGfxThreadingModeNonThreaded
Direct3D:
    Version:  Direct3D 11.0 [level 11.1]
    Renderer: NVIDIA GeForce RTX 4060 Laptop GPU (ID=0x28a0)
    Vendor:   NVIDIA
    VRAM:     7957 MB
    Driver:   32.0.15.6590
Initialize mono
Mono path[0] = 'C:/Program Files/Unity/Hub/Editor/6000.0.41f1/Editor/Data/Managed'
Mono path[1] = 'C:/Program Files/Unity/Hub/Editor/6000.0.41f1/Editor/Data/MonoBleedingEdge/lib/mono/unityjit-win32'
Mono config path = 'C:/Program Files/Unity/Hub/Editor/6000.0.41f1/Editor/Data/MonoBleedingEdge/etc'
Using monoOptions --debugger-agent=transport=dt_socket,embedding=1,server=y,suspend=n,address=127.0.0.1:56972
Begin MonoManager ReloadAssembly
Registering precompiled unity dll's ...
Register platform support module: C:/Program Files/Unity/Hub/Editor/6000.0.41f1/Editor/Data/PlaybackEngines/WebGLSupport/UnityEditor.WebGL.Extensions.dll
Register platform support module: C:/Program Files/Unity/Hub/Editor/6000.0.41f1/Editor/Data/PlaybackEngines/WindowsStandaloneSupport/UnityEditor.WindowsStandalone.Extensions.dll
Registered in 0.004963 seconds.
- Loaded All Assemblies, in  0.358 seconds
Native extension for WindowsStandalone target not found
Native extension for WebGL target not found
Mono: successfully reloaded assembly
- Finished resetting the current domain, in  0.337 seconds
Domain Reload Profiling: 693ms
	BeginReloadAssembly (125ms)
		ExecutionOrderSort (0ms)
		DisableScriptedObjects (0ms)
		BackupInstance (0ms)
		ReleaseScriptingObjects (0ms)
		CreateAndSetChildDomain (1ms)
	RebuildCommonClasses (39ms)
	RebuildNativeTypeToScriptingClass (11ms)
	initialDomainReloadingComplete (49ms)
	LoadAllAssembliesAndSetupDomain (132ms)
		LoadAssemblies (123ms)
		RebuildTransferFunctionScriptingTraits (0ms)
		AnalyzeDomain (129ms)
			TypeCache.Refresh (127ms)
				TypeCache.ScanAssembly (116ms)
			BuildScriptInfoCaches (0ms)
			ResolveRequiredComponents (0ms)
	FinalizeReload (337ms)
		ReleaseScriptCaches (0ms)
		RebuildScriptCaches (0ms)
		SetupLoadedEditorAssemblies (296ms)
			LogAssemblyErrors (0ms)
			InitializePlatformSupportModulesInManaged (22ms)
			SetLoadedEditorAssemblies (5ms)
			BeforeProcessingInitializeOnLoad (57ms)
			ProcessInitializeOnLoadAttributes (165ms)
			ProcessInitializeOnLoadMethodAttributes (47ms)
			AfterProcessingInitializeOnLoad (0ms)
			EditorAssembliesLoaded (0ms)
		ExecutionOrderSort2 (0ms)
		AwakeInstancesAfterBackupRestoration (0ms)
Assembly reference Packages/com.unity.cinemachine/Editor/Samples/ExposeHDRPInternals/HDRP-Editor-ref.asmref has no target assembly definition
========================================================================
Worker process is ready to serve import requests
Import Worker Mode flag is 0x00
Assembly reference Packages/com.unity.cinemachine/Editor/Samples/ExposeHDRPInternals/HDRP-Editor-ref.asmref has no target assembly definition
Assembly reference Packages/com.unity.cinemachine/Editor/Samples/ExposeHDRPInternals/HDRP-Editor-ref.asmref has no target assembly definition
Begin MonoManager ReloadAssembly
- Loaded All Assemblies, in  0.714 seconds
Assembly reference Packages/com.unity.cinemachine/Editor/Samples/ExposeHDRPInternals/HDRP-Editor-ref.asmref has no target assembly definition
'Packages/com.unity.cinemachine/Editor/Obsolete/CinemachineVirtualCameraBaseEditor.cs' contains partial class of Unity.Object, exactly 1 of the partial classes needs to be in a file with the same filename. This is to know the one that can be referenced from ie. GameObjects
'Packages/com.unity.cinemachine/Editor/Editors/CinemachineVirtualCameraBaseEditor.cs' contains partial class of Unity.Object, exactly 1 of the partial classes needs to be in a file with the same filename. This is to know the one that can be referenced from ie. GameObjects
Refreshing native plugins compatible for Editor in 1.06 ms, found 3 plugins.
Native extension for WindowsStandalone target not found
Native extension for WebGL target not found
Assembly reference Packages/com.unity.cinemachine/Editor/Samples/ExposeHDRPInternals/HDRP-Editor-ref.asmref has no target assembly definition
Package Manager log level set to [2]
[Package Manager] Failed to launch server process. Reason: Unity was launched with the -noUpm command-line argument
[Package Manager] Unable to send message (not connected to server process).
[Package Manager] Cannot connect to Unity Package Manager local server
System.Exception: Error! Visual Scripting: couldn't find visual scripting package
  at Unity.VisualScripting.PackageVersionUtility.get_version () [0x00025] in .\Library\PackageCache\com.unity.visualscripting@1b53f46e931b\Editor\VisualScripting.Core\Utilities\PackageVersionUtility.cs:22 
  at Unity.VisualScripting.BoltCoreManifest.get_version () [0x00000] in .\Library\PackageCache\com.unity.visualscripting@1b53f46e931b\Editor\VisualScripting.Core\Plugin\BoltCoreManifest.cs:11 
  at Unity.VisualScripting.PluginManifest.get_currentVersion () [0x00000] in .\Library\PackageCache\com.unity.visualscripting@1b53f46e931b\Editor\VisualScripting.Core\Plugins\PluginManifest.cs:33 
  at Unity.VisualScripting.PluginManifest.get_versionMismatch () [0x00000] in .\Library\PackageCache\com.unity.visualscripting@1b53f46e931b\Editor\VisualScripting.Core\Plugins\PluginManifest.cs:48 
  at Unity.VisualScripting.PluginContainer.Initialize () [0x0057d] in .\Library\PackageCache\com.unity.visualscripting@1b53f46e931b\Editor\VisualScripting.Core\Plugins\PluginContainer.cs:208 
  at Unity.VisualScripting.PluginContainer.InitializeOnLoad () [0x00012] in .\Library\PackageCache\com.unity.visualscripting@1b53f46e931b\Editor\VisualScripting.Core\Plugins\PluginContainer.cs:32 
  at Unity.VisualScripting.VSUsageUtility.DoInitializeOnLoadCalls () [0x00044] in .\Library\PackageCache\com.unity.visualscripting@1b53f46e931b\Editor\VisualScripting.Core\Utilities\VSUsageUtility.cs:76 
  at Unity.VisualScripting.VSUsageUtility.set_isVisualScriptingUsed (System.Boolean value) [0x00037] in .\Library\PackageCache\com.unity.visualscripting@1b53f46e931b\Editor\VisualScripting.Core\Utilities\VSUsageUtility.cs:114 
  at Unity.VisualScripting.VSUsageUtility.CheckAndSetIsVisualScriptingUsed () [0x0003f] in .\Library\PackageCache\com.unity.visualscripting@1b53f46e931b\Editor\VisualScripting.Core\Utilities\VSUsageUtility.cs:48 
  at Unity.VisualScripting.VSUsageUtility..cctor () [0x0000d] in .\Library\PackageCache\com.unity.visualscripting@1b53f46e931b\Editor\VisualScripting.Core\Utilities\VSUsageUtility.cs:22 
UnityEngine.Debug:ExtractStackTraceNoAlloc (byte*,int,string)
UnityEngine.StackTraceUtility:ExtractStackTrace ()
UnityEngine.DebugLogHandler:Internal_Log (UnityEngine.LogType,UnityEngine.LogOption,string,UnityEngine.Object)
UnityEngine.DebugLogHandler:LogFormat (UnityEngine.LogType,UnityEngine.Object,string,object[])
UnityEngine.Logger:Log (UnityEngine.LogType,object)
UnityEngine.Debug:LogError (object)
UnityEditor.EditorAssemblies:ProcessInitializeOnLoadAttributes (System.Type[])

Mono: successfully reloaded assembly
- Finished resetting the current domain, in  1.060 seconds
Domain Reload Profiling: 1770ms
	BeginReloadAssembly (149ms)
		ExecutionOrderSort (0ms)
		DisableScriptedObjects (5ms)
		BackupInstance (0ms)
		ReleaseScriptingObjects (0ms)
		CreateAndSetChildDomain (26ms)
	RebuildCommonClasses (31ms)
	RebuildNativeTypeToScriptingClass (10ms)
	initialDomainReloadingComplete (33ms)
	LoadAllAssembliesAndSetupDomain (487ms)
		LoadAssemblies (363ms)
		RebuildTransferFunctionScriptingTraits (0ms)
		AnalyzeDomain (215ms)
			TypeCache.Refresh (157ms)
				TypeCache.ScanAssembly (142ms)
			BuildScriptInfoCaches (44ms)
			ResolveRequiredComponents (11ms)
	FinalizeReload (1060ms)
		ReleaseScriptCaches (0ms)
		RebuildScriptCaches (0ms)
		SetupLoadedEditorAssemblies (961ms)
			LogAssemblyErrors (0ms)
			InitializePlatformSupportModulesInManaged (3ms)
			SetLoadedEditorAssemblies (6ms)
			BeforeProcessingInitializeOnLoad (147ms)
			ProcessInitializeOnLoadAttributes (748ms)
			ProcessInitializeOnLoadMethodAttributes (53ms)
			AfterProcessingInitializeOnLoad (4ms)
			EditorAssembliesLoaded (0ms)
		ExecutionOrderSort2 (0ms)
		AwakeInstancesAfterBackupRestoration (5ms)
Launched and connected shader compiler UnityShaderCompiler.exe after 0.02 seconds
Refreshing native plugins compatible for Editor in 1.17 ms, found 3 plugins.
Preloading 0 native plugins for Editor in 0.00 ms.
Unloading 144 Unused Serialized files (Serialized files now loaded: 0)
Unloading 6415 unused Assets / (6.7 MB). Loaded Objects now: 7009.
Memory consumption went from 173.7 MB to 167.0 MB.
Total: 16.130000 ms (FindLiveObjects: 0.582700 ms CreateObjectMapping: 0.486400 ms MarkObjects: 12.468500 ms  DeleteObjects: 2.591300 ms)

========================================================================
Received Import Request.
  Time since last request: 412520.590280 seconds.
  path: Assets/Handpainted_Grass_and_Ground_Textures/Demo/terrain_layers/Grass_overcorrupted_left.terrainlayer
  artifactKey: Guid(d5ab6a74ddc1fad42bd1a498812697f4) Importer(815301076,1909f56bfc062723c751e8b465ee728b)
Start importing Assets/Handpainted_Grass_and_Ground_Textures/Demo/terrain_layers/Grass_overcorrupted_left.terrainlayer using Guid(d5ab6a74ddc1fad42bd1a498812697f4) Importer(815301076,1909f56bfc062723c751e8b465ee728b) (PreviewImporter) -> (artifact id: '45ed3620f7e1735ac6a40390266cb321') in 0.1142013 seconds
Number of updated asset objects reloaded before import = 0Number of asset objects unloaded after import = 2

========================================================================
Received Import Request.
  Time since last request: 0.897228 seconds.
  path: Assets/Handpainted_Grass_and_Ground_Textures/Demo/terrain_layers/Grass_swamp_lighted_left.terrainlayer
  artifactKey: Guid(b2f803eb00f58364e828f1d3f8383af7) Importer(815301076,1909f56bfc062723c751e8b465ee728b)
Start importing Assets/Handpainted_Grass_and_Ground_Textures/Demo/terrain_layers/Grass_swamp_lighted_left.terrainlayer using Guid(b2f803eb00f58364e828f1d3f8383af7) Importer(815301076,1909f56bfc062723c751e8b465ee728b) (PreviewImporter) -> (artifact id: '6495debf804cb5c978acd944f6a17f25') in 0.025546 seconds
Number of updated asset objects reloaded before import = 0Number of asset objects unloaded after import = 2

========================================================================
Received Import Request.
  Time since last request: 16.817481 seconds.
  path: Assets/Handpainted_Grass_and_Ground_Textures/Textures/Grass/Grass_lighted/Grass_lighted_down.png
  artifactKey: Guid(6e3abed3edda0ae4b876a53ee95f7d37) Importer(815301076,1909f56bfc062723c751e8b465ee728b)
Start importing Assets/Handpainted_Grass_and_Ground_Textures/Textures/Grass/Grass_lighted/Grass_lighted_down.png using Guid(6e3abed3edda0ae4b876a53ee95f7d37) Importer(815301076,1909f56bfc062723c751e8b465ee728b) (PreviewImporter) -> (artifact id: '39a4a7fd3d8b7c291e0fc3c3aa5706ad') in 0.0392369 seconds
Number of updated asset objects reloaded before import = 0Number of asset objects unloaded after import = 2

========================================================================
Received Import Request.
  Time since last request: 55.778903 seconds.
  path: Assets/Handpainted_Grass_and_Ground_Textures/Textures/Dirt/dirt_lighted/dirt_lighted_down.png
  artifactKey: Guid(16fdc16af892fc745890a4d5720a58dd) Importer(815301076,1909f56bfc062723c751e8b465ee728b)
Start importing Assets/Handpainted_Grass_and_Ground_Textures/Textures/Dirt/dirt_lighted/dirt_lighted_down.png using Guid(16fdc16af892fc745890a4d5720a58dd) Importer(815301076,1909f56bfc062723c751e8b465ee728b) (PreviewImporter) -> (artifact id: 'b09965e0bd392984892f5f42efddf33c') in 0.0236591 seconds
Number of updated asset objects reloaded before import = 0Number of asset objects unloaded after import = 2

========================================================================
Received Import Request.
  Time since last request: 64.822088 seconds.
  path: Assets/Handpainted_Grass_and_Ground_Textures/Textures/Dirt/dirt_desatured/dirt_desatured_down.png
  artifactKey: Guid(29c626e9e6e470248a44438be202c7c0) Importer(815301076,1909f56bfc062723c751e8b465ee728b)
Start importing Assets/Handpainted_Grass_and_Ground_Textures/Textures/Dirt/dirt_desatured/dirt_desatured_down.png using Guid(29c626e9e6e470248a44438be202c7c0) Importer(815301076,1909f56bfc062723c751e8b465ee728b) (PreviewImporter) -> (artifact id: '36db2793b37e94428d8fc4da49d50483') in 0.0236458 seconds
Number of updated asset objects reloaded before import = 0Number of asset objects unloaded after import = 2

========================================================================
Received Import Request.
  Time since last request: 81.124547 seconds.
  path: Assets/AssedStore - Prefabs/LowpolyStyle/Alpine Woodland/Prefabs/Tree1.prefab
  artifactKey: Guid(43ac926c2709a4b4e9868e88f7f97a61) Importer(815301076,1909f56bfc062723c751e8b465ee728b)
Start importing Assets/AssedStore - Prefabs/LowpolyStyle/Alpine Woodland/Prefabs/Tree1.prefab using Guid(43ac926c2709a4b4e9868e88f7f97a61) Importer(815301076,1909f56bfc062723c751e8b465ee728b) (PreviewImporter) -> (artifact id: '2b8346a22f03b60b60108fbd7738837f') in 0.0806827 seconds
Number of updated asset objects reloaded before import = 0Number of asset objects unloaded after import = 10

========================================================================
Received Import Request.
  Time since last request: 0.000024 seconds.
  path: Assets/AssedStore - Prefabs/LowpolyStyle/Alpine Woodland/Prefabs/Tree3_BirchYoung.prefab
  artifactKey: Guid(18c819349404cfd4d89e0d63d943f408) Importer(815301076,1909f56bfc062723c751e8b465ee728b)
Start importing Assets/AssedStore - Prefabs/LowpolyStyle/Alpine Woodland/Prefabs/Tree3_BirchYoung.prefab using Guid(18c819349404cfd4d89e0d63d943f408) Importer(815301076,1909f56bfc062723c751e8b465ee728b) (PreviewImporter) -> (artifact id: 'cc791e103529e1b4b720cbdedc139190') in 0.0600184 seconds
Number of updated asset objects reloaded before import = 0Number of asset objects unloaded after import = 11

========================================================================
Received Import Request.
  Time since last request: 7.370803 seconds.
  path: Assets/AssedStore - Prefabs/LowpolyStyle/Alpine Woodland/Prefabs/AgaveLow.prefab
  artifactKey: Guid(9c9807f75889e994094efd930fe03ca8) Importer(815301076,1909f56bfc062723c751e8b465ee728b)
Start importing Assets/AssedStore - Prefabs/LowpolyStyle/Alpine Woodland/Prefabs/AgaveLow.prefab using Guid(9c9807f75889e994094efd930fe03ca8) Importer(815301076,1909f56bfc062723c751e8b465ee728b) (PreviewImporter) -> (artifact id: 'dda260a9b88852e51f4de17066761e6d') in 0.0456889 seconds
Number of updated asset objects reloaded before import = 0Number of asset objects unloaded after import = 10

========================================================================
Received Import Request.
  Time since last request: 0.000851 seconds.
  path: Assets/AssedStore - Prefabs/LowpolyStyle/Alpine Woodland/Prefabs/Reed.prefab
  artifactKey: Guid(8e29574f61c003a45a3cc9a571582336) Importer(815301076,1909f56bfc062723c751e8b465ee728b)
Start importing Assets/AssedStore - Prefabs/LowpolyStyle/Alpine Woodland/Prefabs/Reed.prefab using Guid(8e29574f61c003a45a3cc9a571582336) Importer(815301076,1909f56bfc062723c751e8b465ee728b) (PreviewImporter) -> (artifact id: '588e90a12f21cca7cafd31aba4737453') in 0.0513535 seconds
Number of updated asset objects reloaded before import = 0Number of asset objects unloaded after import = 9

========================================================================
Received Import Request.
  Time since last request: 43.551371 seconds.
  path: Assets/Handpainted_Grass_and_Ground_Textures/Textures/Dirt/dirt_corrupted_lighted/dirt_corrupted_lighted_up.png
  artifactKey: Guid(80dd8791e62eb704ca754825e109f4e9) Importer(815301076,1909f56bfc062723c751e8b465ee728b)
Start importing Assets/Handpainted_Grass_and_Ground_Textures/Textures/Dirt/dirt_corrupted_lighted/dirt_corrupted_lighted_up.png using Guid(80dd8791e62eb704ca754825e109f4e9) Importer(815301076,1909f56bfc062723c751e8b465ee728b) (PreviewImporter) -> (artifact id: '08907102590d9856366bec0464f657e1') in 0.0255292 seconds
Number of updated asset objects reloaded before import = 0Number of asset objects unloaded after import = 2

========================================================================
Received Import Request.
  Time since last request: 167.886686 seconds.
  path: Assets/Handpainted_Grass_and_Ground_Textures/Textures/Grass/Grass_lighted/Grass_lighted_up.png
  artifactKey: Guid(9273b0666f47d5e4e86165bf96cb7404) Importer(815301076,1909f56bfc062723c751e8b465ee728b)
Start importing Assets/Handpainted_Grass_and_Ground_Textures/Textures/Grass/Grass_lighted/Grass_lighted_up.png using Guid(9273b0666f47d5e4e86165bf96cb7404) Importer(815301076,1909f56bfc062723c751e8b465ee728b) (PreviewImporter) -> (artifact id: '9aa3010a6a03cbb25916daae76de28f8') in 0.0208141 seconds
Number of updated asset objects reloaded before import = 0Number of asset objects unloaded after import = 2

========================================================================
Received Import Request.
  Time since last request: 55.775903 seconds.
  path: Assets/Handpainted_Grass_and_Ground_Textures/Demo
  artifactKey: Guid(5d141430ace3cc0408e31b23e56e08ab) Importer(815301076,1909f56bfc062723c751e8b465ee728b)
Start importing Assets/Handpainted_Grass_and_Ground_Textures/Demo using Guid(5d141430ace3cc0408e31b23e56e08ab) Importer(815301076,1909f56bfc062723c751e8b465ee728b) (PreviewImporter) -> (artifact id: '98d9431259dcd0cd5bff4ecfaabb52f4') in 0.0008211 seconds
Number of updated asset objects reloaded before import = 0Number of asset objects unloaded after import = 0

========================================================================
Received Import Request.
  Time since last request: 0.926938 seconds.
  path: Assets/Handpainted_Grass_and_Ground_Textures/Demo/New Terrain.asset
  artifactKey: Guid(a4503dc03081cd84aa03d1a3fb0dc910) Importer(815301076,1909f56bfc062723c751e8b465ee728b)
Start importing Assets/Handpainted_Grass_and_Ground_Textures/Demo/New Terrain.asset using Guid(a4503dc03081cd84aa03d1a3fb0dc910) Importer(815301076,1909f56bfc062723c751e8b465ee728b) (PreviewImporter) -> (artifact id: 'c0c534d62d86da74adceb3640f0e94ee') in 0.1740569 seconds
Number of updated asset objects reloaded before import = 0Number of asset objects unloaded after import = 30

========================================================================
Received Import Request.
  Time since last request: 1.103815 seconds.
  path: Assets/Handpainted_Grass_and_Ground_Textures/Demo/Demo.unity
  artifactKey: Guid(4c3e41e086e6a544e994a004465add6e) Importer(815301076,1909f56bfc062723c751e8b465ee728b)
Start importing Assets/Handpainted_Grass_and_Ground_Textures/Demo/Demo.unity using Guid(4c3e41e086e6a544e994a004465add6e) Importer(815301076,1909f56bfc062723c751e8b465ee728b) (PreviewImporter) -> (artifact id: 'b9171f2ca45b3a89e21c104e0f56d49e') in 0.0006433 seconds
Number of updated asset objects reloaded before import = 0Number of asset objects unloaded after import = 0

========================================================================
Received Import Request.
  Time since last request: 29.025382 seconds.
  path: Assets/Handpainted_Grass_and_Ground_Textures/Textures/Grass
  artifactKey: Guid(81aa5b08aeb420f4ba9e6a77812b8384) Importer(815301076,1909f56bfc062723c751e8b465ee728b)
Start importing Assets/Handpainted_Grass_and_Ground_Textures/Textures/Grass using Guid(81aa5b08aeb420f4ba9e6a77812b8384) Importer(815301076,1909f56bfc062723c751e8b465ee728b) (PreviewImporter) -> (artifact id: '949c9de9072e0a4c626a9ac588954feb') in 0.0008159 seconds
Number of updated asset objects reloaded before import = 0Number of asset objects unloaded after import = 0

========================================================================
Received Import Request.
  Time since last request: 3.926000 seconds.
  path: Assets/Handpainted_Grass_and_Ground_Textures/Textures/Grass/Grass_bluetint
  artifactKey: Guid(26958714fec28b64db5ebbaae1aee86e) Importer(815301076,1909f56bfc062723c751e8b465ee728b)
Start importing Assets/Handpainted_Grass_and_Ground_Textures/Textures/Grass/Grass_bluetint using Guid(26958714fec28b64db5ebbaae1aee86e) Importer(815301076,1909f56bfc062723c751e8b465ee728b) (PreviewImporter) -> (artifact id: 'b4a212bb03bb266bfe84781f6227141f') in 0.0005501 seconds
Number of updated asset objects reloaded before import = 0Number of asset objects unloaded after import = 0

========================================================================
Received Import Request.
  Time since last request: 0.178144 seconds.
  path: Assets/Handpainted_Grass_and_Ground_Textures/Textures/Grass/Grass_bluetint/Grass_bluetint_down.png
  artifactKey: Guid(5ec0f071b81b63241967c85ddfc73ff8) Importer(815301076,1909f56bfc062723c751e8b465ee728b)
Start importing Assets/Handpainted_Grass_and_Ground_Textures/Textures/Grass/Grass_bluetint/Grass_bluetint_down.png using Guid(5ec0f071b81b63241967c85ddfc73ff8) Importer(815301076,1909f56bfc062723c751e8b465ee728b) (PreviewImporter) -> (artifact id: 'f6f6aeeb75ac6d09c9bdf52f609de380') in 0.0286428 seconds
Number of updated asset objects reloaded before import = 0Number of asset objects unloaded after import = 2

========================================================================
Received Import Request.
  Time since last request: 0.000074 seconds.
  path: Assets/Handpainted_Grass_and_Ground_Textures/Textures/Grass/Grass_bluetint/Grass_bluetint_right.png
  artifactKey: Guid(d211bc1342827ac44b6b1bd93cf8f969) Importer(815301076,1909f56bfc062723c751e8b465ee728b)
Start importing Assets/Handpainted_Grass_and_Ground_Textures/Textures/Grass/Grass_bluetint/Grass_bluetint_right.png using Guid(d211bc1342827ac44b6b1bd93cf8f969) Importer(815301076,1909f56bfc062723c751e8b465ee728b) (PreviewImporter) -> (artifact id: 'e0203c110231a756e18ac73a6205e761') in 0.023257 seconds
Number of updated asset objects reloaded before import = 0Number of asset objects unloaded after import = 2

========================================================================
Received Import Request.
  Time since last request: 59.964439 seconds.
  path: Assets/Prefab/NewCar - 1 - polise.prefab
  artifactKey: Guid(aacc7acfad0cbc741ab4021103ce0698) Importer(815301076,1909f56bfc062723c751e8b465ee728b)
Start importing Assets/Prefab/NewCar - 1 - polise.prefab using Guid(aacc7acfad0cbc741ab4021103ce0698) Importer(815301076,1909f56bfc062723c751e8b465ee728b) (PreviewImporter) -> (artifact id: '8acce66943a4dbf88a2a41772aaf2382') in 0.175113 seconds
Number of updated asset objects reloaded before import = 0Number of asset objects unloaded after import = 99

========================================================================
Received Import Request.
  Time since last request: 6.235562 seconds.
  path: Assets/Scenes/First map.unity
  artifactKey: Guid(9e447bd7ff185304d97ddbe504219949) Importer(815301076,1909f56bfc062723c751e8b465ee728b)
Start importing Assets/Scenes/First map.unity using Guid(9e447bd7ff185304d97ddbe504219949) Importer(815301076,1909f56bfc062723c751e8b465ee728b) (PreviewImporter) -> (artifact id: 'c6d5b3d83ebed840f27f54d47003b02d') in 0.0007414 seconds
Number of updated asset objects reloaded before import = 0Number of asset objects unloaded after import = 0

========================================================================
Received Import Request.
  Time since last request: 13.246543 seconds.
  path: Assets/Handpainted_Grass_and_Ground_Textures/Demo/terrain_layers/Grass_lighted_up.terrainlayer
  artifactKey: Guid(466d1d3acac3ca2408920fe63d4cb054) Importer(815301076,1909f56bfc062723c751e8b465ee728b)
Start importing Assets/Handpainted_Grass_and_Ground_Textures/Demo/terrain_layers/Grass_lighted_up.terrainlayer using Guid(466d1d3acac3ca2408920fe63d4cb054) Importer(815301076,1909f56bfc062723c751e8b465ee728b) (PreviewImporter) -> (artifact id: 'a49a7d185e70218f54c4c1b1598821ef') in 0.0226146 seconds
Number of updated asset objects reloaded before import = 0Number of asset objects unloaded after import = 2

========================================================================
Received Import Request.
  Time since last request: 2.738697 seconds.
  path: Assets/MicroVerse-Extras/Terrain Textures/Content/Prefabs/Texture/Asphalt 01.png
  artifactKey: Guid(9e1a83fbb6ab97f4187b02d1be9d64e3) Importer(815301076,1909f56bfc062723c751e8b465ee728b)
Start importing Assets/MicroVerse-Extras/Terrain Textures/Content/Prefabs/Texture/Asphalt 01.png using Guid(9e1a83fbb6ab97f4187b02d1be9d64e3) Importer(815301076,1909f56bfc062723c751e8b465ee728b) (PreviewImporter) -> (artifact id: '326d1377ad9f83b757dce90c90307661') in 0.02193 seconds
Number of updated asset objects reloaded before import = 0Number of asset objects unloaded after import = 2

========================================================================
Received Import Request.
  Time since last request: 0.000053 seconds.
  path: Assets/MicroVerse-Extras/Terrain Textures/Textures/Asphalt 01/Asphalt 01_MaskMap.png
  artifactKey: Guid(068715bcccacfc744bdc98b6a81f6543) Importer(815301076,1909f56bfc062723c751e8b465ee728b)
Start importing Assets/MicroVerse-Extras/Terrain Textures/Textures/Asphalt 01/Asphalt 01_MaskMap.png using Guid(068715bcccacfc744bdc98b6a81f6543) Importer(815301076,1909f56bfc062723c751e8b465ee728b) (PreviewImporter) -> (artifact id: '42814e721c231d62c1926cf03d298772') in 0.0285627 seconds
Number of updated asset objects reloaded before import = 0Number of asset objects unloaded after import = 2

========================================================================
Received Import Request.
  Time since last request: 0.000137 seconds.
  path: Assets/MicroVerse-Extras/Terrain Textures/Textures/Asphalt 02/Asphalt 02_Height.png
  artifactKey: Guid(bf44a4858762fef4594d6f6c21812137) Importer(815301076,1909f56bfc062723c751e8b465ee728b)
Start importing Assets/MicroVerse-Extras/Terrain Textures/Textures/Asphalt 02/Asphalt 02_Height.png using Guid(bf44a4858762fef4594d6f6c21812137) Importer(815301076,1909f56bfc062723c751e8b465ee728b) (PreviewImporter) -> (artifact id: '8b204a6d77fd19fb6bf83d73bed723dc') in 0.019713 seconds
Number of updated asset objects reloaded before import = 0Number of asset objects unloaded after import = 2

========================================================================
Received Import Request.
  Time since last request: 0.000018 seconds.
  path: Assets/MicroVerse-Extras/Terrain Textures/Textures/Asphalt 02/Asphalt 02_Normal.png
  artifactKey: Guid(cecb75504fd1a344595d5cfd00257b19) Importer(815301076,1909f56bfc062723c751e8b465ee728b)
Start importing Assets/MicroVerse-Extras/Terrain Textures/Textures/Asphalt 02/Asphalt 02_Normal.png using Guid(cecb75504fd1a344595d5cfd00257b19) Importer(815301076,1909f56bfc062723c751e8b465ee728b) (PreviewImporter) -> (artifact id: '04ca71e537cb159c36d8fdbf17066dc2') in 0.0271406 seconds
Number of updated asset objects reloaded before import = 0Number of asset objects unloaded after import = 2

========================================================================
Received Import Request.
  Time since last request: 0.000027 seconds.
  path: Assets/MicroVerse-Extras/Terrain Textures/Textures/Asphalt 02/Asphalt 02_BaseColor.png
  artifactKey: Guid(7053f80cc85968240a8b8cefb47b128a) Importer(815301076,1909f56bfc062723c751e8b465ee728b)
Start importing Assets/MicroVerse-Extras/Terrain Textures/Textures/Asphalt 02/Asphalt 02_BaseColor.png using Guid(7053f80cc85968240a8b8cefb47b128a) Importer(815301076,1909f56bfc062723c751e8b465ee728b) (PreviewImporter) -> (artifact id: '2bcd493fe3c03acffbe40a31d91cbfe7') in 0.017837 seconds
Number of updated asset objects reloaded before import = 0Number of asset objects unloaded after import = 2

========================================================================
Received Import Request.
  Time since last request: 17.920611 seconds.
  path: Assets/Handpainted_Grass_and_Ground_Textures/Textures/Dirt/dirt_clay/dirt_clay_left.png
  artifactKey: Guid(a2631e95d102e9f4886ecf675ade77b1) Importer(815301076,1909f56bfc062723c751e8b465ee728b)
Start importing Assets/Handpainted_Grass_and_Ground_Textures/Textures/Dirt/dirt_clay/dirt_clay_left.png using Guid(a2631e95d102e9f4886ecf675ade77b1) Importer(815301076,1909f56bfc062723c751e8b465ee728b) (PreviewImporter) -> (artifact id: '9e8899d218db0f432598116f01c68328') in 0.0234203 seconds
Number of updated asset objects reloaded before import = 0Number of asset objects unloaded after import = 2

========================================================================
Received Import Request.
  Time since last request: 0.788424 seconds.
  path: Assets/Handpainted_Grass_and_Ground_Textures/Textures/Dirt/dirt_claydarked/dirt_claydarked_right.png
  artifactKey: Guid(495a8937383d3784588fc6a9bb626098) Importer(815301076,1909f56bfc062723c751e8b465ee728b)
Start importing Assets/Handpainted_Grass_and_Ground_Textures/Textures/Dirt/dirt_claydarked/dirt_claydarked_right.png using Guid(495a8937383d3784588fc6a9bb626098) Importer(815301076,1909f56bfc062723c751e8b465ee728b) (PreviewImporter) -> (artifact id: 'ba4127e6e00eb6cdd208323decc1c75d') in 0.0329098 seconds
Number of updated asset objects reloaded before import = 0Number of asset objects unloaded after import = 2

========================================================================
Received Import Request.
  Time since last request: 0.000013 seconds.
  path: Assets/Handpainted_Grass_and_Ground_Textures/Textures/Dirt/dirt_corrupted_lighted/dirt_corrupted_lighted_right.png
  artifactKey: Guid(a8b21c15a07a5d04e80f51b1f3f5d1b8) Importer(815301076,1909f56bfc062723c751e8b465ee728b)
Start importing Assets/Handpainted_Grass_and_Ground_Textures/Textures/Dirt/dirt_corrupted_lighted/dirt_corrupted_lighted_right.png using Guid(a8b21c15a07a5d04e80f51b1f3f5d1b8) Importer(815301076,1909f56bfc062723c751e8b465ee728b) (PreviewImporter) -> (artifact id: 'c58ad35b97959bfb915d63ab45e8be12') in 0.020522 seconds
Number of updated asset objects reloaded before import = 0Number of asset objects unloaded after import = 2

========================================================================
Received Import Request.
  Time since last request: 0.075555 seconds.
  path: Assets/Handpainted_Grass_and_Ground_Textures/Textures/Dirt/dirt_corrupted/dirt_corrupted_up.png
  artifactKey: Guid(cb541e13f614ed748a9058d942f9e9f4) Importer(815301076,1909f56bfc062723c751e8b465ee728b)
Start importing Assets/Handpainted_Grass_and_Ground_Textures/Textures/Dirt/dirt_corrupted/dirt_corrupted_up.png using Guid(cb541e13f614ed748a9058d942f9e9f4) Importer(815301076,1909f56bfc062723c751e8b465ee728b) (PreviewImporter) -> (artifact id: '1a057f11b4d67a2f6c510a6b4403a683') in 0.0234067 seconds
Number of updated asset objects reloaded before import = 0Number of asset objects unloaded after import = 2

========================================================================
Received Import Request.
  Time since last request: 0.000014 seconds.
  path: Assets/Handpainted_Grass_and_Ground_Textures/Textures/Dirt/dirt_lighted/dirt_lighted_right.png
  artifactKey: Guid(92975eac003d6b744815ff80bf8b3aee) Importer(815301076,1909f56bfc062723c751e8b465ee728b)
Start importing Assets/Handpainted_Grass_and_Ground_Textures/Textures/Dirt/dirt_lighted/dirt_lighted_right.png using Guid(92975eac003d6b744815ff80bf8b3aee) Importer(815301076,1909f56bfc062723c751e8b465ee728b) (PreviewImporter) -> (artifact id: '8b8f860fc27984165a7528d53e65fc47') in 0.0250976 seconds
Number of updated asset objects reloaded before import = 0Number of asset objects unloaded after import = 2

========================================================================
Received Import Request.
  Time since last request: 0.000014 seconds.
  path: Assets/Handpainted_Grass_and_Ground_Textures/Textures/Dirt/dirt_lighted_rocks/dirt_lighted_rocks_left.png
  artifactKey: Guid(44539289dc168c7459c80fe1f9f061e7) Importer(815301076,1909f56bfc062723c751e8b465ee728b)
Start importing Assets/Handpainted_Grass_and_Ground_Textures/Textures/Dirt/dirt_lighted_rocks/dirt_lighted_rocks_left.png using Guid(44539289dc168c7459c80fe1f9f061e7) Importer(815301076,1909f56bfc062723c751e8b465ee728b) (PreviewImporter) -> (artifact id: 'bced5b1204d314cbfefda50f251c3490') in 0.021582 seconds
Number of updated asset objects reloaded before import = 0Number of asset objects unloaded after import = 2

========================================================================
Received Import Request.
  Time since last request: 0.694078 seconds.
  path: Assets/Handpainted_Grass_and_Ground_Textures/Textures/Dirt/dirt_lighted_rocks/dirt_lighted_rocks_up.png
  artifactKey: Guid(23434846625707a47a591d9f045898fb) Importer(815301076,1909f56bfc062723c751e8b465ee728b)
Start importing Assets/Handpainted_Grass_and_Ground_Textures/Textures/Dirt/dirt_lighted_rocks/dirt_lighted_rocks_up.png using Guid(23434846625707a47a591d9f045898fb) Importer(815301076,1909f56bfc062723c751e8b465ee728b) (PreviewImporter) -> (artifact id: 'd1e46088339b635247e41a80d85f8752') in 0.0294813 seconds
Number of updated asset objects reloaded before import = 0Number of asset objects unloaded after import = 2

========================================================================
Received Import Request.
  Time since last request: 0.000337 seconds.
  path: Assets/Handpainted_Grass_and_Ground_Textures/Textures/Dirt/dirt_normal/dirt_normal_left.png
  artifactKey: Guid(564301c44b28a8a4288812f7d3327726) Importer(815301076,1909f56bfc062723c751e8b465ee728b)
Start importing Assets/Handpainted_Grass_and_Ground_Textures/Textures/Dirt/dirt_normal/dirt_normal_left.png using Guid(564301c44b28a8a4288812f7d3327726) Importer(815301076,1909f56bfc062723c751e8b465ee728b) (PreviewImporter) -> (artifact id: 'e3cdc5bbc7c4549ebb66bb7528fda42d') in 0.0308038 seconds
Number of updated asset objects reloaded before import = 0Number of asset objects unloaded after import = 2

========================================================================
Received Import Request.
  Time since last request: 0.204743 seconds.
  path: Assets/Handpainted_Grass_and_Ground_Textures/Textures/Dirt/dirt_overcorrupted/dirt_overcorrupted_right.png
  artifactKey: Guid(57e1518f4c4216f47ab2cf51a7c84a5e) Importer(815301076,1909f56bfc062723c751e8b465ee728b)
Start importing Assets/Handpainted_Grass_and_Ground_Textures/Textures/Dirt/dirt_overcorrupted/dirt_overcorrupted_right.png using Guid(57e1518f4c4216f47ab2cf51a7c84a5e) Importer(815301076,1909f56bfc062723c751e8b465ee728b) (PreviewImporter) -> (artifact id: 'a30c028a402fd56572719b78fd418173') in 0.038173 seconds
Number of updated asset objects reloaded before import = 0Number of asset objects unloaded after import = 2

========================================================================
Received Import Request.
  Time since last request: 0.000106 seconds.
  path: Assets/Handpainted_Grass_and_Ground_Textures/Textures/Dirt/dirt_overdesatured/dirt_overdesatured_up.png
  artifactKey: Guid(0ce40b506ba1e10418a120c2ec1c4012) Importer(815301076,1909f56bfc062723c751e8b465ee728b)
Start importing Assets/Handpainted_Grass_and_Ground_Textures/Textures/Dirt/dirt_overdesatured/dirt_overdesatured_up.png using Guid(0ce40b506ba1e10418a120c2ec1c4012) Importer(815301076,1909f56bfc062723c751e8b465ee728b) (PreviewImporter) -> (artifact id: 'e63e6f47aeacfa62e66d235416713de9') in 0.0265097 seconds
Number of updated asset objects reloaded before import = 0Number of asset objects unloaded after import = 2

========================================================================
Received Import Request.
  Time since last request: 0.921401 seconds.
  path: Assets/MicroVerse-Extras/Terrain Textures/Textures/Grass 01/Grass 01_BaseColor.png
  artifactKey: Guid(a7f347c28bd9b174882f166e64a6453a) Importer(815301076,1909f56bfc062723c751e8b465ee728b)
Start importing Assets/MicroVerse-Extras/Terrain Textures/Textures/Grass 01/Grass 01_BaseColor.png using Guid(a7f347c28bd9b174882f166e64a6453a) Importer(815301076,1909f56bfc062723c751e8b465ee728b) (PreviewImporter) -> (artifact id: 'fd0600f124f223e7089c21081c47a49e') in 0.0245121 seconds
Number of updated asset objects reloaded before import = 0Number of asset objects unloaded after import = 2

========================================================================
Received Import Request.
  Time since last request: 0.751761 seconds.
  path: Assets/MicroVerse-Extras/Terrain Textures/Textures/Grass 01/Grass 01_Normal.png
  artifactKey: Guid(a64538513abb4d34696f8611e5740283) Importer(815301076,1909f56bfc062723c751e8b465ee728b)
Start importing Assets/MicroVerse-Extras/Terrain Textures/Textures/Grass 01/Grass 01_Normal.png using Guid(a64538513abb4d34696f8611e5740283) Importer(815301076,1909f56bfc062723c751e8b465ee728b) (PreviewImporter) -> (artifact id: 'e5c1c51a7583c88f2cffb3c379518ed0') in 0.0276281 seconds
Number of updated asset objects reloaded before import = 0Number of asset objects unloaded after import = 2

========================================================================
Received Import Request.
  Time since last request: 0.000232 seconds.
  path: Assets/MicroVerse-Extras/Terrain Textures/Textures/Grass 02/Grass 02_MaskMap.png
  artifactKey: Guid(8c3b866041309064fa5061384fe096aa) Importer(815301076,1909f56bfc062723c751e8b465ee728b)
Start importing Assets/MicroVerse-Extras/Terrain Textures/Textures/Grass 02/Grass 02_MaskMap.png using Guid(8c3b866041309064fa5061384fe096aa) Importer(815301076,1909f56bfc062723c751e8b465ee728b) (PreviewImporter) -> (artifact id: 'fee54e2ade22d58f478e864eb09d26c9') in 0.0299709 seconds
Number of updated asset objects reloaded before import = 0Number of asset objects unloaded after import = 2

========================================================================
Received Import Request.
  Time since last request: 0.304848 seconds.
  path: Assets/MicroVerse-Extras/Terrain Textures/Textures/Grass 03/Grass 03_Height.png
  artifactKey: Guid(c5ffe17e4a948d5438a7be58729f972b) Importer(815301076,1909f56bfc062723c751e8b465ee728b)
Start importing Assets/MicroVerse-Extras/Terrain Textures/Textures/Grass 03/Grass 03_Height.png using Guid(c5ffe17e4a948d5438a7be58729f972b) Importer(815301076,1909f56bfc062723c751e8b465ee728b) (PreviewImporter) -> (artifact id: '3af6e85fa3d450dec4fe04182bfe09e5') in 0.024696 seconds
Number of updated asset objects reloaded before import = 0Number of asset objects unloaded after import = 2

========================================================================
Received Import Request.
  Time since last request: 0.000138 seconds.
  path: Assets/MicroVerse-Extras/Terrain Textures/Textures/Grass 04/Grass 04_BaseColor.png
  artifactKey: Guid(2c8650f6f0379a749b42fa6bcb99488b) Importer(815301076,1909f56bfc062723c751e8b465ee728b)
Start importing Assets/MicroVerse-Extras/Terrain Textures/Textures/Grass 04/Grass 04_BaseColor.png using Guid(2c8650f6f0379a749b42fa6bcb99488b) Importer(815301076,1909f56bfc062723c751e8b465ee728b) (PreviewImporter) -> (artifact id: '0c731ab4257ea1f6e4534dc20c9c0013') in 0.0219164 seconds
Number of updated asset objects reloaded before import = 0Number of asset objects unloaded after import = 2

========================================================================
Received Import Request.
  Time since last request: 0.098026 seconds.
  path: Assets/MicroVerse-Extras/Terrain Textures/Content/Prefabs/Texture/Grass 05.png
  artifactKey: Guid(604360d8d756e374dbe9ea8896e270c2) Importer(815301076,1909f56bfc062723c751e8b465ee728b)
Start importing Assets/MicroVerse-Extras/Terrain Textures/Content/Prefabs/Texture/Grass 05.png using Guid(604360d8d756e374dbe9ea8896e270c2) Importer(815301076,1909f56bfc062723c751e8b465ee728b) (PreviewImporter) -> (artifact id: '351901dc4b8f5383b66c6477cbbd697e') in 0.0195924 seconds
Number of updated asset objects reloaded before import = 0Number of asset objects unloaded after import = 2

========================================================================
Received Import Request.
  Time since last request: 0.000017 seconds.
  path: Assets/MicroVerse-Extras/Terrain Textures/Textures/Grass 05/Grass 05_MaskMap.png
  artifactKey: Guid(98d0c42f3f7f01f43b3a87eb51e8b542) Importer(815301076,1909f56bfc062723c751e8b465ee728b)
Start importing Assets/MicroVerse-Extras/Terrain Textures/Textures/Grass 05/Grass 05_MaskMap.png using Guid(98d0c42f3f7f01f43b3a87eb51e8b542) Importer(815301076,1909f56bfc062723c751e8b465ee728b) (PreviewImporter) -> (artifact id: 'd4420c61a8df471eaf3baee223d4d669') in 0.0246918 seconds
Number of updated asset objects reloaded before import = 0Number of asset objects unloaded after import = 2

========================================================================
Received Import Request.
  Time since last request: 18.409945 seconds.
  path: Assets/MicroVerse-Extras/Terrain Textures/Content/Prefabs/Texture/Grass 07.png
  artifactKey: Guid(aeb9348851adba3438b59788d8cd5f51) Importer(815301076,1909f56bfc062723c751e8b465ee728b)
Start importing Assets/MicroVerse-Extras/Terrain Textures/Content/Prefabs/Texture/Grass 07.png using Guid(aeb9348851adba3438b59788d8cd5f51) Importer(815301076,1909f56bfc062723c751e8b465ee728b) (PreviewImporter) -> (artifact id: 'bad5b5d69b23b00e23b6de2b6bcdfe0e') in 0.0207962 seconds
Number of updated asset objects reloaded before import = 0Number of asset objects unloaded after import = 2

========================================================================
Received Import Request.
  Time since last request: 0.002020 seconds.
  path: Assets/MicroVerse-Extras/Terrain Textures/Textures/Grass 07/Grass 07_Normal.png
  artifactKey: Guid(ec9e3baffae98364184b756e4aefc18a) Importer(815301076,1909f56bfc062723c751e8b465ee728b)
Start importing Assets/MicroVerse-Extras/Terrain Textures/Textures/Grass 07/Grass 07_Normal.png using Guid(ec9e3baffae98364184b756e4aefc18a) Importer(815301076,1909f56bfc062723c751e8b465ee728b) (PreviewImporter) -> (artifact id: '498643816c271f6bb1c66d8b4970b14e') in 0.0309521 seconds
Number of updated asset objects reloaded before import = 0Number of asset objects unloaded after import = 2

========================================================================
Received Import Request.
  Time since last request: 0.240483 seconds.
  path: Assets/MicroVerse-Extras/Terrain Textures/Textures/Grass 08/Grass 08_Height.png
  artifactKey: Guid(f5204078f99702d419e49cb80b74c03a) Importer(815301076,1909f56bfc062723c751e8b465ee728b)
Start importing Assets/MicroVerse-Extras/Terrain Textures/Textures/Grass 08/Grass 08_Height.png using Guid(f5204078f99702d419e49cb80b74c03a) Importer(815301076,1909f56bfc062723c751e8b465ee728b) (PreviewImporter) -> (artifact id: '6763641d2e2521e1a00154d96e28919b') in 0.0298225 seconds
Number of updated asset objects reloaded before import = 0Number of asset objects unloaded after import = 2

========================================================================
Received Import Request.
  Time since last request: 0.390311 seconds.
  path: Assets/MicroVerse-Extras/Terrain Textures/Textures/Grass 09/Grass 09_Normal.png
  artifactKey: Guid(43def387a1e26bc4cb02ccf4910294fb) Importer(815301076,1909f56bfc062723c751e8b465ee728b)
Start importing Assets/MicroVerse-Extras/Terrain Textures/Textures/Grass 09/Grass 09_Normal.png using Guid(43def387a1e26bc4cb02ccf4910294fb) Importer(815301076,1909f56bfc062723c751e8b465ee728b) (PreviewImporter) -> (artifact id: '5c850f145303985bca9455f7eb95f229') in 0.0380207 seconds
Number of updated asset objects reloaded before import = 0Number of asset objects unloaded after import = 2

========================================================================
Received Import Request.
  Time since last request: 0.047781 seconds.
  path: Assets/Handpainted_Grass_and_Ground_Textures/Textures/Grass/Grass_corrupted/Grass_corrupted_up.png
  artifactKey: Guid(a6ee5260deb44d247ae90120ee36766b) Importer(815301076,1909f56bfc062723c751e8b465ee728b)
Start importing Assets/Handpainted_Grass_and_Ground_Textures/Textures/Grass/Grass_corrupted/Grass_corrupted_up.png using Guid(a6ee5260deb44d247ae90120ee36766b) Importer(815301076,1909f56bfc062723c751e8b465ee728b) (PreviewImporter) -> (artifact id: '611265bf9e0ba2e23bdfba62118915a8') in 0.0273135 seconds
Number of updated asset objects reloaded before import = 0Number of asset objects unloaded after import = 2

========================================================================
Received Import Request.
  Time since last request: 0.000061 seconds.
  path: Assets/Handpainted_Grass_and_Ground_Textures/Textures/Grass/Grass_desatured/Grass_desatured_left.png
  artifactKey: Guid(d916e88f8aa1fa442944ce97554f6adf) Importer(815301076,1909f56bfc062723c751e8b465ee728b)
Start importing Assets/Handpainted_Grass_and_Ground_Textures/Textures/Grass/Grass_desatured/Grass_desatured_left.png using Guid(d916e88f8aa1fa442944ce97554f6adf) Importer(815301076,1909f56bfc062723c751e8b465ee728b) (PreviewImporter) -> (artifact id: '7a884746d884562f2951521a2e1fa473') in 0.0231303 seconds
Number of updated asset objects reloaded before import = 0Number of asset objects unloaded after import = 2

========================================================================
Received Import Request.
  Time since last request: 10.786683 seconds.
  path: Assets/Handpainted_Grass_and_Ground_Textures/Textures/Grass/Grass_desatured/Grass_desatured_up.png
  artifactKey: Guid(08fd9bc0030381b4f832659a4622fcbc) Importer(815301076,1909f56bfc062723c751e8b465ee728b)
Start importing Assets/Handpainted_Grass_and_Ground_Textures/Textures/Grass/Grass_desatured/Grass_desatured_up.png using Guid(08fd9bc0030381b4f832659a4622fcbc) Importer(815301076,1909f56bfc062723c751e8b465ee728b) (PreviewImporter) -> (artifact id: '2e51a0bdd8c7017e5fd843bd3cf9c97a') in 0.0261866 seconds
Number of updated asset objects reloaded before import = 0Number of asset objects unloaded after import = 2

========================================================================
Received Import Request.
  Time since last request: 0.000013 seconds.
  path: Assets/Handpainted_Grass_and_Ground_Textures/Textures/Grass/Grass_normal/Grass_normal_left.png
  artifactKey: Guid(7bd486cf36b61954d9012c6704ab80a4) Importer(815301076,1909f56bfc062723c751e8b465ee728b)
Start importing Assets/Handpainted_Grass_and_Ground_Textures/Textures/Grass/Grass_normal/Grass_normal_left.png using Guid(7bd486cf36b61954d9012c6704ab80a4) Importer(815301076,1909f56bfc062723c751e8b465ee728b) (PreviewImporter) -> (artifact id: 'a3bb97edea700d6ba8d989d94728062a') in 0.0227628 seconds
Number of updated asset objects reloaded before import = 0Number of asset objects unloaded after import = 2

========================================================================
Received Import Request.
  Time since last request: 0.257734 seconds.
  path: Assets/Handpainted_Grass_and_Ground_Textures/Textures/Grass/Grass_normal/Grass_normal_up.png
  artifactKey: Guid(deb64ef6450ec574db0af67225551acf) Importer(815301076,1909f56bfc062723c751e8b465ee728b)
Start importing Assets/Handpainted_Grass_and_Ground_Textures/Textures/Grass/Grass_normal/Grass_normal_up.png using Guid(deb64ef6450ec574db0af67225551acf) Importer(815301076,1909f56bfc062723c751e8b465ee728b) (PreviewImporter) -> (artifact id: '9bf1da89475d25ee47dbf0f8e71e2987') in 0.0207279 seconds
Number of updated asset objects reloaded before import = 0Number of asset objects unloaded after import = 2

========================================================================
Received Import Request.
  Time since last request: 0.000013 seconds.
  path: Assets/Handpainted_Grass_and_Ground_Textures/Textures/Grass/Grass_swamp_dark/Grass_swamp_dark_down.png
  artifactKey: Guid(fbbb6bbb9d3869c4e9cbda0884c281a2) Importer(815301076,1909f56bfc062723c751e8b465ee728b)
Start importing Assets/Handpainted_Grass_and_Ground_Textures/Textures/Grass/Grass_swamp_dark/Grass_swamp_dark_down.png using Guid(fbbb6bbb9d3869c4e9cbda0884c281a2) Importer(815301076,1909f56bfc062723c751e8b465ee728b) (PreviewImporter) -> (artifact id: '9fb950d44a5f7cb0982799f149a1d572') in 0.0314413 seconds
Number of updated asset objects reloaded before import = 0Number of asset objects unloaded after import = 2

========================================================================
Received Import Request.
  Time since last request: 0.059599 seconds.
  path: Assets/Handpainted_Grass_and_Ground_Textures/Textures/Grass/Grass_swamp_dark/Grass_swamp_dark_up.png
  artifactKey: Guid(62a8bc25af5c388458823063b0415e1f) Importer(815301076,1909f56bfc062723c751e8b465ee728b)
Start importing Assets/Handpainted_Grass_and_Ground_Textures/Textures/Grass/Grass_swamp_dark/Grass_swamp_dark_up.png using Guid(62a8bc25af5c388458823063b0415e1f) Importer(815301076,1909f56bfc062723c751e8b465ee728b) (PreviewImporter) -> (artifact id: '220970f8f85b4ec4531ee88de6f18b9e') in 0.0292965 seconds
Number of updated asset objects reloaded before import = 0Number of asset objects unloaded after import = 2

========================================================================
Received Import Request.
  Time since last request: 0.000013 seconds.
  path: Assets/Handpainted_Grass_and_Ground_Textures/Textures/Grass/Grass_swamp_lighted/Grass_swamp_lighted_up.png
  artifactKey: Guid(388f2f1cf74926b4b87216b23523d64d) Importer(815301076,1909f56bfc062723c751e8b465ee728b)
Start importing Assets/Handpainted_Grass_and_Ground_Textures/Textures/Grass/Grass_swamp_lighted/Grass_swamp_lighted_up.png using Guid(388f2f1cf74926b4b87216b23523d64d) Importer(815301076,1909f56bfc062723c751e8b465ee728b) (PreviewImporter) -> (artifact id: 'b35696750d164130edfc7d20a440232b') in 0.0318099 seconds
Number of updated asset objects reloaded before import = 0Number of asset objects unloaded after import = 2

========================================================================
Received Import Request.
  Time since last request: 1.421445 seconds.
  path: Assets/Handpainted_Grass_and_Ground_Textures/Textures/Grass/Grass_swamp_normal/Grass_swamp_normal_up.png
  artifactKey: Guid(7f9cef2ef4dd02d4c9ffdf0b77dc74ea) Importer(815301076,1909f56bfc062723c751e8b465ee728b)
Start importing Assets/Handpainted_Grass_and_Ground_Textures/Textures/Grass/Grass_swamp_normal/Grass_swamp_normal_up.png using Guid(7f9cef2ef4dd02d4c9ffdf0b77dc74ea) Importer(815301076,1909f56bfc062723c751e8b465ee728b) (PreviewImporter) -> (artifact id: '78be68f6f61de6f237764d7cc9ed8864') in 0.025557 seconds
Number of updated asset objects reloaded before import = 0Number of asset objects unloaded after import = 2

========================================================================
Received Import Request.
  Time since last request: 0.000120 seconds.
  path: Assets/MicroVerse-Extras/Terrain Textures/Textures/Gravel 01/Gravel 01_MaskMap.png
  artifactKey: Guid(b214e0937b6c61847872304d9f25e1e2) Importer(815301076,1909f56bfc062723c751e8b465ee728b)
Start importing Assets/MicroVerse-Extras/Terrain Textures/Textures/Gravel 01/Gravel 01_MaskMap.png using Guid(b214e0937b6c61847872304d9f25e1e2) Importer(815301076,1909f56bfc062723c751e8b465ee728b) (PreviewImporter) -> (artifact id: 'b5d1e7aeae540b94433b44980837db6c') in 0.0332976 seconds
Number of updated asset objects reloaded before import = 0Number of asset objects unloaded after import = 2

========================================================================
Received Import Request.
  Time since last request: 46.553214 seconds.
  path: Assets/Handpainted_Grass_and_Ground_Textures/Demo/terrain_layers/dirt_lighted_down.terrainlayer
  artifactKey: Guid(9d3c14d093c5efa488e582f9a1b2f663) Importer(815301076,1909f56bfc062723c751e8b465ee728b)
Start importing Assets/Handpainted_Grass_and_Ground_Textures/Demo/terrain_layers/dirt_lighted_down.terrainlayer using Guid(9d3c14d093c5efa488e582f9a1b2f663) Importer(815301076,1909f56bfc062723c751e8b465ee728b) (PreviewImporter) -> (artifact id: '8490c84627f9210827e90911a7dc5b01') in 0.0241272 seconds
Number of updated asset objects reloaded before import = 0Number of asset objects unloaded after import = 2

========================================================================
Received Import Request.
  Time since last request: 3.766094 seconds.
  path: Assets/Handpainted_Grass_and_Ground_Textures/Demo/terrain_layers/NewLayer 1.terrainlayer
  artifactKey: Guid(0cafbabc50bb41a49b63a39566fbea86) Importer(815301076,1909f56bfc062723c751e8b465ee728b)
Start importing Assets/Handpainted_Grass_and_Ground_Textures/Demo/terrain_layers/NewLayer 1.terrainlayer using Guid(0cafbabc50bb41a49b63a39566fbea86) Importer(815301076,1909f56bfc062723c751e8b465ee728b) (PreviewImporter) -> (artifact id: '6b61cea80d18fda043e94e01c2c9493f') in 0.0249964 seconds
Number of updated asset objects reloaded before import = 0Number of asset objects unloaded after import = 2

========================================================================
Received Import Request.
  Time since last request: 0.000015 seconds.
  path: Assets/Handpainted_Grass_and_Ground_Textures/Demo/terrain_layers/NewLayer 5.terrainlayer
  artifactKey: Guid(7642c1e1e32bf8745b61278680f19343) Importer(815301076,1909f56bfc062723c751e8b465ee728b)
Start importing Assets/Handpainted_Grass_and_Ground_Textures/Demo/terrain_layers/NewLayer 5.terrainlayer using Guid(7642c1e1e32bf8745b61278680f19343) Importer(815301076,1909f56bfc062723c751e8b465ee728b) (PreviewImporter) -> (artifact id: 'c010f57d848c7de19f6296b5421344da') in 0.0260012 seconds
Number of updated asset objects reloaded before import = 0Number of asset objects unloaded after import = 2

========================================================================
Received Import Request.
  Time since last request: 0.000054 seconds.
  path: Assets/Handpainted_Grass_and_Ground_Textures/Demo/terrain_layers/NewLayer 10.terrainlayer
  artifactKey: Guid(112feed5f2078274db9d711316c8dab9) Importer(815301076,1909f56bfc062723c751e8b465ee728b)
Start importing Assets/Handpainted_Grass_and_Ground_Textures/Demo/terrain_layers/NewLayer 10.terrainlayer using Guid(112feed5f2078274db9d711316c8dab9) Importer(815301076,1909f56bfc062723c751e8b465ee728b) (PreviewImporter) -> (artifact id: '0cd15899708a015725683780199b4747') in 0.0209329 seconds
Number of updated asset objects reloaded before import = 0Number of asset objects unloaded after import = 2

========================================================================
Received Import Request.
  Time since last request: 1.022253 seconds.
  path: Assets/Handpainted_Grass_and_Ground_Textures/Demo/terrain_layers/NewLayer 13.terrainlayer
  artifactKey: Guid(0e4de40428c96f94297d5268d52bccf7) Importer(815301076,1909f56bfc062723c751e8b465ee728b)
Start importing Assets/Handpainted_Grass_and_Ground_Textures/Demo/terrain_layers/NewLayer 13.terrainlayer using Guid(0e4de40428c96f94297d5268d52bccf7) Importer(815301076,1909f56bfc062723c751e8b465ee728b) (PreviewImporter) -> (artifact id: '117056bb569ea01689135533af1e952b') in 0.0244808 seconds
Number of updated asset objects reloaded before import = 0Number of asset objects unloaded after import = 2

========================================================================
Received Import Request.
  Time since last request: 0.000012 seconds.
  path: Assets/Handpainted_Grass_and_Ground_Textures/Demo/terrain_layers/NewLayer 16.terrainlayer
  artifactKey: Guid(16bd2cbfda1f4f94eb9d42fbe0989f12) Importer(815301076,1909f56bfc062723c751e8b465ee728b)
Start importing Assets/Handpainted_Grass_and_Ground_Textures/Demo/terrain_layers/NewLayer 16.terrainlayer using Guid(16bd2cbfda1f4f94eb9d42fbe0989f12) Importer(815301076,1909f56bfc062723c751e8b465ee728b) (PreviewImporter) -> (artifact id: '859be22d4e255ed0d3cd74ca25b441bc') in 0.0293436 seconds
Number of updated asset objects reloaded before import = 0Number of asset objects unloaded after import = 2

Editor requested this worker to shutdown with reason: Scaling down because of idle timeout
AssetImportWorkerClient::OnTransportError - code=2 error=End of file
AssetImportWorker is now disconnected from the server
Process exiting
Exiting without the bug reporter. Application will terminate with return code 0