Using pre-set license
Built from '6000.0/staging' branch; Version is '6000.0.41f1 (46e447368a18) revision 4645959'; Using compiler version '193933523'; Build Type 'Release'
OS: 'Windows 11  (10.0.26100) 64bit Core' Language: 'ru' Physical Memory: 16070 MB
BatchMode: 1, IsHumanControllingUs: 0, StartBugReporterOnCrash: 0, Is64bit: 1, IsPro: 1

COMMAND LINE ARGUMENTS:
C:\Program Files\Unity\Hub\Editor\6000.0.41f1\Editor\Unity.exe
-adb2
-batchMode
-noUpm
-name
AssetImportWorker15
-projectPath
C:/Game_Unity_Car-2/Car-2/Game_Car-2
-logFile
Logs/AssetImportWorker15.log
-srvPort
57370
-job-worker-count
7
-background-job-worker-count
8
-gc-helper-count
1
Successfully changed project path to: C:/Game_Unity_Car-2/Car-2/Game_Car-2
C:/Game_Unity_Car-2/Car-2/Game_Car-2
[UnityMemory] Configuration Parameters - Can be set up in boot.config
    "memorysetup-bucket-allocator-granularity=16"
    "memorysetup-bucket-allocator-bucket-count=8"
    "memorysetup-bucket-allocator-block-size=33554432"
    "memorysetup-bucket-allocator-block-count=8"
    "memorysetup-main-allocator-block-size=16777216"
    "memorysetup-thread-allocator-block-size=16777216"
    "memorysetup-gfx-main-allocator-block-size=16777216"
    "memorysetup-gfx-thread-allocator-block-size=16777216"
    "memorysetup-cache-allocator-block-size=4194304"
    "memorysetup-typetree-allocator-block-size=2097152"
    "memorysetup-profiler-bucket-allocator-granularity=16"
    "memorysetup-profiler-bucket-allocator-bucket-count=8"
    "memorysetup-profiler-bucket-allocator-block-size=33554432"
    "memorysetup-profiler-bucket-allocator-block-count=8"
    "memorysetup-profiler-allocator-block-size=16777216"
    "memorysetup-profiler-editor-allocator-block-size=1048576"
    "memorysetup-temp-allocator-size-main=16777216"
    "memorysetup-job-temp-allocator-block-size=2097152"
    "memorysetup-job-temp-allocator-block-size-background=1048576"
    "memorysetup-job-temp-allocator-reduction-small-platforms=262144"
    "memorysetup-allocator-temp-initial-block-size-main=262144"
    "memorysetup-allocator-temp-initial-block-size-worker=262144"
    "memorysetup-temp-allocator-size-background-worker=32768"
    "memorysetup-temp-allocator-size-job-worker=262144"
    "memorysetup-temp-allocator-size-preload-manager=33554432"
    "memorysetup-temp-allocator-size-nav-mesh-worker=65536"
    "memorysetup-temp-allocator-size-audio-worker=65536"
    "memorysetup-temp-allocator-size-cloud-worker=32768"
    "memorysetup-temp-allocator-size-gi-baking-worker=262144"
    "memorysetup-temp-allocator-size-gi-baking-worker=262144"
    "memorysetup-temp-allocator-size-gi-baking-worker=262144"
    "memorysetup-temp-allocator-size-gi-baking-worker=262144"
    "memorysetup-temp-allocator-size-gi-baking-worker=262144"
    "memorysetup-temp-allocator-size-gfx=262144"
Player connection [36092]  Target information:

Player connection [36092]  * "[IP] 192.168.1.24 [Port] 0 [Flags] 2 [Guid] 28138301 [EditorId] 28138301 [Version] 1048832 [Id] WindowsEditor(7,LAPTOP-TS10LTIF) [Debug] 1 [PackageName] WindowsEditor [ProjectName] Editor" 

Player connection [36092] Host joined multi-casting on [225.0.0.222:54997]...
Player connection [36092] Host joined alternative multi-casting on [225.0.0.222:34997]...
JobSystem: Creating JobQueue using job-worker-count value 7
Input System module state changed to: Initialized.
[Physics::Module] Initialized fallback backend.
[Physics::Module] Id: 0xdecafbad
Library Redirect Path: Library/
[Physics::Module] Selected backend.
[Physics::Module] Name: PhysX
[Physics::Module] Id: 0xf2b8ea05
[Physics::Module] SDK Version: 4.1.2
[Physics::Module] Integration Version: 1.0.0
[Physics::Module] Threading Mode: Multi-Threaded
Refreshing native plugins compatible for Editor in 1.33 ms, found 3 plugins.
Preloading 0 native plugins for Editor in 0.00 ms.
Initialize engine version: 6000.0.41f1 (46e447368a18)
[Subsystems] Discovering subsystems at path C:/Program Files/Unity/Hub/Editor/6000.0.41f1/Editor/Data/Resources/UnitySubsystems
[Subsystems] Discovering subsystems at path C:/Game_Unity_Car-2/Car-2/Game_Car-2/Assets
GfxDevice: creating device client; kGfxThreadingModeNonThreaded
Direct3D:
    Version:  Direct3D 11.0 [level 11.1]
    Renderer: NVIDIA GeForce RTX 4060 Laptop GPU (ID=0x28a0)
    Vendor:   NVIDIA
    VRAM:     7957 MB
    Driver:   32.0.15.6590
Initialize mono
Mono path[0] = 'C:/Program Files/Unity/Hub/Editor/6000.0.41f1/Editor/Data/Managed'
Mono path[1] = 'C:/Program Files/Unity/Hub/Editor/6000.0.41f1/Editor/Data/MonoBleedingEdge/lib/mono/unityjit-win32'
Mono config path = 'C:/Program Files/Unity/Hub/Editor/6000.0.41f1/Editor/Data/MonoBleedingEdge/etc'
Using monoOptions --debugger-agent=transport=dt_socket,embedding=1,server=y,suspend=n,address=127.0.0.1:56632
Begin MonoManager ReloadAssembly
Registering precompiled unity dll's ...
Register platform support module: C:/Program Files/Unity/Hub/Editor/6000.0.41f1/Editor/Data/PlaybackEngines/WebGLSupport/UnityEditor.WebGL.Extensions.dll
Register platform support module: C:/Program Files/Unity/Hub/Editor/6000.0.41f1/Editor/Data/PlaybackEngines/WindowsStandaloneSupport/UnityEditor.WindowsStandalone.Extensions.dll
Registered in 0.003050 seconds.
- Loaded All Assemblies, in  0.360 seconds
Native extension for WindowsStandalone target not found
Native extension for WebGL target not found
Mono: successfully reloaded assembly
- Finished resetting the current domain, in  0.300 seconds
Domain Reload Profiling: 659ms
	BeginReloadAssembly (119ms)
		ExecutionOrderSort (0ms)
		DisableScriptedObjects (0ms)
		BackupInstance (0ms)
		ReleaseScriptingObjects (0ms)
		CreateAndSetChildDomain (1ms)
	RebuildCommonClasses (31ms)
	RebuildNativeTypeToScriptingClass (10ms)
	initialDomainReloadingComplete (42ms)
	LoadAllAssembliesAndSetupDomain (157ms)
		LoadAssemblies (117ms)
		RebuildTransferFunctionScriptingTraits (0ms)
		AnalyzeDomain (154ms)
			TypeCache.Refresh (152ms)
				TypeCache.ScanAssembly (140ms)
			BuildScriptInfoCaches (0ms)
			ResolveRequiredComponents (1ms)
	FinalizeReload (301ms)
		ReleaseScriptCaches (0ms)
		RebuildScriptCaches (0ms)
		SetupLoadedEditorAssemblies (259ms)
			LogAssemblyErrors (0ms)
			InitializePlatformSupportModulesInManaged (22ms)
			SetLoadedEditorAssemblies (5ms)
			BeforeProcessingInitializeOnLoad (50ms)
			ProcessInitializeOnLoadAttributes (140ms)
			ProcessInitializeOnLoadMethodAttributes (41ms)
			AfterProcessingInitializeOnLoad (0ms)
			EditorAssembliesLoaded (0ms)
		ExecutionOrderSort2 (0ms)
		AwakeInstancesAfterBackupRestoration (0ms)
Assembly reference Packages/com.unity.cinemachine/Editor/Samples/ExposeHDRPInternals/HDRP-Editor-ref.asmref has no target assembly definition
========================================================================
Worker process is ready to serve import requests
Import Worker Mode flag is 0x00
Assembly reference Packages/com.unity.cinemachine/Editor/Samples/ExposeHDRPInternals/HDRP-Editor-ref.asmref has no target assembly definition
Assembly reference Packages/com.unity.cinemachine/Editor/Samples/ExposeHDRPInternals/HDRP-Editor-ref.asmref has no target assembly definition
Begin MonoManager ReloadAssembly
- Loaded All Assemblies, in  0.705 seconds
Assembly reference Packages/com.unity.cinemachine/Editor/Samples/ExposeHDRPInternals/HDRP-Editor-ref.asmref has no target assembly definition
'Packages/com.unity.cinemachine/Editor/Obsolete/CinemachineVirtualCameraBaseEditor.cs' contains partial class of Unity.Object, exactly 1 of the partial classes needs to be in a file with the same filename. This is to know the one that can be referenced from ie. GameObjects
'Packages/com.unity.cinemachine/Editor/Editors/CinemachineVirtualCameraBaseEditor.cs' contains partial class of Unity.Object, exactly 1 of the partial classes needs to be in a file with the same filename. This is to know the one that can be referenced from ie. GameObjects
Refreshing native plugins compatible for Editor in 1.34 ms, found 3 plugins.
Native extension for WindowsStandalone target not found
Native extension for WebGL target not found
Assembly reference Packages/com.unity.cinemachine/Editor/Samples/ExposeHDRPInternals/HDRP-Editor-ref.asmref has no target assembly definition
Package Manager log level set to [2]
[Package Manager] Failed to launch server process. Reason: Unity was launched with the -noUpm command-line argument
[Package Manager] Unable to send message (not connected to server process).
[Package Manager] Cannot connect to Unity Package Manager local server
System.Exception: Error! Visual Scripting: couldn't find visual scripting package
  at Unity.VisualScripting.PackageVersionUtility.get_version () [0x00025] in .\Library\PackageCache\com.unity.visualscripting@1b53f46e931b\Editor\VisualScripting.Core\Utilities\PackageVersionUtility.cs:22 
  at Unity.VisualScripting.BoltCoreManifest.get_version () [0x00000] in .\Library\PackageCache\com.unity.visualscripting@1b53f46e931b\Editor\VisualScripting.Core\Plugin\BoltCoreManifest.cs:11 
  at Unity.VisualScripting.PluginManifest.get_currentVersion () [0x00000] in .\Library\PackageCache\com.unity.visualscripting@1b53f46e931b\Editor\VisualScripting.Core\Plugins\PluginManifest.cs:33 
  at Unity.VisualScripting.PluginManifest.get_versionMismatch () [0x00000] in .\Library\PackageCache\com.unity.visualscripting@1b53f46e931b\Editor\VisualScripting.Core\Plugins\PluginManifest.cs:48 
  at Unity.VisualScripting.PluginContainer.Initialize () [0x0057d] in .\Library\PackageCache\com.unity.visualscripting@1b53f46e931b\Editor\VisualScripting.Core\Plugins\PluginContainer.cs:208 
  at Unity.VisualScripting.PluginContainer.InitializeOnLoad () [0x00012] in .\Library\PackageCache\com.unity.visualscripting@1b53f46e931b\Editor\VisualScripting.Core\Plugins\PluginContainer.cs:32 
  at Unity.VisualScripting.VSUsageUtility.DoInitializeOnLoadCalls () [0x00044] in .\Library\PackageCache\com.unity.visualscripting@1b53f46e931b\Editor\VisualScripting.Core\Utilities\VSUsageUtility.cs:76 
  at Unity.VisualScripting.VSUsageUtility.set_isVisualScriptingUsed (System.Boolean value) [0x00037] in .\Library\PackageCache\com.unity.visualscripting@1b53f46e931b\Editor\VisualScripting.Core\Utilities\VSUsageUtility.cs:114 
  at Unity.VisualScripting.VSUsageUtility.CheckAndSetIsVisualScriptingUsed () [0x0003f] in .\Library\PackageCache\com.unity.visualscripting@1b53f46e931b\Editor\VisualScripting.Core\Utilities\VSUsageUtility.cs:48 
  at Unity.VisualScripting.VSUsageUtility..cctor () [0x0000d] in .\Library\PackageCache\com.unity.visualscripting@1b53f46e931b\Editor\VisualScripting.Core\Utilities\VSUsageUtility.cs:22 
UnityEngine.Debug:ExtractStackTraceNoAlloc (byte*,int,string)
UnityEngine.StackTraceUtility:ExtractStackTrace ()
UnityEngine.DebugLogHandler:Internal_Log (UnityEngine.LogType,UnityEngine.LogOption,string,UnityEngine.Object)
UnityEngine.DebugLogHandler:LogFormat (UnityEngine.LogType,UnityEngine.Object,string,object[])
UnityEngine.Logger:Log (UnityEngine.LogType,object)
UnityEngine.Debug:LogError (object)
UnityEditor.EditorAssemblies:ProcessInitializeOnLoadAttributes (System.Type[])

Mono: successfully reloaded assembly
- Finished resetting the current domain, in  1.086 seconds
Domain Reload Profiling: 1787ms
	BeginReloadAssembly (146ms)
		ExecutionOrderSort (0ms)
		DisableScriptedObjects (6ms)
		BackupInstance (0ms)
		ReleaseScriptingObjects (0ms)
		CreateAndSetChildDomain (26ms)
	RebuildCommonClasses (33ms)
	RebuildNativeTypeToScriptingClass (10ms)
	initialDomainReloadingComplete (34ms)
	LoadAllAssembliesAndSetupDomain (477ms)
		LoadAssemblies (342ms)
		RebuildTransferFunctionScriptingTraits (0ms)
		AnalyzeDomain (222ms)
			TypeCache.Refresh (160ms)
				TypeCache.ScanAssembly (145ms)
			BuildScriptInfoCaches (48ms)
			ResolveRequiredComponents (11ms)
	FinalizeReload (1086ms)
		ReleaseScriptCaches (0ms)
		RebuildScriptCaches (0ms)
		SetupLoadedEditorAssemblies (981ms)
			LogAssemblyErrors (0ms)
			InitializePlatformSupportModulesInManaged (3ms)
			SetLoadedEditorAssemblies (6ms)
			BeforeProcessingInitializeOnLoad (155ms)
			ProcessInitializeOnLoadAttributes (761ms)
			ProcessInitializeOnLoadMethodAttributes (51ms)
			AfterProcessingInitializeOnLoad (5ms)
			EditorAssembliesLoaded (0ms)
		ExecutionOrderSort2 (0ms)
		AwakeInstancesAfterBackupRestoration (5ms)
Launched and connected shader compiler UnityShaderCompiler.exe after 0.02 seconds
Refreshing native plugins compatible for Editor in 0.91 ms, found 3 plugins.
Preloading 0 native plugins for Editor in 0.00 ms.
Unloading 144 Unused Serialized files (Serialized files now loaded: 0)
Unloading 6415 unused Assets / (6.4 MB). Loaded Objects now: 7009.
Memory consumption went from 175.7 MB to 169.3 MB.
Total: 15.748100 ms (FindLiveObjects: 0.574900 ms CreateObjectMapping: 0.463900 ms MarkObjects: 12.138800 ms  DeleteObjects: 2.569200 ms)

========================================================================
Received Import Request.
  Time since last request: 413151.135314 seconds.
  path: Assets/Handpainted_Grass_and_Ground_Textures/Textures/Dirt/dirt_clay/dirt_clay_down.png
  artifactKey: Guid(a7b05dec520c8cf4c8e08dfef1f84db4) Importer(815301076,1909f56bfc062723c751e8b465ee728b)
Start importing Assets/Handpainted_Grass_and_Ground_Textures/Textures/Dirt/dirt_clay/dirt_clay_down.png using Guid(a7b05dec520c8cf4c8e08dfef1f84db4) Importer(815301076,1909f56bfc062723c751e8b465ee728b) (PreviewImporter) -> (artifact id: 'ca6fec251a781f4341dcb68fe9e7ac55') in 0.0957777 seconds
Number of updated asset objects reloaded before import = 0Number of asset objects unloaded after import = 2

========================================================================
Received Import Request.
  Time since last request: 0.716446 seconds.
  path: Assets/Handpainted_Grass_and_Ground_Textures/Textures/Dirt/dirt_claydarked/dirt_claydarked_left.png
  artifactKey: Guid(c8748b2da9e969c4ba1bc7c5fb221595) Importer(815301076,1909f56bfc062723c751e8b465ee728b)
Start importing Assets/Handpainted_Grass_and_Ground_Textures/Textures/Dirt/dirt_claydarked/dirt_claydarked_left.png using Guid(c8748b2da9e969c4ba1bc7c5fb221595) Importer(815301076,1909f56bfc062723c751e8b465ee728b) (PreviewImporter) -> (artifact id: 'ab455214a234336bb2e7c68c55707c1b') in 0.0373973 seconds
Number of updated asset objects reloaded before import = 0Number of asset objects unloaded after import = 2

========================================================================
Received Import Request.
  Time since last request: 0.000051 seconds.
  path: Assets/Handpainted_Grass_and_Ground_Textures/Textures/Dirt/dirt_corrupted/dirt_corrupted_left.png
  artifactKey: Guid(03c2d2d1b78d3e747af258eae4abf1cc) Importer(815301076,1909f56bfc062723c751e8b465ee728b)
Start importing Assets/Handpainted_Grass_and_Ground_Textures/Textures/Dirt/dirt_corrupted/dirt_corrupted_left.png using Guid(03c2d2d1b78d3e747af258eae4abf1cc) Importer(815301076,1909f56bfc062723c751e8b465ee728b) (PreviewImporter) -> (artifact id: '7381ec840a0ad35015e98a1a288cce67') in 0.0260043 seconds
Number of updated asset objects reloaded before import = 0Number of asset objects unloaded after import = 2

========================================================================
Received Import Request.
  Time since last request: 0.064093 seconds.
  path: Assets/Handpainted_Grass_and_Ground_Textures/Textures/Dirt/dirt_corrupted/dirt_corrupted_right.png
  artifactKey: Guid(35c017070b9f2494cb3c10563316fa3a) Importer(815301076,1909f56bfc062723c751e8b465ee728b)
Start importing Assets/Handpainted_Grass_and_Ground_Textures/Textures/Dirt/dirt_corrupted/dirt_corrupted_right.png using Guid(35c017070b9f2494cb3c10563316fa3a) Importer(815301076,1909f56bfc062723c751e8b465ee728b) (PreviewImporter) -> (artifact id: '6d80ae2bcdcf9948270e4435ad3f15a7') in 0.0244668 seconds
Number of updated asset objects reloaded before import = 0Number of asset objects unloaded after import = 2

========================================================================
Received Import Request.
  Time since last request: 0.000015 seconds.
  path: Assets/Handpainted_Grass_and_Ground_Textures/Textures/Dirt/dirt_desatured/dirt_desatured_up.png
  artifactKey: Guid(10a14fab7fa5c6b4cb60a29eb6e01303) Importer(815301076,1909f56bfc062723c751e8b465ee728b)
Start importing Assets/Handpainted_Grass_and_Ground_Textures/Textures/Dirt/dirt_desatured/dirt_desatured_up.png using Guid(10a14fab7fa5c6b4cb60a29eb6e01303) Importer(815301076,1909f56bfc062723c751e8b465ee728b) (PreviewImporter) -> (artifact id: '8af5abdf649cfee4edf3f3f5277f18d5') in 0.0234609 seconds
Number of updated asset objects reloaded before import = 0Number of asset objects unloaded after import = 2

========================================================================
Received Import Request.
  Time since last request: 0.000021 seconds.
  path: Assets/Handpainted_Grass_and_Ground_Textures/Textures/Dirt/dirt_desatured_rocks/dirt_desatured_rocks_down.png
  artifactKey: Guid(6dc316139475bb04e887760522945098) Importer(815301076,1909f56bfc062723c751e8b465ee728b)
Start importing Assets/Handpainted_Grass_and_Ground_Textures/Textures/Dirt/dirt_desatured_rocks/dirt_desatured_rocks_down.png using Guid(6dc316139475bb04e887760522945098) Importer(815301076,1909f56bfc062723c751e8b465ee728b) (PreviewImporter) -> (artifact id: 'c98f1313bc9739b4e7ba751f75b1d033') in 0.0201398 seconds
Number of updated asset objects reloaded before import = 0Number of asset objects unloaded after import = 2

========================================================================
Received Import Request.
  Time since last request: 0.000017 seconds.
  path: Assets/Handpainted_Grass_and_Ground_Textures/Textures/Dirt/dirt_lighted_rocks/dirt_lighted_rocks_down.png
  artifactKey: Guid(85ed2b41abc7c82499e10ac4feaa0590) Importer(815301076,1909f56bfc062723c751e8b465ee728b)
Start importing Assets/Handpainted_Grass_and_Ground_Textures/Textures/Dirt/dirt_lighted_rocks/dirt_lighted_rocks_down.png using Guid(85ed2b41abc7c82499e10ac4feaa0590) Importer(815301076,1909f56bfc062723c751e8b465ee728b) (PreviewImporter) -> (artifact id: '72a0efecc54583f54d4a9aad0253c706') in 0.0264403 seconds
Number of updated asset objects reloaded before import = 0Number of asset objects unloaded after import = 2

========================================================================
Received Import Request.
  Time since last request: 0.659632 seconds.
  path: Assets/Handpainted_Grass_and_Ground_Textures/Textures/Dirt/dirt_lighted_rocks/dirt_lighted_rocks_right.png
  artifactKey: Guid(168bf79e2688a4547819cac011e4caba) Importer(815301076,1909f56bfc062723c751e8b465ee728b)
Start importing Assets/Handpainted_Grass_and_Ground_Textures/Textures/Dirt/dirt_lighted_rocks/dirt_lighted_rocks_right.png using Guid(168bf79e2688a4547819cac011e4caba) Importer(815301076,1909f56bfc062723c751e8b465ee728b) (PreviewImporter) -> (artifact id: '994731163869a7eea044e3065d2fb2d4') in 0.0305227 seconds
Number of updated asset objects reloaded before import = 0Number of asset objects unloaded after import = 2

========================================================================
Received Import Request.
  Time since last request: 0.000013 seconds.
  path: Assets/Handpainted_Grass_and_Ground_Textures/Textures/Dirt/dirt_normal/dirt_normal_right.png
  artifactKey: Guid(ff9814537d0ed194cbbac0f2bb3086bc) Importer(815301076,1909f56bfc062723c751e8b465ee728b)
Start importing Assets/Handpainted_Grass_and_Ground_Textures/Textures/Dirt/dirt_normal/dirt_normal_right.png using Guid(ff9814537d0ed194cbbac0f2bb3086bc) Importer(815301076,1909f56bfc062723c751e8b465ee728b) (PreviewImporter) -> (artifact id: '1516150ff4dd56ed9d3fd5262c1d9eba') in 0.0339844 seconds
Number of updated asset objects reloaded before import = 0Number of asset objects unloaded after import = 2

========================================================================
Received Import Request.
  Time since last request: 0.203848 seconds.
  path: Assets/Handpainted_Grass_and_Ground_Textures/Textures/Dirt/dirt_overcorrupted/dirt_overcorrupted_left.png
  artifactKey: Guid(764d25cbe34d80248aa19a09604d65bb) Importer(815301076,1909f56bfc062723c751e8b465ee728b)
Start importing Assets/Handpainted_Grass_and_Ground_Textures/Textures/Dirt/dirt_overcorrupted/dirt_overcorrupted_left.png using Guid(764d25cbe34d80248aa19a09604d65bb) Importer(815301076,1909f56bfc062723c751e8b465ee728b) (PreviewImporter) -> (artifact id: 'bba17d0367e10f47825434015cb7aa68') in 0.0291371 seconds
Number of updated asset objects reloaded before import = 0Number of asset objects unloaded after import = 2

========================================================================
Received Import Request.
  Time since last request: 0.000012 seconds.
  path: Assets/Handpainted_Grass_and_Ground_Textures/Textures/Dirt/dirt_overdesatured/dirt_overdesatured_right.png
  artifactKey: Guid(963c986739d9af642943566c5d733092) Importer(815301076,1909f56bfc062723c751e8b465ee728b)
Start importing Assets/Handpainted_Grass_and_Ground_Textures/Textures/Dirt/dirt_overdesatured/dirt_overdesatured_right.png using Guid(963c986739d9af642943566c5d733092) Importer(815301076,1909f56bfc062723c751e8b465ee728b) (PreviewImporter) -> (artifact id: 'c2ce9a3f49e81f6a03fc29b2b70b267a') in 0.0304582 seconds
Number of updated asset objects reloaded before import = 0Number of asset objects unloaded after import = 2

========================================================================
Received Import Request.
  Time since last request: 0.915452 seconds.
  path: Assets/MicroVerse-Extras/Terrain Textures/Content/Prefabs/Texture/Grass 01.png
  artifactKey: Guid(0abdc8a2040ce29488f0fc004ad94beb) Importer(815301076,1909f56bfc062723c751e8b465ee728b)
Start importing Assets/MicroVerse-Extras/Terrain Textures/Content/Prefabs/Texture/Grass 01.png using Guid(0abdc8a2040ce29488f0fc004ad94beb) Importer(815301076,1909f56bfc062723c751e8b465ee728b) (PreviewImporter) -> (artifact id: 'bafc1f02bd34549101576e54158ee3ca') in 0.0185878 seconds
Number of updated asset objects reloaded before import = 0Number of asset objects unloaded after import = 2

========================================================================
Received Import Request.
  Time since last request: 0.758240 seconds.
  path: Assets/MicroVerse-Extras/Terrain Textures/Textures/Grass 01/Grass 01_MaskMap.png
  artifactKey: Guid(be24e96f4cc59cd45a25a9ddf3acd5bb) Importer(815301076,1909f56bfc062723c751e8b465ee728b)
Start importing Assets/MicroVerse-Extras/Terrain Textures/Textures/Grass 01/Grass 01_MaskMap.png using Guid(be24e96f4cc59cd45a25a9ddf3acd5bb) Importer(815301076,1909f56bfc062723c751e8b465ee728b) (PreviewImporter) -> (artifact id: '05a53393e334647522f89526373dfb8b') in 0.0298961 seconds
Number of updated asset objects reloaded before import = 0Number of asset objects unloaded after import = 2

========================================================================
Received Import Request.
  Time since last request: 0.000213 seconds.
  path: Assets/MicroVerse-Extras/Terrain Textures/Textures/Grass 02/Grass 02_Height.png
  artifactKey: Guid(c674b2fff8cad2646877f2710705fb80) Importer(815301076,1909f56bfc062723c751e8b465ee728b)
Start importing Assets/MicroVerse-Extras/Terrain Textures/Textures/Grass 02/Grass 02_Height.png using Guid(c674b2fff8cad2646877f2710705fb80) Importer(815301076,1909f56bfc062723c751e8b465ee728b) (PreviewImporter) -> (artifact id: '253123b1352541c280f77841a5240f00') in 0.0227723 seconds
Number of updated asset objects reloaded before import = 0Number of asset objects unloaded after import = 2

========================================================================
Received Import Request.
  Time since last request: 0.308580 seconds.
  path: Assets/MicroVerse-Extras/Terrain Textures/Textures/Grass 03/Grass 03_BaseColor.png
  artifactKey: Guid(7034c3e350a86564aafe067ff484e464) Importer(815301076,1909f56bfc062723c751e8b465ee728b)
Start importing Assets/MicroVerse-Extras/Terrain Textures/Textures/Grass 03/Grass 03_BaseColor.png using Guid(7034c3e350a86564aafe067ff484e464) Importer(815301076,1909f56bfc062723c751e8b465ee728b) (PreviewImporter) -> (artifact id: 'eab6891c3d49d3f924d6cefef13d4c9e') in 0.0220645 seconds
Number of updated asset objects reloaded before import = 0Number of asset objects unloaded after import = 2

========================================================================
Received Import Request.
  Time since last request: 0.001502 seconds.
  path: Assets/MicroVerse-Extras/Terrain Textures/Content/Prefabs/Texture/Grass 04.png
  artifactKey: Guid(18d0a738e9ae48e4db24e8fb3bf12dd8) Importer(815301076,1909f56bfc062723c751e8b465ee728b)
Start importing Assets/MicroVerse-Extras/Terrain Textures/Content/Prefabs/Texture/Grass 04.png using Guid(18d0a738e9ae48e4db24e8fb3bf12dd8) Importer(815301076,1909f56bfc062723c751e8b465ee728b) (PreviewImporter) -> (artifact id: '87c46c877451063b478cf3f8977faa3e') in 0.0216265 seconds
Number of updated asset objects reloaded before import = 0Number of asset objects unloaded after import = 2

========================================================================
Received Import Request.
  Time since last request: 0.000151 seconds.
  path: Assets/MicroVerse-Extras/Terrain Textures/Textures/Grass 04/Grass 04_MaskMap.png
  artifactKey: Guid(e32a0ad76d3ecc0439ef950508f0275e) Importer(815301076,1909f56bfc062723c751e8b465ee728b)
Start importing Assets/MicroVerse-Extras/Terrain Textures/Textures/Grass 04/Grass 04_MaskMap.png using Guid(e32a0ad76d3ecc0439ef950508f0275e) Importer(815301076,1909f56bfc062723c751e8b465ee728b) (PreviewImporter) -> (artifact id: '78cb67388c73d47ab1f732a67231ca66') in 0.0268472 seconds
Number of updated asset objects reloaded before import = 0Number of asset objects unloaded after import = 2

========================================================================
Received Import Request.
  Time since last request: 0.066704 seconds.
  path: Assets/MicroVerse-Extras/Terrain Textures/Textures/Grass 04/Grass 04_Normal.png
  artifactKey: Guid(22e09ae71055f494e8fc6ef96a88d12b) Importer(815301076,1909f56bfc062723c751e8b465ee728b)
Start importing Assets/MicroVerse-Extras/Terrain Textures/Textures/Grass 04/Grass 04_Normal.png using Guid(22e09ae71055f494e8fc6ef96a88d12b) Importer(815301076,1909f56bfc062723c751e8b465ee728b) (PreviewImporter) -> (artifact id: '2d6157b01bd37f1016aea10da4b96b61') in 0.0463128 seconds
Number of updated asset objects reloaded before import = 0Number of asset objects unloaded after import = 2

========================================================================
Received Import Request.
  Time since last request: 0.000022 seconds.
  path: Assets/MicroVerse-Extras/Terrain Textures/Content/Prefabs/Texture/Grass 06.png
  artifactKey: Guid(83b3c7e0d58305e4698d3ae5b65f4c4c) Importer(815301076,1909f56bfc062723c751e8b465ee728b)
Start importing Assets/MicroVerse-Extras/Terrain Textures/Content/Prefabs/Texture/Grass 06.png using Guid(83b3c7e0d58305e4698d3ae5b65f4c4c) Importer(815301076,1909f56bfc062723c751e8b465ee728b) (PreviewImporter) -> (artifact id: '53ebfcb4b5188492a3bec002c4c07ccc') in 0.0256197 seconds
Number of updated asset objects reloaded before import = 0Number of asset objects unloaded after import = 2

========================================================================
Received Import Request.
  Time since last request: 18.379108 seconds.
  path: Assets/MicroVerse-Extras/Terrain Textures/Textures/Grass 06/Grass 06_Height.png
  artifactKey: Guid(78b9b8cc2e94ce842abfa953e6f73705) Importer(815301076,1909f56bfc062723c751e8b465ee728b)
Start importing Assets/MicroVerse-Extras/Terrain Textures/Textures/Grass 06/Grass 06_Height.png using Guid(78b9b8cc2e94ce842abfa953e6f73705) Importer(815301076,1909f56bfc062723c751e8b465ee728b) (PreviewImporter) -> (artifact id: '27a59303ce71fb69eea5be6517134de5') in 0.0207363 seconds
Number of updated asset objects reloaded before import = 0Number of asset objects unloaded after import = 2

========================================================================
Received Import Request.
  Time since last request: 0.004180 seconds.
  path: Assets/MicroVerse-Extras/Terrain Textures/Textures/Grass 07/Grass 07_MaskMap.png
  artifactKey: Guid(e8a701df9e76f0540b5266ebf1dd8c87) Importer(815301076,1909f56bfc062723c751e8b465ee728b)
Start importing Assets/MicroVerse-Extras/Terrain Textures/Textures/Grass 07/Grass 07_MaskMap.png using Guid(e8a701df9e76f0540b5266ebf1dd8c87) Importer(815301076,1909f56bfc062723c751e8b465ee728b) (PreviewImporter) -> (artifact id: '40449d9b3278cd9af9a3e1893df5c3ef') in 0.0279708 seconds
Number of updated asset objects reloaded before import = 0Number of asset objects unloaded after import = 2

========================================================================
Received Import Request.
  Time since last request: 0.240036 seconds.
  path: Assets/MicroVerse-Extras/Terrain Textures/Content/Prefabs/Texture/Grass 08.png
  artifactKey: Guid(05b74ef838810e74ba553c6c7fb9251a) Importer(815301076,1909f56bfc062723c751e8b465ee728b)
Start importing Assets/MicroVerse-Extras/Terrain Textures/Content/Prefabs/Texture/Grass 08.png using Guid(05b74ef838810e74ba553c6c7fb9251a) Importer(815301076,1909f56bfc062723c751e8b465ee728b) (PreviewImporter) -> (artifact id: 'df31b7bbaa6be68e17d727e812b77053') in 0.0222807 seconds
Number of updated asset objects reloaded before import = 0Number of asset objects unloaded after import = 2

========================================================================
Received Import Request.
  Time since last request: 0.004191 seconds.
  path: Assets/MicroVerse-Extras/Terrain Textures/Textures/Grass 09/Grass 09_Height.png
  artifactKey: Guid(09a49980217d9e446b1a4252d3a5772d) Importer(815301076,1909f56bfc062723c751e8b465ee728b)
Start importing Assets/MicroVerse-Extras/Terrain Textures/Textures/Grass 09/Grass 09_Height.png using Guid(09a49980217d9e446b1a4252d3a5772d) Importer(815301076,1909f56bfc062723c751e8b465ee728b) (PreviewImporter) -> (artifact id: 'bb5491ea70cee50360a69e498e4c1d21') in 0.0285507 seconds
Number of updated asset objects reloaded before import = 0Number of asset objects unloaded after import = 2

========================================================================
Received Import Request.
  Time since last request: 0.360987 seconds.
  path: Assets/MicroVerse-Extras/Terrain Textures/Textures/Grass 09/Grass 09_MaskMap.png
  artifactKey: Guid(cc878f079763f2049af38680587211e6) Importer(815301076,1909f56bfc062723c751e8b465ee728b)
Start importing Assets/MicroVerse-Extras/Terrain Textures/Textures/Grass 09/Grass 09_MaskMap.png using Guid(cc878f079763f2049af38680587211e6) Importer(815301076,1909f56bfc062723c751e8b465ee728b) (PreviewImporter) -> (artifact id: '9dba0be8cfa0b9faeaa7902ddbe98b43') in 0.0259775 seconds
Number of updated asset objects reloaded before import = 0Number of asset objects unloaded after import = 2

========================================================================
Received Import Request.
  Time since last request: 0.065243 seconds.
  path: Assets/Handpainted_Grass_and_Ground_Textures/Textures/Grass/Grass_corrupted/Grass_corrupted_right.png
  artifactKey: Guid(1751e30d5bcaf6e48853598b21d34826) Importer(815301076,1909f56bfc062723c751e8b465ee728b)
Start importing Assets/Handpainted_Grass_and_Ground_Textures/Textures/Grass/Grass_corrupted/Grass_corrupted_right.png using Guid(1751e30d5bcaf6e48853598b21d34826) Importer(815301076,1909f56bfc062723c751e8b465ee728b) (PreviewImporter) -> (artifact id: 'c8e6fca6fe37d9badbc6bd7015bc0516') in 0.0352551 seconds
Number of updated asset objects reloaded before import = 0Number of asset objects unloaded after import = 2

========================================================================
Received Import Request.
  Time since last request: 0.000194 seconds.
  path: Assets/Handpainted_Grass_and_Ground_Textures/Textures/Grass/Grass_darked/Grass_darked_up.png
  artifactKey: Guid(df73a5b6a8127ff40a8c6840516304de) Importer(815301076,1909f56bfc062723c751e8b465ee728b)
Start importing Assets/Handpainted_Grass_and_Ground_Textures/Textures/Grass/Grass_darked/Grass_darked_up.png using Guid(df73a5b6a8127ff40a8c6840516304de) Importer(815301076,1909f56bfc062723c751e8b465ee728b) (PreviewImporter) -> (artifact id: '5bc7445755b43db82dda4797e7a81eee') in 0.024855 seconds
Number of updated asset objects reloaded before import = 0Number of asset objects unloaded after import = 2

========================================================================
Received Import Request.
  Time since last request: 10.775566 seconds.
  path: Assets/Handpainted_Grass_and_Ground_Textures/Textures/Grass/Grass_desatured/Grass_desatured_right.png
  artifactKey: Guid(8cd3f7acfe19d4a4cb849c2b2ab2172a) Importer(815301076,1909f56bfc062723c751e8b465ee728b)
Start importing Assets/Handpainted_Grass_and_Ground_Textures/Textures/Grass/Grass_desatured/Grass_desatured_right.png using Guid(8cd3f7acfe19d4a4cb849c2b2ab2172a) Importer(815301076,1909f56bfc062723c751e8b465ee728b) (PreviewImporter) -> (artifact id: 'bfaafbee0afb1cbe5608fd9f108c7e23') in 0.0275364 seconds
Number of updated asset objects reloaded before import = 0Number of asset objects unloaded after import = 2

========================================================================
Received Import Request.
  Time since last request: 0.000018 seconds.
  path: Assets/Handpainted_Grass_and_Ground_Textures/Textures/Grass/Grass_normal/Grass_normal_down.png
  artifactKey: Guid(3d7e23f397bd4e347bc2a33df00d0897) Importer(815301076,1909f56bfc062723c751e8b465ee728b)
Start importing Assets/Handpainted_Grass_and_Ground_Textures/Textures/Grass/Grass_normal/Grass_normal_down.png using Guid(3d7e23f397bd4e347bc2a33df00d0897) Importer(815301076,1909f56bfc062723c751e8b465ee728b) (PreviewImporter) -> (artifact id: 'f16e152e5ab99579418000cda813ca1c') in 0.0252089 seconds
Number of updated asset objects reloaded before import = 0Number of asset objects unloaded after import = 2

========================================================================
Received Import Request.
  Time since last request: 0.255269 seconds.
  path: Assets/Handpainted_Grass_and_Ground_Textures/Textures/Grass/Grass_normal/Grass_normal_right.png
  artifactKey: Guid(1d15832a1a6e52b48a0fae0275b130dd) Importer(815301076,1909f56bfc062723c751e8b465ee728b)
Start importing Assets/Handpainted_Grass_and_Ground_Textures/Textures/Grass/Grass_normal/Grass_normal_right.png using Guid(1d15832a1a6e52b48a0fae0275b130dd) Importer(815301076,1909f56bfc062723c751e8b465ee728b) (PreviewImporter) -> (artifact id: '72e9530c3a3fedfcf32e12dbe170d331') in 0.0243586 seconds
Number of updated asset objects reloaded before import = 0Number of asset objects unloaded after import = 2

========================================================================
Received Import Request.
  Time since last request: 0.000026 seconds.
  path: Assets/Handpainted_Grass_and_Ground_Textures/Textures/Grass/Grass_overcorrupted/Grass_overcorrupted_right.png
  artifactKey: Guid(7c336b3b2ecc2e648ae85a73fb3a537f) Importer(815301076,1909f56bfc062723c751e8b465ee728b)
Start importing Assets/Handpainted_Grass_and_Ground_Textures/Textures/Grass/Grass_overcorrupted/Grass_overcorrupted_right.png using Guid(7c336b3b2ecc2e648ae85a73fb3a537f) Importer(815301076,1909f56bfc062723c751e8b465ee728b) (PreviewImporter) -> (artifact id: '034c2ce350bcba3fc3aaeb09a61cd69d') in 0.0276901 seconds
Number of updated asset objects reloaded before import = 0Number of asset objects unloaded after import = 2

========================================================================
Received Import Request.
  Time since last request: 0.058643 seconds.
  path: Assets/Handpainted_Grass_and_Ground_Textures/Textures/Grass/Grass_swamp_dark/Grass_swamp_dark_right.png
  artifactKey: Guid(ebd860c0227aa48418f02eb2af1438b1) Importer(815301076,1909f56bfc062723c751e8b465ee728b)
Start importing Assets/Handpainted_Grass_and_Ground_Textures/Textures/Grass/Grass_swamp_dark/Grass_swamp_dark_right.png using Guid(ebd860c0227aa48418f02eb2af1438b1) Importer(815301076,1909f56bfc062723c751e8b465ee728b) (PreviewImporter) -> (artifact id: '98aec72b1696b2308d3d4b95e6d2e2e4') in 0.0323479 seconds
Number of updated asset objects reloaded before import = 0Number of asset objects unloaded after import = 2

========================================================================
Received Import Request.
  Time since last request: 0.000011 seconds.
  path: Assets/Handpainted_Grass_and_Ground_Textures/Textures/Grass/Grass_swamp_normal/Grass_swamp_normal_down.png
  artifactKey: Guid(b30ef1b99587eb844b863df6c6535bd7) Importer(815301076,1909f56bfc062723c751e8b465ee728b)
Start importing Assets/Handpainted_Grass_and_Ground_Textures/Textures/Grass/Grass_swamp_normal/Grass_swamp_normal_down.png using Guid(b30ef1b99587eb844b863df6c6535bd7) Importer(815301076,1909f56bfc062723c751e8b465ee728b) (PreviewImporter) -> (artifact id: '52022d4c50b3e58ec7ce30834dec1cae') in 0.0375601 seconds
Number of updated asset objects reloaded before import = 0Number of asset objects unloaded after import = 2

========================================================================
Received Import Request.
  Time since last request: 1.414189 seconds.
  path: Assets/Handpainted_Grass_and_Ground_Textures/Textures/Grass/Grass_swamp_normal/Grass_swamp_normal_right.png
  artifactKey: Guid(b3fa58fc580ef1b4f8cd17e8a49af808) Importer(815301076,1909f56bfc062723c751e8b465ee728b)
Start importing Assets/Handpainted_Grass_and_Ground_Textures/Textures/Grass/Grass_swamp_normal/Grass_swamp_normal_right.png using Guid(b3fa58fc580ef1b4f8cd17e8a49af808) Importer(815301076,1909f56bfc062723c751e8b465ee728b) (PreviewImporter) -> (artifact id: 'a27b436bf80e3aa05ed890dca1f04b9b') in 0.0241486 seconds
Number of updated asset objects reloaded before import = 0Number of asset objects unloaded after import = 2

========================================================================
Received Import Request.
  Time since last request: 0.000014 seconds.
  path: Assets/MicroVerse-Extras/Terrain Textures/Textures/Gravel 01/Gravel 01_Height.png
  artifactKey: Guid(9fec7fb5a5af1bc428667db786c6c0fe) Importer(815301076,1909f56bfc062723c751e8b465ee728b)
Start importing Assets/MicroVerse-Extras/Terrain Textures/Textures/Gravel 01/Gravel 01_Height.png using Guid(9fec7fb5a5af1bc428667db786c6c0fe) Importer(815301076,1909f56bfc062723c751e8b465ee728b) (PreviewImporter) -> (artifact id: '74f277e9d9548999d0f08675b2f735a2') in 0.0327681 seconds
Number of updated asset objects reloaded before import = 0Number of asset objects unloaded after import = 2

========================================================================
Received Import Request.
  Time since last request: 9.968054 seconds.
  path: Assets/Handpainted_Grass_and_Ground_Textures/Demo/terrain_layers/Grass_lighted_down.terrainlayer
  artifactKey: Guid(bd09f0681f28b484fb0610ef52f7254c) Importer(815301076,1909f56bfc062723c751e8b465ee728b)
Start importing Assets/Handpainted_Grass_and_Ground_Textures/Demo/terrain_layers/Grass_lighted_down.terrainlayer using Guid(bd09f0681f28b484fb0610ef52f7254c) Importer(815301076,1909f56bfc062723c751e8b465ee728b) (PreviewImporter) -> (artifact id: 'f34bdaa477ec128e4b442f1c602d2f43') in 0.0401944 seconds
Number of updated asset objects reloaded before import = 0Number of asset objects unloaded after import = 2

========================================================================
Received Import Request.
  Time since last request: 36.527477 seconds.
  path: Assets/Handpainted_Grass_and_Ground_Textures/Demo/terrain_layers/dirt_corrupted_lighted_up.terrainlayer
  artifactKey: Guid(1144b24d6a50b464ea2e952561a6f7e1) Importer(815301076,1909f56bfc062723c751e8b465ee728b)
Start importing Assets/Handpainted_Grass_and_Ground_Textures/Demo/terrain_layers/dirt_corrupted_lighted_up.terrainlayer using Guid(1144b24d6a50b464ea2e952561a6f7e1) Importer(815301076,1909f56bfc062723c751e8b465ee728b) (PreviewImporter) -> (artifact id: '47dd5098e9a8b000083a27703d40a5c0') in 0.0203614 seconds
Number of updated asset objects reloaded before import = 0Number of asset objects unloaded after import = 2

========================================================================
Received Import Request.
  Time since last request: 3.773144 seconds.
  path: Assets/Handpainted_Grass_and_Ground_Textures/Demo/terrain_layers/NewLayer.terrainlayer
  artifactKey: Guid(d00f415280956e34aafe9f9add93e82d) Importer(815301076,1909f56bfc062723c751e8b465ee728b)
Start importing Assets/Handpainted_Grass_and_Ground_Textures/Demo/terrain_layers/NewLayer.terrainlayer using Guid(d00f415280956e34aafe9f9add93e82d) Importer(815301076,1909f56bfc062723c751e8b465ee728b) (PreviewImporter) -> (artifact id: '9279e6c6a06f9b96d482614a4d706278') in 0.0316387 seconds
Number of updated asset objects reloaded before import = 0Number of asset objects unloaded after import = 2

========================================================================
Received Import Request.
  Time since last request: 0.001027 seconds.
  path: Assets/Handpainted_Grass_and_Ground_Textures/Demo/terrain_layers/NewLayer 4.terrainlayer
  artifactKey: Guid(2a1ab16f1ef6a1c49ab0b6dea49c39f4) Importer(815301076,1909f56bfc062723c751e8b465ee728b)
Start importing Assets/Handpainted_Grass_and_Ground_Textures/Demo/terrain_layers/NewLayer 4.terrainlayer using Guid(2a1ab16f1ef6a1c49ab0b6dea49c39f4) Importer(815301076,1909f56bfc062723c751e8b465ee728b) (PreviewImporter) -> (artifact id: 'ebb1f22d0358d5b905b63144795e61ac') in 0.0238265 seconds
Number of updated asset objects reloaded before import = 0Number of asset objects unloaded after import = 2

========================================================================
Received Import Request.
  Time since last request: 0.000017 seconds.
  path: Assets/Handpainted_Grass_and_Ground_Textures/Demo/terrain_layers/NewLayer 6.terrainlayer
  artifactKey: Guid(a10e5b40c5ea20c4cb975502d660f2f7) Importer(815301076,1909f56bfc062723c751e8b465ee728b)
Start importing Assets/Handpainted_Grass_and_Ground_Textures/Demo/terrain_layers/NewLayer 6.terrainlayer using Guid(a10e5b40c5ea20c4cb975502d660f2f7) Importer(815301076,1909f56bfc062723c751e8b465ee728b) (PreviewImporter) -> (artifact id: '9e1be373aa215ad3e9782af466c30213') in 0.0208325 seconds
Number of updated asset objects reloaded before import = 0Number of asset objects unloaded after import = 2

========================================================================
Received Import Request.
  Time since last request: 1.023534 seconds.
  path: Assets/Handpainted_Grass_and_Ground_Textures/Demo/terrain_layers/NewLayer 12.terrainlayer
  artifactKey: Guid(df118c77a8d6b1c4e9c234467f76217c) Importer(815301076,1909f56bfc062723c751e8b465ee728b)
Start importing Assets/Handpainted_Grass_and_Ground_Textures/Demo/terrain_layers/NewLayer 12.terrainlayer using Guid(df118c77a8d6b1c4e9c234467f76217c) Importer(815301076,1909f56bfc062723c751e8b465ee728b) (PreviewImporter) -> (artifact id: '5979ccaf087ead4fa4a7f3f6ca345346') in 0.0309328 seconds
Number of updated asset objects reloaded before import = 0Number of asset objects unloaded after import = 2

========================================================================
Received Import Request.
  Time since last request: 0.000012 seconds.
  path: Assets/Handpainted_Grass_and_Ground_Textures/Demo/terrain_layers/NewLayer 19.terrainlayer
  artifactKey: Guid(225ce8ee6d06c63469219114c9a8bbfa) Importer(815301076,1909f56bfc062723c751e8b465ee728b)
Start importing Assets/Handpainted_Grass_and_Ground_Textures/Demo/terrain_layers/NewLayer 19.terrainlayer using Guid(225ce8ee6d06c63469219114c9a8bbfa) Importer(815301076,1909f56bfc062723c751e8b465ee728b) (PreviewImporter) -> (artifact id: '63c871b8bc2818b7b7b7e7087fc2deae') in 0.0282049 seconds
Number of updated asset objects reloaded before import = 0Number of asset objects unloaded after import = 2

========================================================================
Received Import Request.
  Time since last request: 11.769720 seconds.
  path: Assets/Handpainted_Grass_and_Ground_Textures/Textures/Snow/snow_normal.png
  artifactKey: Guid(75b807f3d28ec1644aeac1e8f4a2d857) Importer(815301076,1909f56bfc062723c751e8b465ee728b)
Start importing Assets/Handpainted_Grass_and_Ground_Textures/Textures/Snow/snow_normal.png using Guid(75b807f3d28ec1644aeac1e8f4a2d857) Importer(815301076,1909f56bfc062723c751e8b465ee728b) (PreviewImporter) -> (artifact id: 'a6fb19e67d34a05cb7e735b9080e7a9b') in 0.0222674 seconds
Number of updated asset objects reloaded before import = 0Number of asset objects unloaded after import = 2

========================================================================
Received Import Request.
  Time since last request: 299.800570 seconds.
  path: Assets/Handpainted_Grass_and_Ground_Textures/Demo/terrain_layers/NewLayer 20.terrainlayer
  artifactKey: Guid(829a9ef833837a142947c8c6c1626bbc) Importer(815301076,1909f56bfc062723c751e8b465ee728b)
Start importing Assets/Handpainted_Grass_and_Ground_Textures/Demo/terrain_layers/NewLayer 20.terrainlayer using Guid(829a9ef833837a142947c8c6c1626bbc) Importer(815301076,1909f56bfc062723c751e8b465ee728b) (PreviewImporter) -> (artifact id: 'ec84b7f660ee86bb870e0c990581e962') in 0.0232863 seconds
Number of updated asset objects reloaded before import = 0Number of asset objects unloaded after import = 2

========================================================================
Received Import Request.
  Time since last request: 0.000142 seconds.
  path: Assets/Handpainted_Grass_and_Ground_Textures/Demo/terrain_layers/NewLayer 24.terrainlayer
  artifactKey: Guid(23409d7dcf8b49e4eb2f07582a35cb3d) Importer(815301076,1909f56bfc062723c751e8b465ee728b)
Start importing Assets/Handpainted_Grass_and_Ground_Textures/Demo/terrain_layers/NewLayer 24.terrainlayer using Guid(23409d7dcf8b49e4eb2f07582a35cb3d) Importer(815301076,1909f56bfc062723c751e8b465ee728b) (PreviewImporter) -> (artifact id: 'c30ac074b1d16fac0e18574d1d80fa89') in 0.0240375 seconds
Number of updated asset objects reloaded before import = 0Number of asset objects unloaded after import = 2

========================================================================
Received Import Request.
  Time since last request: 0.000012 seconds.
  path: Assets/Handpainted_Grass_and_Ground_Textures/Demo/terrain_layers/NewLayer 22.terrainlayer
  artifactKey: Guid(1b7b821aade1d00429607702c5680c3a) Importer(815301076,1909f56bfc062723c751e8b465ee728b)
Start importing Assets/Handpainted_Grass_and_Ground_Textures/Demo/terrain_layers/NewLayer 22.terrainlayer using Guid(1b7b821aade1d00429607702c5680c3a) Importer(815301076,1909f56bfc062723c751e8b465ee728b) (PreviewImporter) -> (artifact id: '6c4a70d68cdc6f8fd1e48f31353eb60e') in 0.0276211 seconds
Number of updated asset objects reloaded before import = 0Number of asset objects unloaded after import = 2

========================================================================
Received Import Request.
  Time since last request: 0.000026 seconds.
  path: Assets/Handpainted_Grass_and_Ground_Textures/Demo/terrain_layers/NewLayer 26.terrainlayer
  artifactKey: Guid(b7f299a22e2c71641bf5605ebbefdffa) Importer(815301076,1909f56bfc062723c751e8b465ee728b)
Start importing Assets/Handpainted_Grass_and_Ground_Textures/Demo/terrain_layers/NewLayer 26.terrainlayer using Guid(b7f299a22e2c71641bf5605ebbefdffa) Importer(815301076,1909f56bfc062723c751e8b465ee728b) (PreviewImporter) -> (artifact id: 'e07b3f50d89d40aaee1bc3f27e3d617c') in 0.0260698 seconds
Number of updated asset objects reloaded before import = 0Number of asset objects unloaded after import = 2

Editor requested this worker to shutdown with reason: Scaling down because of idle timeout
AssetImportWorkerClient::OnTransportError - code=2 error=End of file
AssetImportWorker is now disconnected from the server
Process exiting
Exiting without the bug reporter. Application will terminate with return code 0