Using pre-set license
Built from '6000.0/staging' branch; Version is '6000.0.41f1 (46e447368a18) revision 4645959'; Using compiler version '193933523'; Build Type 'Release'
OS: 'Windows 11  (10.0.26100) 64bit Core' Language: 'ru' Physical Memory: 16070 MB
BatchMode: 1, IsHumanControllingUs: 0, StartBugReporterOnCrash: 0, Is64bit: 1, IsPro: 1

COMMAND LINE ARGUMENTS:
C:\Program Files\Unity\Hub\Editor\6000.0.41f1\Editor\Unity.exe
-adb2
-batchMode
-noUpm
-name
AssetImportWorker3
-projectPath
C:/Game_Unity_Car-2/Car-2/Game_Car-2
-logFile
Logs/AssetImportWorker3.log
-srvPort
57370
-job-worker-count
7
-background-job-worker-count
8
-gc-helper-count
1
Successfully changed project path to: C:/Game_Unity_Car-2/Car-2/Game_Car-2
C:/Game_Unity_Car-2/Car-2/Game_Car-2
[UnityMemory] Configuration Parameters - Can be set up in boot.config
    "memorysetup-bucket-allocator-granularity=16"
    "memorysetup-bucket-allocator-bucket-count=8"
    "memorysetup-bucket-allocator-block-size=33554432"
    "memorysetup-bucket-allocator-block-count=8"
    "memorysetup-main-allocator-block-size=16777216"
    "memorysetup-thread-allocator-block-size=16777216"
    "memorysetup-gfx-main-allocator-block-size=16777216"
    "memorysetup-gfx-thread-allocator-block-size=16777216"
    "memorysetup-cache-allocator-block-size=4194304"
    "memorysetup-typetree-allocator-block-size=2097152"
    "memorysetup-profiler-bucket-allocator-granularity=16"
    "memorysetup-profiler-bucket-allocator-bucket-count=8"
    "memorysetup-profiler-bucket-allocator-block-size=33554432"
    "memorysetup-profiler-bucket-allocator-block-count=8"
    "memorysetup-profiler-allocator-block-size=16777216"
    "memorysetup-profiler-editor-allocator-block-size=1048576"
    "memorysetup-temp-allocator-size-main=16777216"
    "memorysetup-job-temp-allocator-block-size=2097152"
    "memorysetup-job-temp-allocator-block-size-background=1048576"
    "memorysetup-job-temp-allocator-reduction-small-platforms=262144"
    "memorysetup-allocator-temp-initial-block-size-main=262144"
    "memorysetup-allocator-temp-initial-block-size-worker=262144"
    "memorysetup-temp-allocator-size-background-worker=32768"
    "memorysetup-temp-allocator-size-job-worker=262144"
    "memorysetup-temp-allocator-size-preload-manager=33554432"
    "memorysetup-temp-allocator-size-nav-mesh-worker=65536"
    "memorysetup-temp-allocator-size-audio-worker=65536"
    "memorysetup-temp-allocator-size-cloud-worker=32768"
    "memorysetup-temp-allocator-size-gi-baking-worker=262144"
    "memorysetup-temp-allocator-size-gi-baking-worker=262144"
    "memorysetup-temp-allocator-size-gi-baking-worker=262144"
    "memorysetup-temp-allocator-size-gi-baking-worker=262144"
    "memorysetup-temp-allocator-size-gi-baking-worker=262144"
    "memorysetup-temp-allocator-size-gfx=262144"
Player connection [19596]  Target information:

Player connection [19596]  * "[IP] 192.168.1.24 [Port] 0 [Flags] 2 [Guid] 3596993265 [EditorId] 3596993265 [Version] 1048832 [Id] WindowsEditor(7,LAPTOP-TS10LTIF) [Debug] 1 [PackageName] WindowsEditor [ProjectName] Editor" 

Player connection [19596] Host joined multi-casting on [225.0.0.222:54997]...
Player connection [19596] Host joined alternative multi-casting on [225.0.0.222:34997]...
JobSystem: Creating JobQueue using job-worker-count value 7
Input System module state changed to: Initialized.
[Physics::Module] Initialized fallback backend.
[Physics::Module] Id: 0xdecafbad
Library Redirect Path: Library/
[Physics::Module] Selected backend.
[Physics::Module] Name: PhysX
[Physics::Module] Id: 0xf2b8ea05
[Physics::Module] SDK Version: 4.1.2
[Physics::Module] Integration Version: 1.0.0
[Physics::Module] Threading Mode: Multi-Threaded
Refreshing native plugins compatible for Editor in 1.83 ms, found 3 plugins.
Preloading 0 native plugins for Editor in 0.00 ms.
Initialize engine version: 6000.0.41f1 (46e447368a18)
[Subsystems] Discovering subsystems at path C:/Program Files/Unity/Hub/Editor/6000.0.41f1/Editor/Data/Resources/UnitySubsystems
[Subsystems] Discovering subsystems at path C:/Game_Unity_Car-2/Car-2/Game_Car-2/Assets
GfxDevice: creating device client; kGfxThreadingModeNonThreaded
Direct3D:
    Version:  Direct3D 11.0 [level 11.1]
    Renderer: NVIDIA GeForce RTX 4060 Laptop GPU (ID=0x28a0)
    Vendor:   NVIDIA
    VRAM:     7957 MB
    Driver:   32.0.15.6590
Initialize mono
Mono path[0] = 'C:/Program Files/Unity/Hub/Editor/6000.0.41f1/Editor/Data/Managed'
Mono path[1] = 'C:/Program Files/Unity/Hub/Editor/6000.0.41f1/Editor/Data/MonoBleedingEdge/lib/mono/unityjit-win32'
Mono config path = 'C:/Program Files/Unity/Hub/Editor/6000.0.41f1/Editor/Data/MonoBleedingEdge/etc'
Using monoOptions --debugger-agent=transport=dt_socket,embedding=1,server=y,suspend=n,address=127.0.0.1:56584
Begin MonoManager ReloadAssembly
Registering precompiled unity dll's ...
Register platform support module: C:/Program Files/Unity/Hub/Editor/6000.0.41f1/Editor/Data/PlaybackEngines/WebGLSupport/UnityEditor.WebGL.Extensions.dll
Register platform support module: C:/Program Files/Unity/Hub/Editor/6000.0.41f1/Editor/Data/PlaybackEngines/WindowsStandaloneSupport/UnityEditor.WindowsStandalone.Extensions.dll
Registered in 0.003888 seconds.
- Loaded All Assemblies, in  0.329 seconds
Native extension for WindowsStandalone target not found
Native extension for WebGL target not found
Mono: successfully reloaded assembly
- Finished resetting the current domain, in  0.275 seconds
Domain Reload Profiling: 602ms
	BeginReloadAssembly (119ms)
		ExecutionOrderSort (0ms)
		DisableScriptedObjects (0ms)
		BackupInstance (0ms)
		ReleaseScriptingObjects (0ms)
		CreateAndSetChildDomain (1ms)
	RebuildCommonClasses (30ms)
	RebuildNativeTypeToScriptingClass (10ms)
	initialDomainReloadingComplete (44ms)
	LoadAllAssembliesAndSetupDomain (125ms)
		LoadAssemblies (117ms)
		RebuildTransferFunctionScriptingTraits (0ms)
		AnalyzeDomain (122ms)
			TypeCache.Refresh (121ms)
				TypeCache.ScanAssembly (110ms)
			BuildScriptInfoCaches (0ms)
			ResolveRequiredComponents (0ms)
	FinalizeReload (275ms)
		ReleaseScriptCaches (0ms)
		RebuildScriptCaches (0ms)
		SetupLoadedEditorAssemblies (248ms)
			LogAssemblyErrors (0ms)
			InitializePlatformSupportModulesInManaged (24ms)
			SetLoadedEditorAssemblies (5ms)
			BeforeProcessingInitializeOnLoad (49ms)
			ProcessInitializeOnLoadAttributes (130ms)
			ProcessInitializeOnLoadMethodAttributes (40ms)
			AfterProcessingInitializeOnLoad (0ms)
			EditorAssembliesLoaded (0ms)
		ExecutionOrderSort2 (0ms)
		AwakeInstancesAfterBackupRestoration (0ms)
Assembly reference Packages/com.unity.cinemachine/Editor/Samples/ExposeHDRPInternals/HDRP-Editor-ref.asmref has no target assembly definition
========================================================================
Worker process is ready to serve import requests
Import Worker Mode flag is 0x00
Assembly reference Packages/com.unity.cinemachine/Editor/Samples/ExposeHDRPInternals/HDRP-Editor-ref.asmref has no target assembly definition
Assembly reference Packages/com.unity.cinemachine/Editor/Samples/ExposeHDRPInternals/HDRP-Editor-ref.asmref has no target assembly definition
Begin MonoManager ReloadAssembly
- Loaded All Assemblies, in  0.744 seconds
Assembly reference Packages/com.unity.cinemachine/Editor/Samples/ExposeHDRPInternals/HDRP-Editor-ref.asmref has no target assembly definition
'Packages/com.unity.cinemachine/Editor/Obsolete/CinemachineVirtualCameraBaseEditor.cs' contains partial class of Unity.Object, exactly 1 of the partial classes needs to be in a file with the same filename. This is to know the one that can be referenced from ie. GameObjects
'Packages/com.unity.cinemachine/Editor/Editors/CinemachineVirtualCameraBaseEditor.cs' contains partial class of Unity.Object, exactly 1 of the partial classes needs to be in a file with the same filename. This is to know the one that can be referenced from ie. GameObjects
Refreshing native plugins compatible for Editor in 1.21 ms, found 3 plugins.
Native extension for WindowsStandalone target not found
Native extension for WebGL target not found
Assembly reference Packages/com.unity.cinemachine/Editor/Samples/ExposeHDRPInternals/HDRP-Editor-ref.asmref has no target assembly definition
Package Manager log level set to [2]
[Package Manager] Failed to launch server process. Reason: Unity was launched with the -noUpm command-line argument
[Package Manager] Unable to send message (not connected to server process).
[Package Manager] Cannot connect to Unity Package Manager local server
System.Exception: Error! Visual Scripting: couldn't find visual scripting package
  at Unity.VisualScripting.PackageVersionUtility.get_version () [0x00025] in .\Library\PackageCache\com.unity.visualscripting@1b53f46e931b\Editor\VisualScripting.Core\Utilities\PackageVersionUtility.cs:22 
  at Unity.VisualScripting.BoltCoreManifest.get_version () [0x00000] in .\Library\PackageCache\com.unity.visualscripting@1b53f46e931b\Editor\VisualScripting.Core\Plugin\BoltCoreManifest.cs:11 
  at Unity.VisualScripting.PluginManifest.get_currentVersion () [0x00000] in .\Library\PackageCache\com.unity.visualscripting@1b53f46e931b\Editor\VisualScripting.Core\Plugins\PluginManifest.cs:33 
  at Unity.VisualScripting.PluginManifest.get_versionMismatch () [0x00000] in .\Library\PackageCache\com.unity.visualscripting@1b53f46e931b\Editor\VisualScripting.Core\Plugins\PluginManifest.cs:48 
  at Unity.VisualScripting.PluginContainer.Initialize () [0x0057d] in .\Library\PackageCache\com.unity.visualscripting@1b53f46e931b\Editor\VisualScripting.Core\Plugins\PluginContainer.cs:208 
  at Unity.VisualScripting.PluginContainer.InitializeOnLoad () [0x00012] in .\Library\PackageCache\com.unity.visualscripting@1b53f46e931b\Editor\VisualScripting.Core\Plugins\PluginContainer.cs:32 
  at Unity.VisualScripting.VSUsageUtility.DoInitializeOnLoadCalls () [0x00044] in .\Library\PackageCache\com.unity.visualscripting@1b53f46e931b\Editor\VisualScripting.Core\Utilities\VSUsageUtility.cs:76 
  at Unity.VisualScripting.VSUsageUtility.set_isVisualScriptingUsed (System.Boolean value) [0x00037] in .\Library\PackageCache\com.unity.visualscripting@1b53f46e931b\Editor\VisualScripting.Core\Utilities\VSUsageUtility.cs:114 
  at Unity.VisualScripting.VSUsageUtility.CheckAndSetIsVisualScriptingUsed () [0x0003f] in .\Library\PackageCache\com.unity.visualscripting@1b53f46e931b\Editor\VisualScripting.Core\Utilities\VSUsageUtility.cs:48 
  at Unity.VisualScripting.VSUsageUtility..cctor () [0x0000d] in .\Library\PackageCache\com.unity.visualscripting@1b53f46e931b\Editor\VisualScripting.Core\Utilities\VSUsageUtility.cs:22 
UnityEngine.Debug:ExtractStackTraceNoAlloc (byte*,int,string)
UnityEngine.StackTraceUtility:ExtractStackTrace ()
UnityEngine.DebugLogHandler:Internal_Log (UnityEngine.LogType,UnityEngine.LogOption,string,UnityEngine.Object)
UnityEngine.DebugLogHandler:LogFormat (UnityEngine.LogType,UnityEngine.Object,string,object[])
UnityEngine.Logger:Log (UnityEngine.LogType,object)
UnityEngine.Debug:LogError (object)
UnityEditor.EditorAssemblies:ProcessInitializeOnLoadAttributes (System.Type[])

Mono: successfully reloaded assembly
- Finished resetting the current domain, in  1.102 seconds
Domain Reload Profiling: 1843ms
	BeginReloadAssembly (158ms)
		ExecutionOrderSort (0ms)
		DisableScriptedObjects (6ms)
		BackupInstance (0ms)
		ReleaseScriptingObjects (0ms)
		CreateAndSetChildDomain (26ms)
	RebuildCommonClasses (30ms)
	RebuildNativeTypeToScriptingClass (9ms)
	initialDomainReloadingComplete (34ms)
	LoadAllAssembliesAndSetupDomain (509ms)
		LoadAssemblies (379ms)
		RebuildTransferFunctionScriptingTraits (0ms)
		AnalyzeDomain (226ms)
			TypeCache.Refresh (166ms)
				TypeCache.ScanAssembly (150ms)
			BuildScriptInfoCaches (45ms)
			ResolveRequiredComponents (13ms)
	FinalizeReload (1102ms)
		ReleaseScriptCaches (0ms)
		RebuildScriptCaches (0ms)
		SetupLoadedEditorAssemblies (998ms)
			LogAssemblyErrors (0ms)
			InitializePlatformSupportModulesInManaged (3ms)
			SetLoadedEditorAssemblies (5ms)
			BeforeProcessingInitializeOnLoad (144ms)
			ProcessInitializeOnLoadAttributes (794ms)
			ProcessInitializeOnLoadMethodAttributes (47ms)
			AfterProcessingInitializeOnLoad (6ms)
			EditorAssembliesLoaded (0ms)
		ExecutionOrderSort2 (0ms)
		AwakeInstancesAfterBackupRestoration (5ms)
Launched and connected shader compiler UnityShaderCompiler.exe after 0.02 seconds
Refreshing native plugins compatible for Editor in 1.07 ms, found 3 plugins.
Preloading 0 native plugins for Editor in 0.00 ms.
Unloading 144 Unused Serialized files (Serialized files now loaded: 0)
Unloading 6415 unused Assets / (6.7 MB). Loaded Objects now: 7007.
Memory consumption went from 173.1 MB to 166.4 MB.
Total: 15.617300 ms (FindLiveObjects: 0.504300 ms CreateObjectMapping: 0.449100 ms MarkObjects: 12.011200 ms  DeleteObjects: 2.651200 ms)

========================================================================
Received Import Request.
  Time since last request: 404821.860544 seconds.
  path: Assets/AssedStore - Prefabs/Rowlan/Gaia User Data/Stamps/4K Canyons/Canyon 01.exr
  artifactKey: Guid(49f22cbcd17badf46b9fa5ca550d8a2c) Importer(815301076,1909f56bfc062723c751e8b465ee728b)
Start importing Assets/AssedStore - Prefabs/Rowlan/Gaia User Data/Stamps/4K Canyons/Canyon 01.exr using Guid(49f22cbcd17badf46b9fa5ca550d8a2c) Importer(815301076,1909f56bfc062723c751e8b465ee728b) (PreviewImporter) -> (artifact id: '7221deee409a3e0a7482095d4b442706') in 0.1585367 seconds
Number of updated asset objects reloaded before import = 0Number of asset objects unloaded after import = 2

========================================================================
Received Import Request.
  Time since last request: 0.000030 seconds.
  path: Assets/AssedStore - Prefabs/Rowlan/Gaia User Data/Stamps/2K Canyons/Canyon 07.exr
  artifactKey: Guid(c0456f428c2b0d44d9bab2afe427a66b) Importer(815301076,1909f56bfc062723c751e8b465ee728b)
Start importing Assets/AssedStore - Prefabs/Rowlan/Gaia User Data/Stamps/2K Canyons/Canyon 07.exr using Guid(c0456f428c2b0d44d9bab2afe427a66b) Importer(815301076,1909f56bfc062723c751e8b465ee728b) (PreviewImporter) -> (artifact id: 'e0aa8a2efde3dc5d94714a317af89b6c') in 0.0323828 seconds
Number of updated asset objects reloaded before import = 0Number of asset objects unloaded after import = 2

========================================================================
Received Import Request.
  Time since last request: 0.000014 seconds.
  path: Assets/AssedStore - Prefabs/Rowlan/Gaia User Data/Stamps/2K Craters/Craters 03.exr
  artifactKey: Guid(18fa83ccc59623c4bb34a908835f8de2) Importer(815301076,1909f56bfc062723c751e8b465ee728b)
Start importing Assets/AssedStore - Prefabs/Rowlan/Gaia User Data/Stamps/2K Craters/Craters 03.exr using Guid(18fa83ccc59623c4bb34a908835f8de2) Importer(815301076,1909f56bfc062723c751e8b465ee728b) (PreviewImporter) -> (artifact id: 'a4659a593e39cd91dbcf4eb4696c28f8') in 0.0309247 seconds
Number of updated asset objects reloaded before import = 0Number of asset objects unloaded after import = 2

========================================================================
Received Import Request.
  Time since last request: 0.000018 seconds.
  path: Assets/AssedStore - Prefabs/Rowlan/Gaia User Data/Stamps/2K Canyons/Canyon 04.exr
  artifactKey: Guid(a9a844f304f16e445a2aa82512964d83) Importer(815301076,1909f56bfc062723c751e8b465ee728b)
Start importing Assets/AssedStore - Prefabs/Rowlan/Gaia User Data/Stamps/2K Canyons/Canyon 04.exr using Guid(a9a844f304f16e445a2aa82512964d83) Importer(815301076,1909f56bfc062723c751e8b465ee728b) (PreviewImporter) -> (artifact id: 'bb4f5a00f2e8a943e91f0520be5e0e5d') in 0.0287858 seconds
Number of updated asset objects reloaded before import = 0Number of asset objects unloaded after import = 2

========================================================================
Received Import Request.
  Time since last request: 0.000024 seconds.
  path: Assets/AssedStore - Prefabs/Rowlan/Gaia User Data/Stamps/2K Canyons/Canyon 03.exr
  artifactKey: Guid(daa4c710386221d4a815bac89279ad92) Importer(815301076,1909f56bfc062723c751e8b465ee728b)
Start importing Assets/AssedStore - Prefabs/Rowlan/Gaia User Data/Stamps/2K Canyons/Canyon 03.exr using Guid(daa4c710386221d4a815bac89279ad92) Importer(815301076,1909f56bfc062723c751e8b465ee728b) (PreviewImporter) -> (artifact id: '9b555a0a70277c1d8f9617fb96066a16') in 0.0249269 seconds
Number of updated asset objects reloaded before import = 0Number of asset objects unloaded after import = 2

========================================================================
Received Import Request.
  Time since last request: 0.000017 seconds.
  path: Assets/AssedStore - Prefabs/Rowlan/Gaia User Data/Stamps/2K Canyons/Canyon 08.exr
  artifactKey: Guid(c0e6c2c0b2a07b540b6d4a591f40b35b) Importer(815301076,1909f56bfc062723c751e8b465ee728b)
Start importing Assets/AssedStore - Prefabs/Rowlan/Gaia User Data/Stamps/2K Canyons/Canyon 08.exr using Guid(c0e6c2c0b2a07b540b6d4a591f40b35b) Importer(815301076,1909f56bfc062723c751e8b465ee728b) (PreviewImporter) -> (artifact id: '1f5c8c1b2924df8c6a6207f98b66189e') in 0.047644 seconds
Number of updated asset objects reloaded before import = 0Number of asset objects unloaded after import = 2

========================================================================
Received Import Request.
  Time since last request: 0.000014 seconds.
  path: Assets/AssedStore - Prefabs/Rowlan/Gaia User Data/Stamps/2K Craters/Craters 01.exr
  artifactKey: Guid(b98ea92bf5e1a3e47920839dfd870ca6) Importer(815301076,1909f56bfc062723c751e8b465ee728b)
Start importing Assets/AssedStore - Prefabs/Rowlan/Gaia User Data/Stamps/2K Craters/Craters 01.exr using Guid(b98ea92bf5e1a3e47920839dfd870ca6) Importer(815301076,1909f56bfc062723c751e8b465ee728b) (PreviewImporter) -> (artifact id: 'def71f00948c54caf43b450f5f3f9204') in 0.0349008 seconds
Number of updated asset objects reloaded before import = 0Number of asset objects unloaded after import = 2

========================================================================
Received Import Request.
  Time since last request: 0.616670 seconds.
  path: Assets/AssedStore - Prefabs/Rowlan/Gaia User Data/Stamps/2K Craters/Craters 06.exr
  artifactKey: Guid(0b9ba2910c3a9074498e507e66db446c) Importer(815301076,1909f56bfc062723c751e8b465ee728b)
Start importing Assets/AssedStore - Prefabs/Rowlan/Gaia User Data/Stamps/2K Craters/Craters 06.exr using Guid(0b9ba2910c3a9074498e507e66db446c) Importer(815301076,1909f56bfc062723c751e8b465ee728b) (PreviewImporter) -> (artifact id: '68fae28c8c29436888c757dd7359d14a') in 0.0333662 seconds
Number of updated asset objects reloaded before import = 0Number of asset objects unloaded after import = 2

========================================================================
Received Import Request.
  Time since last request: 0.000054 seconds.
  path: Assets/AssedStore - Prefabs/Rowlan/Gaia User Data/Stamps/2K Craters/Craters 10.exr
  artifactKey: Guid(58982f6145ef2c14881f4a4525345696) Importer(815301076,1909f56bfc062723c751e8b465ee728b)
Start importing Assets/AssedStore - Prefabs/Rowlan/Gaia User Data/Stamps/2K Craters/Craters 10.exr using Guid(58982f6145ef2c14881f4a4525345696) Importer(815301076,1909f56bfc062723c751e8b465ee728b) (PreviewImporter) -> (artifact id: '09c700d35d38a7745eca6393fecc6dcd') in 0.0306294 seconds
Number of updated asset objects reloaded before import = 0Number of asset objects unloaded after import = 2

========================================================================
Received Import Request.
  Time since last request: 0.000017 seconds.
  path: Assets/AssedStore - Prefabs/Rowlan/Gaia User Data/Stamps/2K Craters/Craters 07.exr
  artifactKey: Guid(001f51611ad96644daa711641f973999) Importer(815301076,1909f56bfc062723c751e8b465ee728b)
Start importing Assets/AssedStore - Prefabs/Rowlan/Gaia User Data/Stamps/2K Craters/Craters 07.exr using Guid(001f51611ad96644daa711641f973999) Importer(815301076,1909f56bfc062723c751e8b465ee728b) (PreviewImporter) -> (artifact id: 'd1444e34cd321936268410f357c43d11') in 0.0269181 seconds
Number of updated asset objects reloaded before import = 0Number of asset objects unloaded after import = 2

========================================================================
Received Import Request.
  Time since last request: 0.176726 seconds.
  path: Assets/AssedStore - Prefabs/Rowlan/Gaia User Data/Stamps/4K Dunes/Dunes 01.exr
  artifactKey: Guid(b4ac142e1129e7d4282b27da5a795fd4) Importer(815301076,1909f56bfc062723c751e8b465ee728b)
Start importing Assets/AssedStore - Prefabs/Rowlan/Gaia User Data/Stamps/4K Dunes/Dunes 01.exr using Guid(b4ac142e1129e7d4282b27da5a795fd4) Importer(815301076,1909f56bfc062723c751e8b465ee728b) (PreviewImporter) -> (artifact id: '63de51692a2579fc53d5a8a3207835a0') in 0.0605383 seconds
Number of updated asset objects reloaded before import = 0Number of asset objects unloaded after import = 2

========================================================================
Received Import Request.
  Time since last request: 0.000026 seconds.
  path: Assets/AssedStore - Prefabs/Rowlan/Gaia User Data/Stamps/2K Dunes/Dunes 07.exr
  artifactKey: Guid(bdaf328c82ef7b848931fdc3b618a5cf) Importer(815301076,1909f56bfc062723c751e8b465ee728b)
Start importing Assets/AssedStore - Prefabs/Rowlan/Gaia User Data/Stamps/2K Dunes/Dunes 07.exr using Guid(bdaf328c82ef7b848931fdc3b618a5cf) Importer(815301076,1909f56bfc062723c751e8b465ee728b) (PreviewImporter) -> (artifact id: '750aeba94392410b69e8ff258b584f6f') in 0.0300179 seconds
Number of updated asset objects reloaded before import = 0Number of asset objects unloaded after import = 2

========================================================================
Received Import Request.
  Time since last request: 0.000068 seconds.
  path: Assets/AssedStore - Prefabs/Rowlan/Gaia User Data/Stamps/2K Dunes/Dunes 02.exr
  artifactKey: Guid(b5a98ed3fa7b26c458dfe81472bd0665) Importer(815301076,1909f56bfc062723c751e8b465ee728b)
Start importing Assets/AssedStore - Prefabs/Rowlan/Gaia User Data/Stamps/2K Dunes/Dunes 02.exr using Guid(b5a98ed3fa7b26c458dfe81472bd0665) Importer(815301076,1909f56bfc062723c751e8b465ee728b) (PreviewImporter) -> (artifact id: '5f2fd4ebbafa0f1bb96899d2f3925245') in 0.0278967 seconds
Number of updated asset objects reloaded before import = 0Number of asset objects unloaded after import = 2

========================================================================
Received Import Request.
  Time since last request: 0.000065 seconds.
  path: Assets/AssedStore - Prefabs/Rowlan/Gaia User Data/Stamps/2K Dunes/Dunes 04.exr
  artifactKey: Guid(0c51e2f596c017d48b20ae24568dd84d) Importer(815301076,1909f56bfc062723c751e8b465ee728b)
Start importing Assets/AssedStore - Prefabs/Rowlan/Gaia User Data/Stamps/2K Dunes/Dunes 04.exr using Guid(0c51e2f596c017d48b20ae24568dd84d) Importer(815301076,1909f56bfc062723c751e8b465ee728b) (PreviewImporter) -> (artifact id: '1ffc9102ec3ec9137dac02da5bdbee2e') in 0.0291287 seconds
Number of updated asset objects reloaded before import = 0Number of asset objects unloaded after import = 2

========================================================================
Received Import Request.
  Time since last request: 0.000054 seconds.
  path: Assets/AssedStore - Prefabs/Rowlan/Gaia User Data/Stamps/4K Dunes/Dunes 08.exr
  artifactKey: Guid(69f29c1299a9e4149854525134c459a1) Importer(815301076,1909f56bfc062723c751e8b465ee728b)
Start importing Assets/AssedStore - Prefabs/Rowlan/Gaia User Data/Stamps/4K Dunes/Dunes 08.exr using Guid(69f29c1299a9e4149854525134c459a1) Importer(815301076,1909f56bfc062723c751e8b465ee728b) (PreviewImporter) -> (artifact id: '28fbcf8a3f0e6d37e5a602ad0eba3496') in 0.0572177 seconds
Number of updated asset objects reloaded before import = 0Number of asset objects unloaded after import = 2

========================================================================
Received Import Request.
  Time since last request: 0.530324 seconds.
  path: Assets/AssedStore - Prefabs/Rowlan/Gaia User Data/Stamps/2K Highlands/Highlands 03.exr
  artifactKey: Guid(0bad42a6e5fefbd47ac1b9a8aee902b4) Importer(815301076,1909f56bfc062723c751e8b465ee728b)
Start importing Assets/AssedStore - Prefabs/Rowlan/Gaia User Data/Stamps/2K Highlands/Highlands 03.exr using Guid(0bad42a6e5fefbd47ac1b9a8aee902b4) Importer(815301076,1909f56bfc062723c751e8b465ee728b) (PreviewImporter) -> (artifact id: '3f0a7318ce80296df0d369ae1cb7321c') in 0.0294242 seconds
Number of updated asset objects reloaded before import = 0Number of asset objects unloaded after import = 2

========================================================================
Received Import Request.
  Time since last request: 0.000011 seconds.
  path: Assets/AssedStore - Prefabs/Rowlan/Gaia User Data/Stamps/2K Highlands/Highlands 07.exr
  artifactKey: Guid(63f42b129fe3573439c807a81ff3ebf6) Importer(815301076,1909f56bfc062723c751e8b465ee728b)
Start importing Assets/AssedStore - Prefabs/Rowlan/Gaia User Data/Stamps/2K Highlands/Highlands 07.exr using Guid(63f42b129fe3573439c807a81ff3ebf6) Importer(815301076,1909f56bfc062723c751e8b465ee728b) (PreviewImporter) -> (artifact id: 'cfcc276dc4cf485a39fd3b692b04957e') in 0.0286348 seconds
Number of updated asset objects reloaded before import = 0Number of asset objects unloaded after import = 2

========================================================================
Received Import Request.
  Time since last request: 0.000012 seconds.
  path: Assets/AssedStore - Prefabs/Rowlan/Gaia User Data/Stamps/2K Islands/Islands 01.exr
  artifactKey: Guid(46237eb2759c90840863a950ec13b0f0) Importer(815301076,1909f56bfc062723c751e8b465ee728b)
Start importing Assets/AssedStore - Prefabs/Rowlan/Gaia User Data/Stamps/2K Islands/Islands 01.exr using Guid(46237eb2759c90840863a950ec13b0f0) Importer(815301076,1909f56bfc062723c751e8b465ee728b) (PreviewImporter) -> (artifact id: 'f652ed6aa412195ea3305d9b06ed3b7a') in 0.0304478 seconds
Number of updated asset objects reloaded before import = 0Number of asset objects unloaded after import = 2

========================================================================
Received Import Request.
  Time since last request: 0.000094 seconds.
  path: Assets/AssedStore - Prefabs/Rowlan/Gaia User Data/Stamps/2K Highlands/Highlands 06.exr
  artifactKey: Guid(2cd331c066c676244860fab189f7c0ef) Importer(815301076,1909f56bfc062723c751e8b465ee728b)
Start importing Assets/AssedStore - Prefabs/Rowlan/Gaia User Data/Stamps/2K Highlands/Highlands 06.exr using Guid(2cd331c066c676244860fab189f7c0ef) Importer(815301076,1909f56bfc062723c751e8b465ee728b) (PreviewImporter) -> (artifact id: 'a0543acf28d781dc7173ae67eb21a265') in 0.0260282 seconds
Number of updated asset objects reloaded before import = 0Number of asset objects unloaded after import = 2

========================================================================
Received Import Request.
  Time since last request: 0.000014 seconds.
  path: Assets/AssedStore - Prefabs/Rowlan/Gaia User Data/Stamps/2K Highlands/Highlands 05.exr
  artifactKey: Guid(388f3ee8ea397234da06490c10713059) Importer(815301076,1909f56bfc062723c751e8b465ee728b)
Start importing Assets/AssedStore - Prefabs/Rowlan/Gaia User Data/Stamps/2K Highlands/Highlands 05.exr using Guid(388f3ee8ea397234da06490c10713059) Importer(815301076,1909f56bfc062723c751e8b465ee728b) (PreviewImporter) -> (artifact id: '46185983ce4e2b6d326aaa695407b66b') in 0.0295618 seconds
Number of updated asset objects reloaded before import = 0Number of asset objects unloaded after import = 2

========================================================================
Received Import Request.
  Time since last request: 0.000089 seconds.
  path: Assets/AssedStore - Prefabs/Rowlan/Gaia User Data/Stamps/2K Islands/Islands 04.exr
  artifactKey: Guid(b019e3153dfa479449f19faf78b3a266) Importer(815301076,1909f56bfc062723c751e8b465ee728b)
Start importing Assets/AssedStore - Prefabs/Rowlan/Gaia User Data/Stamps/2K Islands/Islands 04.exr using Guid(b019e3153dfa479449f19faf78b3a266) Importer(815301076,1909f56bfc062723c751e8b465ee728b) (PreviewImporter) -> (artifact id: 'c9e0e7408a34efece9b3174485fe1253') in 0.0303716 seconds
Number of updated asset objects reloaded before import = 0Number of asset objects unloaded after import = 2

========================================================================
Received Import Request.
  Time since last request: 0.000062 seconds.
  path: Assets/AssedStore - Prefabs/Rowlan/Gaia User Data/Stamps/2K Highlands/Highlands 04.exr
  artifactKey: Guid(18b7812386eec8342bd55c5b305ae120) Importer(815301076,1909f56bfc062723c751e8b465ee728b)
Start importing Assets/AssedStore - Prefabs/Rowlan/Gaia User Data/Stamps/2K Highlands/Highlands 04.exr using Guid(18b7812386eec8342bd55c5b305ae120) Importer(815301076,1909f56bfc062723c751e8b465ee728b) (PreviewImporter) -> (artifact id: 'b03afe3d88e17cb684c566454c7545c1') in 0.0271446 seconds
Number of updated asset objects reloaded before import = 0Number of asset objects unloaded after import = 2

========================================================================
Received Import Request.
  Time since last request: 0.076660 seconds.
  path: Assets/AssedStore - Prefabs/Rowlan/Gaia User Data/Stamps/2K Islands/Islands 06.exr
  artifactKey: Guid(1856f42ef683e504598c67d7bdade81a) Importer(815301076,1909f56bfc062723c751e8b465ee728b)
Start importing Assets/AssedStore - Prefabs/Rowlan/Gaia User Data/Stamps/2K Islands/Islands 06.exr using Guid(1856f42ef683e504598c67d7bdade81a) Importer(815301076,1909f56bfc062723c751e8b465ee728b) (PreviewImporter) -> (artifact id: '90887bfb3f2012070413a55008c77e05') in 0.0283381 seconds
Number of updated asset objects reloaded before import = 0Number of asset objects unloaded after import = 2

========================================================================
Received Import Request.
  Time since last request: 0.000015 seconds.
  path: Assets/AssedStore - Prefabs/Rowlan/Gaia User Data/Stamps/2K Islands/Islands 09.exr
  artifactKey: Guid(ee5ce18c4712dab40bab5a65ccdb0929) Importer(815301076,1909f56bfc062723c751e8b465ee728b)
Start importing Assets/AssedStore - Prefabs/Rowlan/Gaia User Data/Stamps/2K Islands/Islands 09.exr using Guid(ee5ce18c4712dab40bab5a65ccdb0929) Importer(815301076,1909f56bfc062723c751e8b465ee728b) (PreviewImporter) -> (artifact id: 'b7e5c543bc267b2e0fe8783067554861') in 0.0280216 seconds
Number of updated asset objects reloaded before import = 0Number of asset objects unloaded after import = 2

========================================================================
Received Import Request.
  Time since last request: 0.000135 seconds.
  path: Assets/AssedStore - Prefabs/Rowlan/Gaia User Data/Stamps/2K Islands/Islands 10.exr
  artifactKey: Guid(cf64c514e550938419ce97c9e5f0c090) Importer(815301076,1909f56bfc062723c751e8b465ee728b)
Start importing Assets/AssedStore - Prefabs/Rowlan/Gaia User Data/Stamps/2K Islands/Islands 10.exr using Guid(cf64c514e550938419ce97c9e5f0c090) Importer(815301076,1909f56bfc062723c751e8b465ee728b) (PreviewImporter) -> (artifact id: 'd74c242c8e1bfe221c9a4f3362e42aed') in 0.0282139 seconds
Number of updated asset objects reloaded before import = 0Number of asset objects unloaded after import = 2

========================================================================
Received Import Request.
  Time since last request: 0.000016 seconds.
  path: Assets/AssedStore - Prefabs/Rowlan/Gaia User Data/Stamps/2K Meadows/Meadows 03.exr
  artifactKey: Guid(640f9149c39b0724d8be39e6ddd39e60) Importer(815301076,1909f56bfc062723c751e8b465ee728b)
Start importing Assets/AssedStore - Prefabs/Rowlan/Gaia User Data/Stamps/2K Meadows/Meadows 03.exr using Guid(640f9149c39b0724d8be39e6ddd39e60) Importer(815301076,1909f56bfc062723c751e8b465ee728b) (PreviewImporter) -> (artifact id: '5c1a78e989eb3ae82ac906b14afad6f4') in 0.0325935 seconds
Number of updated asset objects reloaded before import = 0Number of asset objects unloaded after import = 2

========================================================================
Received Import Request.
  Time since last request: 0.000026 seconds.
  path: Assets/AssedStore - Prefabs/Rowlan/Gaia User Data/Stamps/2K Meadows/Meadows 01.exr
  artifactKey: Guid(de3cd82a57f5a7b4a938a0ab8195819b) Importer(815301076,1909f56bfc062723c751e8b465ee728b)
Start importing Assets/AssedStore - Prefabs/Rowlan/Gaia User Data/Stamps/2K Meadows/Meadows 01.exr using Guid(de3cd82a57f5a7b4a938a0ab8195819b) Importer(815301076,1909f56bfc062723c751e8b465ee728b) (PreviewImporter) -> (artifact id: '0992c1c392c2aa3c52a6a43558afe28e') in 0.0280591 seconds
Number of updated asset objects reloaded before import = 0Number of asset objects unloaded after import = 2

========================================================================
Received Import Request.
  Time since last request: 5.236019 seconds.
  path: Assets/AssedStore - Prefabs/Rowlan/Gaia User Data/Stamps/2K Meadows/Meadows 06.exr
  artifactKey: Guid(76ccb1f3d3ae203419d888e24094897a) Importer(815301076,1909f56bfc062723c751e8b465ee728b)
Start importing Assets/AssedStore - Prefabs/Rowlan/Gaia User Data/Stamps/2K Meadows/Meadows 06.exr using Guid(76ccb1f3d3ae203419d888e24094897a) Importer(815301076,1909f56bfc062723c751e8b465ee728b) (PreviewImporter) -> (artifact id: '07dfaecf2855965de75baea726e9ced4') in 0.0398514 seconds
Number of updated asset objects reloaded before import = 0Number of asset objects unloaded after import = 2

========================================================================
Received Import Request.
  Time since last request: 0.000019 seconds.
  path: Assets/AssedStore - Prefabs/Rowlan/Gaia User Data/Stamps/2K Meadows/Meadows 08.exr
  artifactKey: Guid(d07d2ec3335b8f64f84ad744b0e5fcda) Importer(815301076,1909f56bfc062723c751e8b465ee728b)
Start importing Assets/AssedStore - Prefabs/Rowlan/Gaia User Data/Stamps/2K Meadows/Meadows 08.exr using Guid(d07d2ec3335b8f64f84ad744b0e5fcda) Importer(815301076,1909f56bfc062723c751e8b465ee728b) (PreviewImporter) -> (artifact id: '37475d25bac0c3b1bcef1330eef3f6dd') in 0.0488579 seconds
Number of updated asset objects reloaded before import = 0Number of asset objects unloaded after import = 2

========================================================================
Received Import Request.
  Time since last request: 0.000158 seconds.
  path: Assets/AssedStore - Prefabs/Rowlan/Gaia User Data/Stamps/2K Monument Desert/Monument Desert 02.exr
  artifactKey: Guid(33a11c37c64de7a4ab0e6822d7877768) Importer(815301076,1909f56bfc062723c751e8b465ee728b)
Start importing Assets/AssedStore - Prefabs/Rowlan/Gaia User Data/Stamps/2K Monument Desert/Monument Desert 02.exr using Guid(33a11c37c64de7a4ab0e6822d7877768) Importer(815301076,1909f56bfc062723c751e8b465ee728b) (PreviewImporter) -> (artifact id: 'cc093417ff234e70af0a3a3561d9ae95') in 0.0404794 seconds
Number of updated asset objects reloaded before import = 0Number of asset objects unloaded after import = 2

========================================================================
Received Import Request.
  Time since last request: 0.000012 seconds.
  path: Assets/AssedStore - Prefabs/Rowlan/Gaia User Data/Stamps/2K Monument Desert/Monument Desert 03.exr
  artifactKey: Guid(c37e36e17562bbd4ebb5a8404a7cd931) Importer(815301076,1909f56bfc062723c751e8b465ee728b)
Start importing Assets/AssedStore - Prefabs/Rowlan/Gaia User Data/Stamps/2K Monument Desert/Monument Desert 03.exr using Guid(c37e36e17562bbd4ebb5a8404a7cd931) Importer(815301076,1909f56bfc062723c751e8b465ee728b) (PreviewImporter) -> (artifact id: '6878a045eefcc8ff7b3dd3975f76a3e3') in 0.0462272 seconds
Number of updated asset objects reloaded before import = 0Number of asset objects unloaded after import = 2

========================================================================
Received Import Request.
  Time since last request: 0.504194 seconds.
  path: Assets/AssedStore - Prefabs/Rowlan/Gaia User Data/Stamps/2K Monument Desert/Monument Desert 08.exr
  artifactKey: Guid(0de3d4c88e9f32f4cada14189293102b) Importer(815301076,1909f56bfc062723c751e8b465ee728b)
Start importing Assets/AssedStore - Prefabs/Rowlan/Gaia User Data/Stamps/2K Monument Desert/Monument Desert 08.exr using Guid(0de3d4c88e9f32f4cada14189293102b) Importer(815301076,1909f56bfc062723c751e8b465ee728b) (PreviewImporter) -> (artifact id: 'b887f1d373ad064ec2b577147e893731') in 0.0679334 seconds
Number of updated asset objects reloaded before import = 0Number of asset objects unloaded after import = 2

========================================================================
Received Import Request.
  Time since last request: 0.000024 seconds.
  path: Assets/AssedStore - Prefabs/Rowlan/Gaia User Data/Stamps/2K Moon/Moon 09.exr
  artifactKey: Guid(150d33677e1f39c4090dd6da673762ef) Importer(815301076,1909f56bfc062723c751e8b465ee728b)
Start importing Assets/AssedStore - Prefabs/Rowlan/Gaia User Data/Stamps/2K Moon/Moon 09.exr using Guid(150d33677e1f39c4090dd6da673762ef) Importer(815301076,1909f56bfc062723c751e8b465ee728b) (PreviewImporter) -> (artifact id: 'eed3f00c582387776ab99023c31336b6') in 0.0402519 seconds
Number of updated asset objects reloaded before import = 0Number of asset objects unloaded after import = 2

========================================================================
Received Import Request.
  Time since last request: 0.000076 seconds.
  path: Assets/AssedStore - Prefabs/Rowlan/Gaia User Data/Stamps/2K Moon/Moon 02.exr
  artifactKey: Guid(9931ddf135aa02647a44c8bddb57343b) Importer(815301076,1909f56bfc062723c751e8b465ee728b)
Start importing Assets/AssedStore - Prefabs/Rowlan/Gaia User Data/Stamps/2K Moon/Moon 02.exr using Guid(9931ddf135aa02647a44c8bddb57343b) Importer(815301076,1909f56bfc062723c751e8b465ee728b) (PreviewImporter) -> (artifact id: 'f21780caedd1101aa91888c25f82c823') in 0.0394296 seconds
Number of updated asset objects reloaded before import = 0Number of asset objects unloaded after import = 2

========================================================================
Received Import Request.
  Time since last request: 0.000037 seconds.
  path: Assets/AssedStore - Prefabs/Rowlan/Gaia User Data/Stamps/2K Moon/Moon 10.exr
  artifactKey: Guid(a4ec33c44314d994e8d3a0160756664a) Importer(815301076,1909f56bfc062723c751e8b465ee728b)
Start importing Assets/AssedStore - Prefabs/Rowlan/Gaia User Data/Stamps/2K Moon/Moon 10.exr using Guid(a4ec33c44314d994e8d3a0160756664a) Importer(815301076,1909f56bfc062723c751e8b465ee728b) (PreviewImporter) -> (artifact id: '3d6bdd42dbeb855599d1254360f21307') in 0.0293257 seconds
Number of updated asset objects reloaded before import = 0Number of asset objects unloaded after import = 2

========================================================================
Received Import Request.
  Time since last request: 0.222501 seconds.
  path: Assets/AssedStore - Prefabs/Rowlan/Gaia User Data/Stamps/2K Rocky Desert/Rocky Desert 03.exr
  artifactKey: Guid(60da0ffc8c2eac740a72e2f26737ef95) Importer(815301076,1909f56bfc062723c751e8b465ee728b)
Start importing Assets/AssedStore - Prefabs/Rowlan/Gaia User Data/Stamps/2K Rocky Desert/Rocky Desert 03.exr using Guid(60da0ffc8c2eac740a72e2f26737ef95) Importer(815301076,1909f56bfc062723c751e8b465ee728b) (PreviewImporter) -> (artifact id: 'a9a0088b16c610cb439ac7428c4119d0') in 0.0338067 seconds
Number of updated asset objects reloaded before import = 0Number of asset objects unloaded after import = 2

========================================================================
Received Import Request.
  Time since last request: 0.000016 seconds.
  path: Assets/AssedStore - Prefabs/Rowlan/Gaia User Data/Stamps/2K Rocky Desert/Rocky Desert 05.exr
  artifactKey: Guid(6137822ff2480ff4fbee66f8630f46b9) Importer(815301076,1909f56bfc062723c751e8b465ee728b)
Start importing Assets/AssedStore - Prefabs/Rowlan/Gaia User Data/Stamps/2K Rocky Desert/Rocky Desert 05.exr using Guid(6137822ff2480ff4fbee66f8630f46b9) Importer(815301076,1909f56bfc062723c751e8b465ee728b) (PreviewImporter) -> (artifact id: 'aaf3a971d83d43511faba16726eb8c8f') in 0.0341687 seconds
Number of updated asset objects reloaded before import = 0Number of asset objects unloaded after import = 2

========================================================================
Received Import Request.
  Time since last request: 0.000154 seconds.
  path: Assets/AssedStore - Prefabs/Rowlan/Gaia User Data/Stamps/2K Rocky Plateaus/Rocky Plateaus 02.exr
  artifactKey: Guid(14a74b0c2487f5a4c90ac77bf38a6321) Importer(815301076,1909f56bfc062723c751e8b465ee728b)
Start importing Assets/AssedStore - Prefabs/Rowlan/Gaia User Data/Stamps/2K Rocky Plateaus/Rocky Plateaus 02.exr using Guid(14a74b0c2487f5a4c90ac77bf38a6321) Importer(815301076,1909f56bfc062723c751e8b465ee728b) (PreviewImporter) -> (artifact id: '2c0f3d1587e3b7c9d40ddb3722d2af6b') in 0.0391132 seconds
Number of updated asset objects reloaded before import = 0Number of asset objects unloaded after import = 2

========================================================================
Received Import Request.
  Time since last request: 0.000024 seconds.
  path: Assets/AssedStore - Prefabs/Rowlan/Gaia User Data/Stamps/2K Rocky Plateaus/Rocky Plateaus 03.exr
  artifactKey: Guid(359da67c757ca814e9a90cbecc074d59) Importer(815301076,1909f56bfc062723c751e8b465ee728b)
Start importing Assets/AssedStore - Prefabs/Rowlan/Gaia User Data/Stamps/2K Rocky Plateaus/Rocky Plateaus 03.exr using Guid(359da67c757ca814e9a90cbecc074d59) Importer(815301076,1909f56bfc062723c751e8b465ee728b) (PreviewImporter) -> (artifact id: 'c33c2aba6bbb9c769a32eea5a0bf6011') in 0.0343208 seconds
Number of updated asset objects reloaded before import = 0Number of asset objects unloaded after import = 2

========================================================================
Received Import Request.
  Time since last request: 0.168539 seconds.
  path: Assets/AssedStore - Prefabs/Rowlan/Gaia User Data/Stamps/2K Rocky Plateaus/Rocky Plateaus 07.exr
  artifactKey: Guid(94f620cc16ef19f4d8cba275f53e5237) Importer(815301076,1909f56bfc062723c751e8b465ee728b)
Start importing Assets/AssedStore - Prefabs/Rowlan/Gaia User Data/Stamps/2K Rocky Plateaus/Rocky Plateaus 07.exr using Guid(94f620cc16ef19f4d8cba275f53e5237) Importer(815301076,1909f56bfc062723c751e8b465ee728b) (PreviewImporter) -> (artifact id: 'c817aacbe80c0daf1fbea04aff0f40a9') in 0.0396497 seconds
Number of updated asset objects reloaded before import = 0Number of asset objects unloaded after import = 2

========================================================================
Received Import Request.
  Time since last request: 0.000112 seconds.
  path: Assets/AssedStore - Prefabs/Rowlan/Gaia User Data/Stamps/2K Rugged Rocks/Rugged Rocks 05.exr
  artifactKey: Guid(365440e66815469409d203cba04cf1f2) Importer(815301076,1909f56bfc062723c751e8b465ee728b)
Start importing Assets/AssedStore - Prefabs/Rowlan/Gaia User Data/Stamps/2K Rugged Rocks/Rugged Rocks 05.exr using Guid(365440e66815469409d203cba04cf1f2) Importer(815301076,1909f56bfc062723c751e8b465ee728b) (PreviewImporter) -> (artifact id: '4f6a5b2462df2d3986719887c4b96a66') in 0.0302429 seconds
Number of updated asset objects reloaded before import = 0Number of asset objects unloaded after import = 2

========================================================================
Received Import Request.
  Time since last request: 0.000013 seconds.
  path: Assets/AssedStore - Prefabs/Rowlan/Gaia User Data/Stamps/2K Rugged Rocks/Rugged Rocks 02.exr
  artifactKey: Guid(2a09578956d32374e95f336dd86b10b5) Importer(815301076,1909f56bfc062723c751e8b465ee728b)
Start importing Assets/AssedStore - Prefabs/Rowlan/Gaia User Data/Stamps/2K Rugged Rocks/Rugged Rocks 02.exr using Guid(2a09578956d32374e95f336dd86b10b5) Importer(815301076,1909f56bfc062723c751e8b465ee728b) (PreviewImporter) -> (artifact id: 'f36ce4eb6ac110ea7d04ade8f295086e') in 0.0326646 seconds
Number of updated asset objects reloaded before import = 0Number of asset objects unloaded after import = 2

========================================================================
Received Import Request.
  Time since last request: 0.255101 seconds.
  path: Assets/AssedStore - Prefabs/Rowlan/Gaia User Data/Stamps/2K Rugged Rocks/Rugged Rocks 10.exr
  artifactKey: Guid(a71446d26ff652c468ccf04b44ab6cbe) Importer(815301076,1909f56bfc062723c751e8b465ee728b)
Start importing Assets/AssedStore - Prefabs/Rowlan/Gaia User Data/Stamps/2K Rugged Rocks/Rugged Rocks 10.exr using Guid(a71446d26ff652c468ccf04b44ab6cbe) Importer(815301076,1909f56bfc062723c751e8b465ee728b) (PreviewImporter) -> (artifact id: '305654aca990c3cdd5e5e3e8237bf33a') in 0.0376762 seconds
Number of updated asset objects reloaded before import = 0Number of asset objects unloaded after import = 2

========================================================================
Received Import Request.
  Time since last request: 0.000534 seconds.
  path: Assets/AssedStore - Prefabs/Rowlan/Gaia User Data/Stamps/2K Seaside Cliffs/Seaside Cliffs 03.exr
  artifactKey: Guid(bba5e0d36680fa14592f0ff9d3c21ffe) Importer(815301076,1909f56bfc062723c751e8b465ee728b)
Start importing Assets/AssedStore - Prefabs/Rowlan/Gaia User Data/Stamps/2K Seaside Cliffs/Seaside Cliffs 03.exr using Guid(bba5e0d36680fa14592f0ff9d3c21ffe) Importer(815301076,1909f56bfc062723c751e8b465ee728b) (PreviewImporter) -> (artifact id: 'e2ada1569be20a813f140e0e21ca8d94') in 0.0358948 seconds
Number of updated asset objects reloaded before import = 0Number of asset objects unloaded after import = 2

========================================================================
Received Import Request.
  Time since last request: 0.047949 seconds.
  path: Assets/AssedStore - Prefabs/Rowlan/Gaia User Data/Stamps/2K Seaside Cliffs/Seaside Cliffs 08.exr
  artifactKey: Guid(1654128b74e23394db2881a34b1915ed) Importer(815301076,1909f56bfc062723c751e8b465ee728b)
Start importing Assets/AssedStore - Prefabs/Rowlan/Gaia User Data/Stamps/2K Seaside Cliffs/Seaside Cliffs 08.exr using Guid(1654128b74e23394db2881a34b1915ed) Importer(815301076,1909f56bfc062723c751e8b465ee728b) (PreviewImporter) -> (artifact id: '3e42757c9b7ae593c5a42b81f07d4b8c') in 0.0341206 seconds
Number of updated asset objects reloaded before import = 0Number of asset objects unloaded after import = 2

========================================================================
Received Import Request.
  Time since last request: 0.239815 seconds.
  path: Assets/AssedStore - Prefabs/Rowlan/Gaia User Data/Stamps/2K Terrace Fields/Terrace Fields 05.exr
  artifactKey: Guid(ad62e18888cf4564a8ff90512a3d01ef) Importer(815301076,1909f56bfc062723c751e8b465ee728b)
Start importing Assets/AssedStore - Prefabs/Rowlan/Gaia User Data/Stamps/2K Terrace Fields/Terrace Fields 05.exr using Guid(ad62e18888cf4564a8ff90512a3d01ef) Importer(815301076,1909f56bfc062723c751e8b465ee728b) (PreviewImporter) -> (artifact id: 'cda785463b7bb2ac9be02f49a3a1484e') in 0.032462 seconds
Number of updated asset objects reloaded before import = 0Number of asset objects unloaded after import = 2

========================================================================
Received Import Request.
  Time since last request: 0.000119 seconds.
  path: Assets/AssedStore - Prefabs/Rowlan/Gaia User Data/Stamps/2K Terrace Fields/Terrace Fields 07.exr
  artifactKey: Guid(67ca591ce5a89754b9a18240af144989) Importer(815301076,1909f56bfc062723c751e8b465ee728b)
Start importing Assets/AssedStore - Prefabs/Rowlan/Gaia User Data/Stamps/2K Terrace Fields/Terrace Fields 07.exr using Guid(67ca591ce5a89754b9a18240af144989) Importer(815301076,1909f56bfc062723c751e8b465ee728b) (PreviewImporter) -> (artifact id: '9ab55cbcef472c00835d0066560a4e89') in 0.0350968 seconds
Number of updated asset objects reloaded before import = 0Number of asset objects unloaded after import = 2

========================================================================
Received Import Request.
  Time since last request: 2.799433 seconds.
  path: Assets/AssedStore - Prefabs/Rowlan/Gaia User Data/Stamps/2K Tundra/Tundra 03.exr
  artifactKey: Guid(bd673c4b434b40248a59a3abba6207cb) Importer(815301076,1909f56bfc062723c751e8b465ee728b)
Start importing Assets/AssedStore - Prefabs/Rowlan/Gaia User Data/Stamps/2K Tundra/Tundra 03.exr using Guid(bd673c4b434b40248a59a3abba6207cb) Importer(815301076,1909f56bfc062723c751e8b465ee728b) (PreviewImporter) -> (artifact id: 'ded6c3a56a4e1284bfab86d0bd2801e5') in 0.066112 seconds
Number of updated asset objects reloaded before import = 0Number of asset objects unloaded after import = 2

========================================================================
Received Import Request.
  Time since last request: 0.000099 seconds.
  path: Assets/AssedStore - Prefabs/Rowlan/Gaia User Data/Stamps/2K Tundra/Tundra 07.exr
  artifactKey: Guid(15254f4e87429584183467f44388b1fa) Importer(815301076,1909f56bfc062723c751e8b465ee728b)
Start importing Assets/AssedStore - Prefabs/Rowlan/Gaia User Data/Stamps/2K Tundra/Tundra 07.exr using Guid(15254f4e87429584183467f44388b1fa) Importer(815301076,1909f56bfc062723c751e8b465ee728b) (PreviewImporter) -> (artifact id: '07bfd6540caf9530bdcce81552d7c0e0') in 0.034659 seconds
Number of updated asset objects reloaded before import = 0Number of asset objects unloaded after import = 2

========================================================================
Received Import Request.
  Time since last request: 0.248427 seconds.
  path: Assets/AssedStore - Prefabs/Rowlan/Gaia User Data/Stamps/2K Valleys/Valleys 03.exr
  artifactKey: Guid(dd47559acc3a01f4e974bfe7e696a6b4) Importer(815301076,1909f56bfc062723c751e8b465ee728b)
Start importing Assets/AssedStore - Prefabs/Rowlan/Gaia User Data/Stamps/2K Valleys/Valleys 03.exr using Guid(dd47559acc3a01f4e974bfe7e696a6b4) Importer(815301076,1909f56bfc062723c751e8b465ee728b) (PreviewImporter) -> (artifact id: '841240a425c807e3b7f7157d1be347e1') in 0.0584489 seconds
Number of updated asset objects reloaded before import = 0Number of asset objects unloaded after import = 2

========================================================================
Received Import Request.
  Time since last request: 0.000022 seconds.
  path: Assets/AssedStore - Prefabs/Rowlan/Gaia User Data/Stamps/2K Valleys/Valleys 05.exr
  artifactKey: Guid(8f4865053d9c0e44984efc9ea642423f) Importer(815301076,1909f56bfc062723c751e8b465ee728b)
Start importing Assets/AssedStore - Prefabs/Rowlan/Gaia User Data/Stamps/2K Valleys/Valleys 05.exr using Guid(8f4865053d9c0e44984efc9ea642423f) Importer(815301076,1909f56bfc062723c751e8b465ee728b) (PreviewImporter) -> (artifact id: '3e656e9cc5ef817652bf5754612797d4') in 0.0353354 seconds
Number of updated asset objects reloaded before import = 0Number of asset objects unloaded after import = 2

========================================================================
Received Import Request.
  Time since last request: 0.145809 seconds.
  path: Assets/AssedStore - Prefabs/Rowlan/Gaia User Data/Stamps/2K Valleys/Valleys 09.exr
  artifactKey: Guid(072f3258c4628364792c3c2125a63ada) Importer(815301076,1909f56bfc062723c751e8b465ee728b)
Start importing Assets/AssedStore - Prefabs/Rowlan/Gaia User Data/Stamps/2K Valleys/Valleys 09.exr using Guid(072f3258c4628364792c3c2125a63ada) Importer(815301076,1909f56bfc062723c751e8b465ee728b) (PreviewImporter) -> (artifact id: 'a1dd891a86ad9a257315226c56fdc4fd') in 0.0448543 seconds
Number of updated asset objects reloaded before import = 0Number of asset objects unloaded after import = 2

========================================================================
Received Import Request.
  Time since last request: 2.219894 seconds.
  path: Assets/AssedStore - Prefabs/Rowlan/Gaia User Data/Stamps/2K Volcanos/Volcano 03.exr
  artifactKey: Guid(bbc25176f90409640bb893dd4c883c09) Importer(815301076,1909f56bfc062723c751e8b465ee728b)
Start importing Assets/AssedStore - Prefabs/Rowlan/Gaia User Data/Stamps/2K Volcanos/Volcano 03.exr using Guid(bbc25176f90409640bb893dd4c883c09) Importer(815301076,1909f56bfc062723c751e8b465ee728b) (PreviewImporter) -> (artifact id: '1e11f093243e27acb7feb39e208318e9') in 0.04006 seconds
Number of updated asset objects reloaded before import = 0Number of asset objects unloaded after import = 2

========================================================================
Received Import Request.
  Time since last request: 0.000140 seconds.
  path: Assets/AssedStore - Prefabs/Rowlan/Gaia User Data/Stamps/2K Volcanos/Volcano 08.exr
  artifactKey: Guid(2eb9f9b3991192641847d8cee23ce8b1) Importer(815301076,1909f56bfc062723c751e8b465ee728b)
Start importing Assets/AssedStore - Prefabs/Rowlan/Gaia User Data/Stamps/2K Volcanos/Volcano 08.exr using Guid(2eb9f9b3991192641847d8cee23ce8b1) Importer(815301076,1909f56bfc062723c751e8b465ee728b) (PreviewImporter) -> (artifact id: 'a92c8401eb77da55193238438da6812b') in 0.0413623 seconds
Number of updated asset objects reloaded before import = 0Number of asset objects unloaded after import = 2

Editor requested this worker to shutdown with reason: Scaling down because of idle timeout
AssetImportWorkerClient::OnTransportError - code=2 error=End of file
AssetImportWorker is now disconnected from the server
Process exiting
Exiting without the bug reporter. Application will terminate with return code 0