Using pre-set license
Built from '6000.0/staging' branch; Version is '6000.0.41f1 (46e447368a18) revision 4645959'; Using compiler version '193933523'; Build Type 'Release'
OS: 'Windows 11  (10.0.26100) 64bit Core' Language: 'ru' Physical Memory: 16070 MB
BatchMode: 1, IsHumanControllingUs: 0, StartBugReporterOnCrash: 0, Is64bit: 1, IsPro: 1

COMMAND LINE ARGUMENTS:
C:\Program Files\Unity\Hub\Editor\6000.0.41f1\Editor\Unity.exe
-adb2
-batchMode
-noUpm
-name
AssetImportWorker22
-projectPath
C:/Game_Unity_Car-2/Car-2/Game_Car-2
-logFile
Logs/AssetImportWorker22.log
-srvPort
57370
-job-worker-count
7
-background-job-worker-count
8
-gc-helper-count
1
Successfully changed project path to: C:/Game_Unity_Car-2/Car-2/Game_Car-2
C:/Game_Unity_Car-2/Car-2/Game_Car-2
[UnityMemory] Configuration Parameters - Can be set up in boot.config
    "memorysetup-bucket-allocator-granularity=16"
    "memorysetup-bucket-allocator-bucket-count=8"
    "memorysetup-bucket-allocator-block-size=33554432"
    "memorysetup-bucket-allocator-block-count=8"
    "memorysetup-main-allocator-block-size=16777216"
    "memorysetup-thread-allocator-block-size=16777216"
    "memorysetup-gfx-main-allocator-block-size=16777216"
    "memorysetup-gfx-thread-allocator-block-size=16777216"
    "memorysetup-cache-allocator-block-size=4194304"
    "memorysetup-typetree-allocator-block-size=2097152"
    "memorysetup-profiler-bucket-allocator-granularity=16"
    "memorysetup-profiler-bucket-allocator-bucket-count=8"
    "memorysetup-profiler-bucket-allocator-block-size=33554432"
    "memorysetup-profiler-bucket-allocator-block-count=8"
    "memorysetup-profiler-allocator-block-size=16777216"
    "memorysetup-profiler-editor-allocator-block-size=1048576"
    "memorysetup-temp-allocator-size-main=16777216"
    "memorysetup-job-temp-allocator-block-size=2097152"
    "memorysetup-job-temp-allocator-block-size-background=1048576"
    "memorysetup-job-temp-allocator-reduction-small-platforms=262144"
    "memorysetup-allocator-temp-initial-block-size-main=262144"
    "memorysetup-allocator-temp-initial-block-size-worker=262144"
    "memorysetup-temp-allocator-size-background-worker=32768"
    "memorysetup-temp-allocator-size-job-worker=262144"
    "memorysetup-temp-allocator-size-preload-manager=33554432"
    "memorysetup-temp-allocator-size-nav-mesh-worker=65536"
    "memorysetup-temp-allocator-size-audio-worker=65536"
    "memorysetup-temp-allocator-size-cloud-worker=32768"
    "memorysetup-temp-allocator-size-gi-baking-worker=262144"
    "memorysetup-temp-allocator-size-gi-baking-worker=262144"
    "memorysetup-temp-allocator-size-gi-baking-worker=262144"
    "memorysetup-temp-allocator-size-gi-baking-worker=262144"
    "memorysetup-temp-allocator-size-gi-baking-worker=262144"
    "memorysetup-temp-allocator-size-gfx=262144"
Player connection [6788]  Target information:

Player connection [6788]  * "[IP] 192.168.1.24 [Port] 0 [Flags] 2 [Guid] 2529620219 [EditorId] 2529620219 [Version] 1048832 [Id] WindowsEditor(7,LAPTOP-TS10LTIF) [Debug] 1 [PackageName] WindowsEditor [ProjectName] Editor" 

Player connection [6788] Host joined multi-casting on [225.0.0.222:54997]...
Player connection [6788] Host joined alternative multi-casting on [225.0.0.222:34997]...
JobSystem: Creating JobQueue using job-worker-count value 7
Input System module state changed to: Initialized.
[Physics::Module] Initialized fallback backend.
[Physics::Module] Id: 0xdecafbad
Library Redirect Path: Library/
[Physics::Module] Selected backend.
[Physics::Module] Name: PhysX
[Physics::Module] Id: 0xf2b8ea05
[Physics::Module] SDK Version: 4.1.2
[Physics::Module] Integration Version: 1.0.0
[Physics::Module] Threading Mode: Multi-Threaded
Refreshing native plugins compatible for Editor in 238.69 ms, found 3 plugins.
Preloading 0 native plugins for Editor in 0.00 ms.
Initialize engine version: 6000.0.41f1 (46e447368a18)
[Subsystems] Discovering subsystems at path C:/Program Files/Unity/Hub/Editor/6000.0.41f1/Editor/Data/Resources/UnitySubsystems
[Subsystems] Discovering subsystems at path C:/Game_Unity_Car-2/Car-2/Game_Car-2/Assets
GfxDevice: creating device client; kGfxThreadingModeNonThreaded
Direct3D:
    Version:  Direct3D 11.0 [level 11.1]
    Renderer: NVIDIA GeForce RTX 4060 Laptop GPU (ID=0x28a0)
    Vendor:   NVIDIA
    VRAM:     7957 MB
    Driver:   32.0.15.6590
Initialize mono
Mono path[0] = 'C:/Program Files/Unity/Hub/Editor/6000.0.41f1/Editor/Data/Managed'
Mono path[1] = 'C:/Program Files/Unity/Hub/Editor/6000.0.41f1/Editor/Data/MonoBleedingEdge/lib/mono/unityjit-win32'
Mono config path = 'C:/Program Files/Unity/Hub/Editor/6000.0.41f1/Editor/Data/MonoBleedingEdge/etc'
Using monoOptions --debugger-agent=transport=dt_socket,embedding=1,server=y,suspend=n,address=127.0.0.1:56508
Begin MonoManager ReloadAssembly
Registering precompiled unity dll's ...
Register platform support module: C:/Program Files/Unity/Hub/Editor/6000.0.41f1/Editor/Data/PlaybackEngines/WebGLSupport/UnityEditor.WebGL.Extensions.dll
Register platform support module: C:/Program Files/Unity/Hub/Editor/6000.0.41f1/Editor/Data/PlaybackEngines/WindowsStandaloneSupport/UnityEditor.WindowsStandalone.Extensions.dll
Registered in 1.428247 seconds.
- Loaded All Assemblies, in 29.263 seconds
Native extension for WindowsStandalone target not found
Native extension for WebGL target not found
Mono: successfully reloaded assembly
- Finished resetting the current domain, in  0.301 seconds
Domain Reload Profiling: 29563ms
	BeginReloadAssembly (22985ms)
		ExecutionOrderSort (0ms)
		DisableScriptedObjects (0ms)
		BackupInstance (0ms)
		ReleaseScriptingObjects (0ms)
		CreateAndSetChildDomain (1ms)
	RebuildCommonClasses (1326ms)
	RebuildNativeTypeToScriptingClass (9ms)
	initialDomainReloadingComplete (1471ms)
	LoadAllAssembliesAndSetupDomain (3469ms)
		LoadAssemblies (22996ms)
		RebuildTransferFunctionScriptingTraits (0ms)
		AnalyzeDomain (3452ms)
			TypeCache.Refresh (3451ms)
				TypeCache.ScanAssembly (2608ms)
			BuildScriptInfoCaches (0ms)
			ResolveRequiredComponents (1ms)
	FinalizeReload (302ms)
		ReleaseScriptCaches (0ms)
		RebuildScriptCaches (0ms)
		SetupLoadedEditorAssemblies (260ms)
			LogAssemblyErrors (0ms)
			InitializePlatformSupportModulesInManaged (22ms)
			SetLoadedEditorAssemblies (5ms)
			BeforeProcessingInitializeOnLoad (48ms)
			ProcessInitializeOnLoadAttributes (144ms)
			ProcessInitializeOnLoadMethodAttributes (42ms)
			AfterProcessingInitializeOnLoad (0ms)
			EditorAssembliesLoaded (0ms)
		ExecutionOrderSort2 (0ms)
		AwakeInstancesAfterBackupRestoration (0ms)
Assembly reference Packages/com.unity.cinemachine/Editor/Samples/ExposeHDRPInternals/HDRP-Editor-ref.asmref has no target assembly definition
========================================================================
Worker process is ready to serve import requests
Import Worker Mode flag is 0x00
Assembly reference Packages/com.unity.cinemachine/Editor/Samples/ExposeHDRPInternals/HDRP-Editor-ref.asmref has no target assembly definition
Assembly reference Packages/com.unity.cinemachine/Editor/Samples/ExposeHDRPInternals/HDRP-Editor-ref.asmref has no target assembly definition
Begin MonoManager ReloadAssembly
- Loaded All Assemblies, in 24.760 seconds
Assembly reference Packages/com.unity.cinemachine/Editor/Samples/ExposeHDRPInternals/HDRP-Editor-ref.asmref has no target assembly definition
'Packages/com.unity.cinemachine/Editor/Obsolete/CinemachineVirtualCameraBaseEditor.cs' contains partial class of Unity.Object, exactly 1 of the partial classes needs to be in a file with the same filename. This is to know the one that can be referenced from ie. GameObjects
'Packages/com.unity.cinemachine/Editor/Editors/CinemachineVirtualCameraBaseEditor.cs' contains partial class of Unity.Object, exactly 1 of the partial classes needs to be in a file with the same filename. This is to know the one that can be referenced from ie. GameObjects
Refreshing native plugins compatible for Editor in 1.00 ms, found 3 plugins.
Native extension for WindowsStandalone target not found
Native extension for WebGL target not found
Assembly reference Packages/com.unity.cinemachine/Editor/Samples/ExposeHDRPInternals/HDRP-Editor-ref.asmref has no target assembly definition
Package Manager log level set to [2]
[Package Manager] Failed to launch server process. Reason: Unity was launched with the -noUpm command-line argument
[Package Manager] Unable to send message (not connected to server process).
[Package Manager] Cannot connect to Unity Package Manager local server
System.Exception: Error! Visual Scripting: couldn't find visual scripting package
  at Unity.VisualScripting.PackageVersionUtility.get_version () [0x00025] in .\Library\PackageCache\com.unity.visualscripting@1b53f46e931b\Editor\VisualScripting.Core\Utilities\PackageVersionUtility.cs:22 
  at Unity.VisualScripting.BoltCoreManifest.get_version () [0x00000] in .\Library\PackageCache\com.unity.visualscripting@1b53f46e931b\Editor\VisualScripting.Core\Plugin\BoltCoreManifest.cs:11 
  at Unity.VisualScripting.PluginManifest.get_currentVersion () [0x00000] in .\Library\PackageCache\com.unity.visualscripting@1b53f46e931b\Editor\VisualScripting.Core\Plugins\PluginManifest.cs:33 
  at Unity.VisualScripting.PluginManifest.get_versionMismatch () [0x00000] in .\Library\PackageCache\com.unity.visualscripting@1b53f46e931b\Editor\VisualScripting.Core\Plugins\PluginManifest.cs:48 
  at Unity.VisualScripting.PluginContainer.Initialize () [0x0057d] in .\Library\PackageCache\com.unity.visualscripting@1b53f46e931b\Editor\VisualScripting.Core\Plugins\PluginContainer.cs:208 
  at Unity.VisualScripting.PluginContainer.InitializeOnLoad () [0x00012] in .\Library\PackageCache\com.unity.visualscripting@1b53f46e931b\Editor\VisualScripting.Core\Plugins\PluginContainer.cs:32 
  at Unity.VisualScripting.VSUsageUtility.DoInitializeOnLoadCalls () [0x00044] in .\Library\PackageCache\com.unity.visualscripting@1b53f46e931b\Editor\VisualScripting.Core\Utilities\VSUsageUtility.cs:76 
  at Unity.VisualScripting.VSUsageUtility.set_isVisualScriptingUsed (System.Boolean value) [0x00037] in .\Library\PackageCache\com.unity.visualscripting@1b53f46e931b\Editor\VisualScripting.Core\Utilities\VSUsageUtility.cs:114 
  at Unity.VisualScripting.VSUsageUtility.CheckAndSetIsVisualScriptingUsed () [0x0003f] in .\Library\PackageCache\com.unity.visualscripting@1b53f46e931b\Editor\VisualScripting.Core\Utilities\VSUsageUtility.cs:48 
  at Unity.VisualScripting.VSUsageUtility..cctor () [0x0000d] in .\Library\PackageCache\com.unity.visualscripting@1b53f46e931b\Editor\VisualScripting.Core\Utilities\VSUsageUtility.cs:22 
UnityEngine.Debug:ExtractStackTraceNoAlloc (byte*,int,string)
UnityEngine.StackTraceUtility:ExtractStackTrace ()
UnityEngine.DebugLogHandler:Internal_Log (UnityEngine.LogType,UnityEngine.LogOption,string,UnityEngine.Object)
UnityEngine.DebugLogHandler:LogFormat (UnityEngine.LogType,UnityEngine.Object,string,object[])
UnityEngine.Logger:Log (UnityEngine.LogType,object)
UnityEngine.Debug:LogError (object)
UnityEditor.EditorAssemblies:ProcessInitializeOnLoadAttributes (System.Type[])

Mono: successfully reloaded assembly
- Finished resetting the current domain, in  6.394 seconds
Domain Reload Profiling: 31149ms
	BeginReloadAssembly (149ms)
		ExecutionOrderSort (0ms)
		DisableScriptedObjects (4ms)
		BackupInstance (0ms)
		ReleaseScriptingObjects (0ms)
		CreateAndSetChildDomain (24ms)
	RebuildCommonClasses (30ms)
	RebuildNativeTypeToScriptingClass (9ms)
	initialDomainReloadingComplete (33ms)
	LoadAllAssembliesAndSetupDomain (24534ms)
		LoadAssemblies (23166ms)
		RebuildTransferFunctionScriptingTraits (0ms)
		AnalyzeDomain (1460ms)
			TypeCache.Refresh (1406ms)
				TypeCache.ScanAssembly (1242ms)
			BuildScriptInfoCaches (41ms)
			ResolveRequiredComponents (9ms)
	FinalizeReload (6394ms)
		ReleaseScriptCaches (0ms)
		RebuildScriptCaches (0ms)
		SetupLoadedEditorAssemblies (6293ms)
			LogAssemblyErrors (0ms)
			InitializePlatformSupportModulesInManaged (3ms)
			SetLoadedEditorAssemblies (7ms)
			BeforeProcessingInitializeOnLoad (149ms)
			ProcessInitializeOnLoadAttributes (6070ms)
			ProcessInitializeOnLoadMethodAttributes (59ms)
			AfterProcessingInitializeOnLoad (5ms)
			EditorAssembliesLoaded (0ms)
		ExecutionOrderSort2 (0ms)
		AwakeInstancesAfterBackupRestoration (5ms)
Launched and connected shader compiler UnityShaderCompiler.exe after 0.08 seconds
Refreshing native plugins compatible for Editor in 1.90 ms, found 3 plugins.
Preloading 0 native plugins for Editor in 0.00 ms.
Unloading 144 Unused Serialized files (Serialized files now loaded: 0)
Unloading 6415 unused Assets / (5.5 MB). Loaded Objects now: 7009.
Memory consumption went from 175.6 MB to 170.1 MB.
Total: 16.274900 ms (FindLiveObjects: 0.480100 ms CreateObjectMapping: 0.483000 ms MarkObjects: 12.669100 ms  DeleteObjects: 2.641300 ms)

========================================================================
Received Import Request.
  Time since last request: 421195.264796 seconds.
  path: Assets/AssedStore - Prefabs/Rowlan/Terrain/Stamps/Examples/Brushes/Moon 09.brush
  artifactKey: Guid(2414c698e3f9bad478d140b98b8d6e1f) Importer(815301076,1909f56bfc062723c751e8b465ee728b)
Start importing Assets/AssedStore - Prefabs/Rowlan/Terrain/Stamps/Examples/Brushes/Moon 09.brush using Guid(2414c698e3f9bad478d140b98b8d6e1f) Importer(815301076,1909f56bfc062723c751e8b465ee728b) (PreviewImporter) -> (artifact id: '4c60bb974833838dc66514e2842eab8c') in 0.1695364 seconds
Number of updated asset objects reloaded before import = 0Number of asset objects unloaded after import = 2

========================================================================
Received Import Request.
  Time since last request: 496.117497 seconds.
  path: Assets/AssedStore - Prefabs/LowpolyStyle/Shared Materials and Textures/Main 1.mat
  artifactKey: Guid(987b7d5f7367a704d85823f8f904ff86) Importer(815301076,1909f56bfc062723c751e8b465ee728b)
Start importing Assets/AssedStore - Prefabs/LowpolyStyle/Shared Materials and Textures/Main 1.mat using Guid(987b7d5f7367a704d85823f8f904ff86) Importer(815301076,1909f56bfc062723c751e8b465ee728b) (PreviewImporter) -> (artifact id: '6ff2e8b34dddd4c4848aa61f72d1ee7f') in 0.1036232 seconds
Number of updated asset objects reloaded before import = 0Number of asset objects unloaded after import = 2

========================================================================
Received Import Request.
  Time since last request: 65.618025 seconds.
  path: Assets/AssedStore - Prefabs/LowpolyStyle/Shared FBX Meshes/JoshuaTree1.fbx
  artifactKey: Guid(24e68485097fb1a42a8abfd021a030c3) Importer(815301076,1909f56bfc062723c751e8b465ee728b)
Start importing Assets/AssedStore - Prefabs/LowpolyStyle/Shared FBX Meshes/JoshuaTree1.fbx using Guid(24e68485097fb1a42a8abfd021a030c3) Importer(815301076,1909f56bfc062723c751e8b465ee728b) (PreviewImporter) -> (artifact id: 'e8726ff981001dbef98db3eaac3c6dbe') in 0.0549849 seconds
Number of updated asset objects reloaded before import = 0Number of asset objects unloaded after import = 7

========================================================================
Received Import Request.
  Time since last request: 0.000022 seconds.
  path: Assets/AssedStore - Prefabs/LowpolyStyle/Shared FBX Meshes/MarketStand.fbx
  artifactKey: Guid(791ed9bbcf35b5448bac04df428defaf) Importer(815301076,1909f56bfc062723c751e8b465ee728b)
Start importing Assets/AssedStore - Prefabs/LowpolyStyle/Shared FBX Meshes/MarketStand.fbx using Guid(791ed9bbcf35b5448bac04df428defaf) Importer(815301076,1909f56bfc062723c751e8b465ee728b) (PreviewImporter) -> (artifact id: '04484b73b73a5d28915560cc706599e1') in 0.0299411 seconds
Number of updated asset objects reloaded before import = 0Number of asset objects unloaded after import = 9

========================================================================
Received Import Request.
  Time since last request: 0.000029 seconds.
  path: Assets/AssedStore - Prefabs/LowpolyStyle/Shared FBX Meshes/JoshuaTree3.fbx
  artifactKey: Guid(733e661e557354842ae0e7fce22fcefc) Importer(815301076,1909f56bfc062723c751e8b465ee728b)
Start importing Assets/AssedStore - Prefabs/LowpolyStyle/Shared FBX Meshes/JoshuaTree3.fbx using Guid(733e661e557354842ae0e7fce22fcefc) Importer(815301076,1909f56bfc062723c751e8b465ee728b) (PreviewImporter) -> (artifact id: '261e5aba12be24f35654ecf7f3971e90') in 0.0232062 seconds
Number of updated asset objects reloaded before import = 0Number of asset objects unloaded after import = 7

========================================================================
Received Import Request.
  Time since last request: 0.000019 seconds.
  path: Assets/AssedStore - Prefabs/LowpolyStyle/Shared FBX Meshes/MarketStandClosed.fbx
  artifactKey: Guid(7021091639c0a094981e34aec6102e4b) Importer(815301076,1909f56bfc062723c751e8b465ee728b)
Start importing Assets/AssedStore - Prefabs/LowpolyStyle/Shared FBX Meshes/MarketStandClosed.fbx using Guid(7021091639c0a094981e34aec6102e4b) Importer(815301076,1909f56bfc062723c751e8b465ee728b) (PreviewImporter) -> (artifact id: '938c9567c04c8908bfdacc128726722d') in 0.0290004 seconds
Number of updated asset objects reloaded before import = 0Number of asset objects unloaded after import = 9

========================================================================
Received Import Request.
  Time since last request: 0.103462 seconds.
  path: Assets/AssedStore - Prefabs/LowpolyStyle/Shared FBX Meshes/MarketStandRed.fbx
  artifactKey: Guid(dd52264f6b966b14794ee60e94383c38) Importer(815301076,1909f56bfc062723c751e8b465ee728b)
Start importing Assets/AssedStore - Prefabs/LowpolyStyle/Shared FBX Meshes/MarketStandRed.fbx using Guid(dd52264f6b966b14794ee60e94383c38) Importer(815301076,1909f56bfc062723c751e8b465ee728b) (PreviewImporter) -> (artifact id: 'b27d786a27dce67287a4936c7e1de973') in 0.0250656 seconds
Number of updated asset objects reloaded before import = 0Number of asset objects unloaded after import = 7

========================================================================
Received Import Request.
  Time since last request: 0.000091 seconds.
  path: Assets/AssedStore - Prefabs/LowpolyStyle/Shared FBX Meshes/Mushrooms.fbx
  artifactKey: Guid(9e5aa76ce8179ee4aacee3656ca0f1b2) Importer(815301076,1909f56bfc062723c751e8b465ee728b)
Start importing Assets/AssedStore - Prefabs/LowpolyStyle/Shared FBX Meshes/Mushrooms.fbx using Guid(9e5aa76ce8179ee4aacee3656ca0f1b2) Importer(815301076,1909f56bfc062723c751e8b465ee728b) (PreviewImporter) -> (artifact id: '69f6f01cef639cd0c44ec9de70251e84') in 0.0359858 seconds
Number of updated asset objects reloaded before import = 0Number of asset objects unloaded after import = 7

========================================================================
Received Import Request.
  Time since last request: 0.000017 seconds.
  path: Assets/AssedStore - Prefabs/LowpolyStyle/Shared FBX Meshes/OldWall1.fbx
  artifactKey: Guid(a3e7446953fa820488dd6f8b4148f453) Importer(815301076,1909f56bfc062723c751e8b465ee728b)
Start importing Assets/AssedStore - Prefabs/LowpolyStyle/Shared FBX Meshes/OldWall1.fbx using Guid(a3e7446953fa820488dd6f8b4148f453) Importer(815301076,1909f56bfc062723c751e8b465ee728b) (PreviewImporter) -> (artifact id: '9a39796fbb117fbb9dc75b9bd42f7066') in 0.0167957 seconds
Number of updated asset objects reloaded before import = 0Number of asset objects unloaded after import = 7

========================================================================
Received Import Request.
  Time since last request: 0.431462 seconds.
  path: Assets/AssedStore - Prefabs/LowpolyStyle/Shared FBX Meshes/OldWall2.fbx
  artifactKey: Guid(e3bc7642c945aa04e8ddf4d23d9cc323) Importer(815301076,1909f56bfc062723c751e8b465ee728b)
Start importing Assets/AssedStore - Prefabs/LowpolyStyle/Shared FBX Meshes/OldWall2.fbx using Guid(e3bc7642c945aa04e8ddf4d23d9cc323) Importer(815301076,1909f56bfc062723c751e8b465ee728b) (PreviewImporter) -> (artifact id: '1b94d7c3867aa3de47f7b6a1e664e054') in 0.0147735 seconds
Number of updated asset objects reloaded before import = 0Number of asset objects unloaded after import = 7

========================================================================
Received Import Request.
  Time since last request: 0.325759 seconds.
  path: Assets/AssedStore - Prefabs/LowpolyStyle/Shared FBX Meshes/QubicRocks1.fbx
  artifactKey: Guid(7c9d933576841444590f1347e1ddf72e) Importer(815301076,1909f56bfc062723c751e8b465ee728b)
Start importing Assets/AssedStore - Prefabs/LowpolyStyle/Shared FBX Meshes/QubicRocks1.fbx using Guid(7c9d933576841444590f1347e1ddf72e) Importer(815301076,1909f56bfc062723c751e8b465ee728b) (PreviewImporter) -> (artifact id: '6417472472ee700f420e8357fc93d9b5') in 0.0167041 seconds
Number of updated asset objects reloaded before import = 0Number of asset objects unloaded after import = 7

========================================================================
Received Import Request.
  Time since last request: 0.000102 seconds.
  path: Assets/AssedStore - Prefabs/LowpolyStyle/Shared FBX Meshes/ReedBig.fbx
  artifactKey: Guid(8e059fd06be47644a9d06d624f32be34) Importer(815301076,1909f56bfc062723c751e8b465ee728b)
Start importing Assets/AssedStore - Prefabs/LowpolyStyle/Shared FBX Meshes/ReedBig.fbx using Guid(8e059fd06be47644a9d06d624f32be34) Importer(815301076,1909f56bfc062723c751e8b465ee728b) (PreviewImporter) -> (artifact id: '416729ca29f3a010a9df49ede65b7825') in 0.0224007 seconds
Number of updated asset objects reloaded before import = 0Number of asset objects unloaded after import = 7

========================================================================
Received Import Request.
  Time since last request: 0.000020 seconds.
  path: Assets/AssedStore - Prefabs/LowpolyStyle/Shared FBX Meshes/RockGrey1.fbx
  artifactKey: Guid(158881c58225891418d7721496d9c83a) Importer(815301076,1909f56bfc062723c751e8b465ee728b)
Start importing Assets/AssedStore - Prefabs/LowpolyStyle/Shared FBX Meshes/RockGrey1.fbx using Guid(158881c58225891418d7721496d9c83a) Importer(815301076,1909f56bfc062723c751e8b465ee728b) (PreviewImporter) -> (artifact id: 'e56558eefc8d709d85d436b675ff7cc5') in 0.0201759 seconds
Number of updated asset objects reloaded before import = 0Number of asset objects unloaded after import = 7

========================================================================
Received Import Request.
  Time since last request: 0.225012 seconds.
  path: Assets/AssedStore - Prefabs/LowpolyStyle/Shared FBX Meshes/RockGrey2_high.fbx
  artifactKey: Guid(b6ab3afec089c274a8b835ee09817f68) Importer(815301076,1909f56bfc062723c751e8b465ee728b)
Start importing Assets/AssedStore - Prefabs/LowpolyStyle/Shared FBX Meshes/RockGrey2_high.fbx using Guid(b6ab3afec089c274a8b835ee09817f68) Importer(815301076,1909f56bfc062723c751e8b465ee728b) (PreviewImporter) -> (artifact id: '9ebfc4f5edd7a36fe97d55a7a544c514') in 0.0246398 seconds
Number of updated asset objects reloaded before import = 0Number of asset objects unloaded after import = 7

========================================================================
Received Import Request.
  Time since last request: 0.000045 seconds.
  path: Assets/AssedStore - Prefabs/LowpolyStyle/Shared FBX Meshes/SaguaroCactus2.fbx
  artifactKey: Guid(29d877b6d29067545a1768c5db9ead71) Importer(815301076,1909f56bfc062723c751e8b465ee728b)
Start importing Assets/AssedStore - Prefabs/LowpolyStyle/Shared FBX Meshes/SaguaroCactus2.fbx using Guid(29d877b6d29067545a1768c5db9ead71) Importer(815301076,1909f56bfc062723c751e8b465ee728b) (PreviewImporter) -> (artifact id: '4275a85cbda29cf91095d349d10472a9') in 0.0228865 seconds
Number of updated asset objects reloaded before import = 0Number of asset objects unloaded after import = 7

========================================================================
Received Import Request.
  Time since last request: 0.000073 seconds.
  path: Assets/AssedStore - Prefabs/LowpolyStyle/Shared FBX Meshes/SandduneLow1.fbx
  artifactKey: Guid(58103f198d8331942afd0ab9dd73108c) Importer(815301076,1909f56bfc062723c751e8b465ee728b)
Start importing Assets/AssedStore - Prefabs/LowpolyStyle/Shared FBX Meshes/SandduneLow1.fbx using Guid(58103f198d8331942afd0ab9dd73108c) Importer(815301076,1909f56bfc062723c751e8b465ee728b) (PreviewImporter) -> (artifact id: '1608ae318510b816dda6eba9e726d939') in 0.0245766 seconds
Number of updated asset objects reloaded before import = 0Number of asset objects unloaded after import = 7

========================================================================
Received Import Request.
  Time since last request: 0.000052 seconds.
  path: Assets/AssedStore - Prefabs/LowpolyStyle/Shared FBX Meshes/SharpRock2.fbx
  artifactKey: Guid(a70d70b3b35e7864597420b0e76f51cf) Importer(815301076,1909f56bfc062723c751e8b465ee728b)
Start importing Assets/AssedStore - Prefabs/LowpolyStyle/Shared FBX Meshes/SharpRock2.fbx using Guid(a70d70b3b35e7864597420b0e76f51cf) Importer(815301076,1909f56bfc062723c751e8b465ee728b) (PreviewImporter) -> (artifact id: '9ed1ef43bef6c198ffeca92ac07c19af') in 0.0245585 seconds
Number of updated asset objects reloaded before import = 0Number of asset objects unloaded after import = 7

========================================================================
Received Import Request.
  Time since last request: 0.000033 seconds.
  path: Assets/AssedStore - Prefabs/LowpolyStyle/Shared FBX Meshes/Signpost1.fbx
  artifactKey: Guid(f4ca3e5db0b2baf4780556abc38cd0be) Importer(815301076,1909f56bfc062723c751e8b465ee728b)
Start importing Assets/AssedStore - Prefabs/LowpolyStyle/Shared FBX Meshes/Signpost1.fbx using Guid(f4ca3e5db0b2baf4780556abc38cd0be) Importer(815301076,1909f56bfc062723c751e8b465ee728b) (PreviewImporter) -> (artifact id: 'ca56bc42af1136cfbc5b5fb5cb869d7b') in 0.027601 seconds
Number of updated asset objects reloaded before import = 0Number of asset objects unloaded after import = 7

========================================================================
Received Import Request.
  Time since last request: 0.185604 seconds.
  path: Assets/AssedStore - Prefabs/LowpolyStyle/Shared FBX Meshes/SnowyCart.fbx
  artifactKey: Guid(102dd1a8cb46dc542b6ee0764797106c) Importer(815301076,1909f56bfc062723c751e8b465ee728b)
Start importing Assets/AssedStore - Prefabs/LowpolyStyle/Shared FBX Meshes/SnowyCart.fbx using Guid(102dd1a8cb46dc542b6ee0764797106c) Importer(815301076,1909f56bfc062723c751e8b465ee728b) (PreviewImporter) -> (artifact id: 'f521d5482f8835f453435423c88d3c12') in 0.026403 seconds
Number of updated asset objects reloaded before import = 0Number of asset objects unloaded after import = 7

========================================================================
Received Import Request.
  Time since last request: 0.001347 seconds.
  path: Assets/AssedStore - Prefabs/LowpolyStyle/Shared FBX Meshes/SnowyDeadTree1.fbx
  artifactKey: Guid(df71bb23cadd93f479c597b0bdd2847b) Importer(815301076,1909f56bfc062723c751e8b465ee728b)
Start importing Assets/AssedStore - Prefabs/LowpolyStyle/Shared FBX Meshes/SnowyDeadTree1.fbx using Guid(df71bb23cadd93f479c597b0bdd2847b) Importer(815301076,1909f56bfc062723c751e8b465ee728b) (PreviewImporter) -> (artifact id: 'c56cb2e6fc7a3388ca36dece8ca6d6c0') in 0.021678 seconds
Number of updated asset objects reloaded before import = 0Number of asset objects unloaded after import = 7

========================================================================
Received Import Request.
  Time since last request: 0.010392 seconds.
  path: Assets/AssedStore - Prefabs/LowpolyStyle/Shared FBX Meshes/SnowyHillFlat.fbx
  artifactKey: Guid(5a599b2a4c5f4ab49854ee80aff5636e) Importer(815301076,1909f56bfc062723c751e8b465ee728b)
Start importing Assets/AssedStore - Prefabs/LowpolyStyle/Shared FBX Meshes/SnowyHillFlat.fbx using Guid(5a599b2a4c5f4ab49854ee80aff5636e) Importer(815301076,1909f56bfc062723c751e8b465ee728b) (PreviewImporter) -> (artifact id: '5548bfef46a1998dfee06a50bb774bc9') in 0.0189216 seconds
Number of updated asset objects reloaded before import = 0Number of asset objects unloaded after import = 7

========================================================================
Received Import Request.
  Time since last request: 0.000073 seconds.
  path: Assets/AssedStore - Prefabs/LowpolyStyle/Shared FBX Meshes/SnowyMarketStand.fbx
  artifactKey: Guid(99b1c96b587d7eb4da5e8d17ad691047) Importer(815301076,1909f56bfc062723c751e8b465ee728b)
Start importing Assets/AssedStore - Prefabs/LowpolyStyle/Shared FBX Meshes/SnowyMarketStand.fbx using Guid(99b1c96b587d7eb4da5e8d17ad691047) Importer(815301076,1909f56bfc062723c751e8b465ee728b) (PreviewImporter) -> (artifact id: '53c5e277b220b481b189206ebaf439e4') in 0.0344164 seconds
Number of updated asset objects reloaded before import = 0Number of asset objects unloaded after import = 9

========================================================================
Received Import Request.
  Time since last request: 0.184961 seconds.
  path: Assets/AssedStore - Prefabs/LowpolyStyle/Shared FBX Meshes/SnowyMarketStandRed.fbx
  artifactKey: Guid(6dd07ea14ddd3f74fb7d2dd47d46a980) Importer(815301076,1909f56bfc062723c751e8b465ee728b)
Start importing Assets/AssedStore - Prefabs/LowpolyStyle/Shared FBX Meshes/SnowyMarketStandRed.fbx using Guid(6dd07ea14ddd3f74fb7d2dd47d46a980) Importer(815301076,1909f56bfc062723c751e8b465ee728b) (PreviewImporter) -> (artifact id: '71ddceee6839347cf88575d8e53c96e0') in 0.0227382 seconds
Number of updated asset objects reloaded before import = 0Number of asset objects unloaded after import = 7

========================================================================
Received Import Request.
  Time since last request: 0.000016 seconds.
  path: Assets/AssedStore - Prefabs/LowpolyStyle/Shared FBX Meshes/SnowyOldStoneWall.fbx
  artifactKey: Guid(925a7acfae452d944b93c804de4285cf) Importer(815301076,1909f56bfc062723c751e8b465ee728b)
Start importing Assets/AssedStore - Prefabs/LowpolyStyle/Shared FBX Meshes/SnowyOldStoneWall.fbx using Guid(925a7acfae452d944b93c804de4285cf) Importer(815301076,1909f56bfc062723c751e8b465ee728b) (PreviewImporter) -> (artifact id: '93d6e49722a1b00a3bdd996cee54baed') in 0.0201098 seconds
Number of updated asset objects reloaded before import = 0Number of asset objects unloaded after import = 7

========================================================================
Received Import Request.
  Time since last request: 0.000356 seconds.
  path: Assets/AssedStore - Prefabs/LowpolyStyle/Shared FBX Meshes/SnowyPierStart.fbx
  artifactKey: Guid(72495565f2b0a244b8d902a9f70a94f1) Importer(815301076,1909f56bfc062723c751e8b465ee728b)
Start importing Assets/AssedStore - Prefabs/LowpolyStyle/Shared FBX Meshes/SnowyPierStart.fbx using Guid(72495565f2b0a244b8d902a9f70a94f1) Importer(815301076,1909f56bfc062723c751e8b465ee728b) (PreviewImporter) -> (artifact id: 'cc7a5c75d1ebd42887ad243847a74ef0') in 0.0239783 seconds
Number of updated asset objects reloaded before import = 0Number of asset objects unloaded after import = 7

========================================================================
Received Import Request.
  Time since last request: 0.215736 seconds.
  path: Assets/AssedStore - Prefabs/LowpolyStyle/Shared FBX Meshes/SnowyRock1.fbx
  artifactKey: Guid(3889c614b2caf0c44b6bbd331a4f67e7) Importer(815301076,1909f56bfc062723c751e8b465ee728b)
Start importing Assets/AssedStore - Prefabs/LowpolyStyle/Shared FBX Meshes/SnowyRock1.fbx using Guid(3889c614b2caf0c44b6bbd331a4f67e7) Importer(815301076,1909f56bfc062723c751e8b465ee728b) (PreviewImporter) -> (artifact id: '838b4120c68b9255a21ac6e22328e21a') in 0.0234196 seconds
Number of updated asset objects reloaded before import = 0Number of asset objects unloaded after import = 7

========================================================================
Received Import Request.
  Time since last request: 0.000186 seconds.
  path: Assets/AssedStore - Prefabs/LowpolyStyle/Shared FBX Meshes/SnowyTent.fbx
  artifactKey: Guid(12fedaa348758094eb18fb63e8da93ee) Importer(815301076,1909f56bfc062723c751e8b465ee728b)
Start importing Assets/AssedStore - Prefabs/LowpolyStyle/Shared FBX Meshes/SnowyTent.fbx using Guid(12fedaa348758094eb18fb63e8da93ee) Importer(815301076,1909f56bfc062723c751e8b465ee728b) (PreviewImporter) -> (artifact id: 'd87d07047764d3c5bc0fe9b0714b9a01') in 0.023582 seconds
Number of updated asset objects reloaded before import = 0Number of asset objects unloaded after import = 7

========================================================================
Received Import Request.
  Time since last request: 0.000016 seconds.
  path: Assets/AssedStore - Prefabs/LowpolyStyle/Shared FBX Meshes/SnowyTownHouseTower.fbx
  artifactKey: Guid(80b387194a6fa3f4c8b2af71b809b928) Importer(815301076,1909f56bfc062723c751e8b465ee728b)
Start importing Assets/AssedStore - Prefabs/LowpolyStyle/Shared FBX Meshes/SnowyTownHouseTower.fbx using Guid(80b387194a6fa3f4c8b2af71b809b928) Importer(815301076,1909f56bfc062723c751e8b465ee728b) (PreviewImporter) -> (artifact id: '09023a3840660294bbb81ae464d00826') in 0.0240319 seconds
Number of updated asset objects reloaded before import = 0Number of asset objects unloaded after import = 7

========================================================================
Received Import Request.
  Time since last request: 0.000114 seconds.
  path: Assets/AssedStore - Prefabs/LowpolyStyle/Shared FBX Meshes/SnowyTree.fbx
  artifactKey: Guid(ef3469e385baa234c830a4f51f3aab8a) Importer(815301076,1909f56bfc062723c751e8b465ee728b)
Start importing Assets/AssedStore - Prefabs/LowpolyStyle/Shared FBX Meshes/SnowyTree.fbx using Guid(ef3469e385baa234c830a4f51f3aab8a) Importer(815301076,1909f56bfc062723c751e8b465ee728b) (PreviewImporter) -> (artifact id: '3c91bed3f50d4db0cd5fd073c3a002f2') in 0.0244056 seconds
Number of updated asset objects reloaded before import = 0Number of asset objects unloaded after import = 7

========================================================================
Received Import Request.
  Time since last request: 0.000013 seconds.
  path: Assets/AssedStore - Prefabs/LowpolyStyle/Shared FBX Meshes/SnowyTreeLog.fbx
  artifactKey: Guid(46f0bdd23b7ab9b43a25ea3b295b43c0) Importer(815301076,1909f56bfc062723c751e8b465ee728b)
Start importing Assets/AssedStore - Prefabs/LowpolyStyle/Shared FBX Meshes/SnowyTreeLog.fbx using Guid(46f0bdd23b7ab9b43a25ea3b295b43c0) Importer(815301076,1909f56bfc062723c751e8b465ee728b) (PreviewImporter) -> (artifact id: '8a9ac6f1406f01bc81cbc339209f0053') in 0.0214621 seconds
Number of updated asset objects reloaded before import = 0Number of asset objects unloaded after import = 7

========================================================================
Received Import Request.
  Time since last request: 0.214209 seconds.
  path: Assets/AssedStore - Prefabs/LowpolyStyle/Shared FBX Meshes/SnowyWell.fbx
  artifactKey: Guid(9b8d901659df54e4ea47c7321b8ac77c) Importer(815301076,1909f56bfc062723c751e8b465ee728b)
Start importing Assets/AssedStore - Prefabs/LowpolyStyle/Shared FBX Meshes/SnowyWell.fbx using Guid(9b8d901659df54e4ea47c7321b8ac77c) Importer(815301076,1909f56bfc062723c751e8b465ee728b) (PreviewImporter) -> (artifact id: '60ff3cf16409a60e725fb8839c1644f2') in 0.0227344 seconds
Number of updated asset objects reloaded before import = 0Number of asset objects unloaded after import = 7

========================================================================
Received Import Request.
  Time since last request: 0.000016 seconds.
  path: Assets/AssedStore - Prefabs/LowpolyStyle/Shared FBX Meshes/Street.fbx
  artifactKey: Guid(fb37be50a55b40846808c13a76b43875) Importer(815301076,1909f56bfc062723c751e8b465ee728b)
Start importing Assets/AssedStore - Prefabs/LowpolyStyle/Shared FBX Meshes/Street.fbx using Guid(fb37be50a55b40846808c13a76b43875) Importer(815301076,1909f56bfc062723c751e8b465ee728b) (PreviewImporter) -> (artifact id: '574e4bc0b07dd97be597042fdbbc3f63') in 0.0217014 seconds
Number of updated asset objects reloaded before import = 0Number of asset objects unloaded after import = 7

========================================================================
Received Import Request.
  Time since last request: 0.000096 seconds.
  path: Assets/AssedStore - Prefabs/LowpolyStyle/Shared FBX Meshes/TorchSmall.fbx
  artifactKey: Guid(d3cfccdfd15c8084ab271498f689cab8) Importer(815301076,1909f56bfc062723c751e8b465ee728b)
Start importing Assets/AssedStore - Prefabs/LowpolyStyle/Shared FBX Meshes/TorchSmall.fbx using Guid(d3cfccdfd15c8084ab271498f689cab8) Importer(815301076,1909f56bfc062723c751e8b465ee728b) (PreviewImporter) -> (artifact id: '535993254c66d6b7212e3732fd4beb65') in 0.0216785 seconds
Number of updated asset objects reloaded before import = 0Number of asset objects unloaded after import = 7

========================================================================
Received Import Request.
  Time since last request: 0.022538 seconds.
  path: Assets/AssedStore - Prefabs/LowpolyStyle/Shared FBX Meshes/Tree1.fbx
  artifactKey: Guid(b32c15c9cb370f8439aed5b64269fce9) Importer(815301076,1909f56bfc062723c751e8b465ee728b)
Start importing Assets/AssedStore - Prefabs/LowpolyStyle/Shared FBX Meshes/Tree1.fbx using Guid(b32c15c9cb370f8439aed5b64269fce9) Importer(815301076,1909f56bfc062723c751e8b465ee728b) (PreviewImporter) -> (artifact id: 'f83a58a88d95bb2603c55fc7636c8969') in 0.0197777 seconds
Number of updated asset objects reloaded before import = 0Number of asset objects unloaded after import = 7

========================================================================
Received Import Request.
  Time since last request: 0.211881 seconds.
  path: Assets/AssedStore - Prefabs/LowpolyStyle/Shared FBX Meshes/TreeDead1.fbx
  artifactKey: Guid(8bd39704fca53c24eafff168c977bd0c) Importer(815301076,1909f56bfc062723c751e8b465ee728b)
Start importing Assets/AssedStore - Prefabs/LowpolyStyle/Shared FBX Meshes/TreeDead1.fbx using Guid(8bd39704fca53c24eafff168c977bd0c) Importer(815301076,1909f56bfc062723c751e8b465ee728b) (PreviewImporter) -> (artifact id: '68e0193530fe6acb0a1d27cb2a506ff8') in 0.0254003 seconds
Number of updated asset objects reloaded before import = 0Number of asset objects unloaded after import = 7

========================================================================
Received Import Request.
  Time since last request: 0.000182 seconds.
  path: Assets/AssedStore - Prefabs/LowpolyStyle/Shared FBX Meshes/TreeTrunk2.fbx
  artifactKey: Guid(bbca29a9d1baeb24c92d8b04b6e5ccc2) Importer(815301076,1909f56bfc062723c751e8b465ee728b)
Start importing Assets/AssedStore - Prefabs/LowpolyStyle/Shared FBX Meshes/TreeTrunk2.fbx using Guid(bbca29a9d1baeb24c92d8b04b6e5ccc2) Importer(815301076,1909f56bfc062723c751e8b465ee728b) (PreviewImporter) -> (artifact id: '426e781533c9e4d2843699371c0422d5') in 0.0231738 seconds
Number of updated asset objects reloaded before import = 0Number of asset objects unloaded after import = 7

========================================================================
Received Import Request.
  Time since last request: 0.000133 seconds.
  path: Assets/AssedStore - Prefabs/LowpolyStyle/Shared FBX Meshes/WaterLilies.fbx
  artifactKey: Guid(3c42d1d4e2454964f8e8aabbf7afb113) Importer(815301076,1909f56bfc062723c751e8b465ee728b)
Start importing Assets/AssedStore - Prefabs/LowpolyStyle/Shared FBX Meshes/WaterLilies.fbx using Guid(3c42d1d4e2454964f8e8aabbf7afb113) Importer(815301076,1909f56bfc062723c751e8b465ee728b) (PreviewImporter) -> (artifact id: '182098f13f6452a2b3d1d64183aecb04') in 0.0239487 seconds
Number of updated asset objects reloaded before import = 0Number of asset objects unloaded after import = 7

========================================================================
Received Import Request.
  Time since last request: 0.000115 seconds.
  path: Assets/AssedStore - Prefabs/LowpolyStyle/Shared FBX Meshes/WATERPLANE.fbx
  artifactKey: Guid(026f7843c23db3949a95ff9f0669a969) Importer(815301076,1909f56bfc062723c751e8b465ee728b)
Start importing Assets/AssedStore - Prefabs/LowpolyStyle/Shared FBX Meshes/WATERPLANE.fbx using Guid(026f7843c23db3949a95ff9f0669a969) Importer(815301076,1909f56bfc062723c751e8b465ee728b) (PreviewImporter) -> (artifact id: '24843dc2dec26ef230409d7f7c529481') in 0.0248482 seconds
Number of updated asset objects reloaded before import = 0Number of asset objects unloaded after import = 7

========================================================================
Received Import Request.
  Time since last request: 0.000030 seconds.
  path: Assets/AssedStore - Prefabs/LowpolyStyle/Shared FBX Meshes/WoodenHouse1.fbx
  artifactKey: Guid(180cf4cb24227d6428074f4da04e0940) Importer(815301076,1909f56bfc062723c751e8b465ee728b)
Start importing Assets/AssedStore - Prefabs/LowpolyStyle/Shared FBX Meshes/WoodenHouse1.fbx using Guid(180cf4cb24227d6428074f4da04e0940) Importer(815301076,1909f56bfc062723c751e8b465ee728b) (PreviewImporter) -> (artifact id: '1b32214f1b03f3ec965a337680de8c6c') in 0.0307642 seconds
Number of updated asset objects reloaded before import = 0Number of asset objects unloaded after import = 7

========================================================================
Received Import Request.
  Time since last request: 0.167081 seconds.
  path: Assets/AssedStore - Prefabs/LowpolyStyle/Shared FBX Meshes/WoodenHouse2.fbx
  artifactKey: Guid(a2f9f803ea81dd24490da006e58dfc9b) Importer(815301076,1909f56bfc062723c751e8b465ee728b)
Start importing Assets/AssedStore - Prefabs/LowpolyStyle/Shared FBX Meshes/WoodenHouse2.fbx using Guid(a2f9f803ea81dd24490da006e58dfc9b) Importer(815301076,1909f56bfc062723c751e8b465ee728b) (PreviewImporter) -> (artifact id: 'fcfc46f6626a1ec32cf7778ba254d84b') in 0.0270285 seconds
Number of updated asset objects reloaded before import = 0Number of asset objects unloaded after import = 7

========================================================================
Received Import Request.
  Time since last request: 0.000195 seconds.
  path: Assets/AssedStore - Prefabs/LowpolyStyle/Shared FBX Meshes/WoodenPole1.fbx
  artifactKey: Guid(726e4aac5dc0fe346804c9adcfa5467c) Importer(815301076,1909f56bfc062723c751e8b465ee728b)
Start importing Assets/AssedStore - Prefabs/LowpolyStyle/Shared FBX Meshes/WoodenPole1.fbx using Guid(726e4aac5dc0fe346804c9adcfa5467c) Importer(815301076,1909f56bfc062723c751e8b465ee728b) (PreviewImporter) -> (artifact id: 'c81b9ff97cce360fc36c6cf0d88bd4b8') in 0.0247461 seconds
Number of updated asset objects reloaded before import = 0Number of asset objects unloaded after import = 7

========================================================================
Received Import Request.
  Time since last request: 0.000016 seconds.
  path: Assets/AssedStore - Prefabs/LowpolyStyle/Shared FBX Meshes/WoodenWall_TowerLong.fbx
  artifactKey: Guid(8b3a862341387f74c84366c749ca0985) Importer(815301076,1909f56bfc062723c751e8b465ee728b)
Start importing Assets/AssedStore - Prefabs/LowpolyStyle/Shared FBX Meshes/WoodenWall_TowerLong.fbx using Guid(8b3a862341387f74c84366c749ca0985) Importer(815301076,1909f56bfc062723c751e8b465ee728b) (PreviewImporter) -> (artifact id: 'ed4a98eb066eaef29a2baed1e79e3b41') in 0.0228635 seconds
Number of updated asset objects reloaded before import = 0Number of asset objects unloaded after import = 7

========================================================================
Received Import Request.
  Time since last request: 0.000053 seconds.
  path: Assets/AssedStore - Prefabs/LowpolyStyle/Shared FBX Meshes/WoodenWallDamaged1.fbx
  artifactKey: Guid(017b99ae4781fad4c953bb253ba45f8e) Importer(815301076,1909f56bfc062723c751e8b465ee728b)
Start importing Assets/AssedStore - Prefabs/LowpolyStyle/Shared FBX Meshes/WoodenWallDamaged1.fbx using Guid(017b99ae4781fad4c953bb253ba45f8e) Importer(815301076,1909f56bfc062723c751e8b465ee728b) (PreviewImporter) -> (artifact id: '76bc779f9ecac577646531bfe6368dbd') in 0.0225147 seconds
Number of updated asset objects reloaded before import = 0Number of asset objects unloaded after import = 7

========================================================================
Received Import Request.
  Time since last request: 4.973002 seconds.
  path: Assets/AssedStore - Prefabs/LowpolyStyle/Desert/Prefabs/CactusSmall.prefab
  artifactKey: Guid(72d9ec94e53a8524c94ab19376a47b7a) Importer(815301076,1909f56bfc062723c751e8b465ee728b)
Start importing Assets/AssedStore - Prefabs/LowpolyStyle/Desert/Prefabs/CactusSmall.prefab using Guid(72d9ec94e53a8524c94ab19376a47b7a) Importer(815301076,1909f56bfc062723c751e8b465ee728b) (PreviewImporter) -> (artifact id: '3564fab4f0b3da8795e8faa25e2fa201') in 0.0250887 seconds
Number of updated asset objects reloaded before import = 0Number of asset objects unloaded after import = 10

========================================================================
Received Import Request.
  Time since last request: 0.000187 seconds.
  path: Assets/AssedStore - Prefabs/LowpolyStyle/Desert/Prefabs/CookingPot.prefab
  artifactKey: Guid(63e18030c30a42b46bcb811695eeb6bb) Importer(815301076,1909f56bfc062723c751e8b465ee728b)
Start importing Assets/AssedStore - Prefabs/LowpolyStyle/Desert/Prefabs/CookingPot.prefab using Guid(63e18030c30a42b46bcb811695eeb6bb) Importer(815301076,1909f56bfc062723c751e8b465ee728b) (PreviewImporter) -> (artifact id: 'ba2b909d1ca5ec9b0ad2c1d5c8276a2a') in 0.0222838 seconds
Number of updated asset objects reloaded before import = 0Number of asset objects unloaded after import = 10

========================================================================
Received Import Request.
  Time since last request: 0.000014 seconds.
  path: Assets/AssedStore - Prefabs/LowpolyStyle/Desert/Prefabs/CookingPotHanging.prefab
  artifactKey: Guid(b587f28bb22366f4f8ea3ff794faaa74) Importer(815301076,1909f56bfc062723c751e8b465ee728b)
Start importing Assets/AssedStore - Prefabs/LowpolyStyle/Desert/Prefabs/CookingPotHanging.prefab using Guid(b587f28bb22366f4f8ea3ff794faaa74) Importer(815301076,1909f56bfc062723c751e8b465ee728b) (PreviewImporter) -> (artifact id: '36adb1cb72101921aa3f198b7f9909b3') in 0.0262192 seconds
Number of updated asset objects reloaded before import = 0Number of asset objects unloaded after import = 10

========================================================================
Received Import Request.
  Time since last request: 0.000015 seconds.
  path: Assets/AssedStore - Prefabs/LowpolyStyle/Desert/Prefabs/House1.prefab
  artifactKey: Guid(2d1b68dab7390584b92a89130dfe1173) Importer(815301076,1909f56bfc062723c751e8b465ee728b)
Start importing Assets/AssedStore - Prefabs/LowpolyStyle/Desert/Prefabs/House1.prefab using Guid(2d1b68dab7390584b92a89130dfe1173) Importer(815301076,1909f56bfc062723c751e8b465ee728b) (PreviewImporter) -> (artifact id: '6ea5955e917dc2902fc4a70ed4f47e7b') in 0.0277159 seconds
Number of updated asset objects reloaded before import = 0Number of asset objects unloaded after import = 10

========================================================================
Received Import Request.
  Time since last request: 0.000020 seconds.
  path: Assets/AssedStore - Prefabs/LowpolyStyle/Desert/Prefabs/HangingBridge.prefab
  artifactKey: Guid(f1a08ef28bf47254bbb1439b70df5a17) Importer(815301076,1909f56bfc062723c751e8b465ee728b)
Start importing Assets/AssedStore - Prefabs/LowpolyStyle/Desert/Prefabs/HangingBridge.prefab using Guid(f1a08ef28bf47254bbb1439b70df5a17) Importer(815301076,1909f56bfc062723c751e8b465ee728b) (PreviewImporter) -> (artifact id: '27fc4d04c7a0f988c4008092c8325e26') in 0.0298924 seconds
Number of updated asset objects reloaded before import = 0Number of asset objects unloaded after import = 12

========================================================================
Received Import Request.
  Time since last request: 0.000016 seconds.
  path: Assets/AssedStore - Prefabs/LowpolyStyle/Desert/Prefabs/OldWall1.prefab
  artifactKey: Guid(e2403152689f6fd438fe098277b0a790) Importer(815301076,1909f56bfc062723c751e8b465ee728b)
Start importing Assets/AssedStore - Prefabs/LowpolyStyle/Desert/Prefabs/OldWall1.prefab using Guid(e2403152689f6fd438fe098277b0a790) Importer(815301076,1909f56bfc062723c751e8b465ee728b) (PreviewImporter) -> (artifact id: '905fde62d4ae1b796492e6bd203e4759') in 0.0244168 seconds
Number of updated asset objects reloaded before import = 0Number of asset objects unloaded after import = 10

========================================================================
Received Import Request.
  Time since last request: 0.000023 seconds.
  path: Assets/AssedStore - Prefabs/LowpolyStyle/Desert/Prefabs/Ladder.prefab
  artifactKey: Guid(3b111b3eaff0e0b4eac1778d5934773c) Importer(815301076,1909f56bfc062723c751e8b465ee728b)
Start importing Assets/AssedStore - Prefabs/LowpolyStyle/Desert/Prefabs/Ladder.prefab using Guid(3b111b3eaff0e0b4eac1778d5934773c) Importer(815301076,1909f56bfc062723c751e8b465ee728b) (PreviewImporter) -> (artifact id: '4ebaf5c6d2bb5baae4bb536357be0307') in 0.0285496 seconds
Number of updated asset objects reloaded before import = 0Number of asset objects unloaded after import = 10

========================================================================
Received Import Request.
  Time since last request: 17.346443 seconds.
  path: Assets/AssedStore - Prefabs/LowpolyStyle/Arctic Tundra/Prefabs/BigCliff.prefab
  artifactKey: Guid(9fa980fd96e005245ab5bfc6ac684e4e) Importer(815301076,1909f56bfc062723c751e8b465ee728b)
Start importing Assets/AssedStore - Prefabs/LowpolyStyle/Arctic Tundra/Prefabs/BigCliff.prefab using Guid(9fa980fd96e005245ab5bfc6ac684e4e) Importer(815301076,1909f56bfc062723c751e8b465ee728b) (PreviewImporter) -> (artifact id: 'ee6b37cc2bd2cbab4fc9d6289e4679f1') in 0.0295885 seconds
Number of updated asset objects reloaded before import = 0Number of asset objects unloaded after import = 10

========================================================================
Received Import Request.
  Time since last request: 0.000162 seconds.
  path: Assets/AssedStore - Prefabs/LowpolyStyle/Arctic Tundra/Prefabs/GlacierWall.prefab
  artifactKey: Guid(35819a8f8106f3b4198e2ca6fc9c77b6) Importer(815301076,1909f56bfc062723c751e8b465ee728b)
Start importing Assets/AssedStore - Prefabs/LowpolyStyle/Arctic Tundra/Prefabs/GlacierWall.prefab using Guid(35819a8f8106f3b4198e2ca6fc9c77b6) Importer(815301076,1909f56bfc062723c751e8b465ee728b) (PreviewImporter) -> (artifact id: 'aa70fce88b8087388570c94282ca4de5') in 0.0227979 seconds
Number of updated asset objects reloaded before import = 0Number of asset objects unloaded after import = 10

========================================================================
Received Import Request.
  Time since last request: 0.000016 seconds.
  path: Assets/AssedStore - Prefabs/LowpolyStyle/Arctic Tundra/Prefabs/MarketStandClosed.prefab
  artifactKey: Guid(e173b58551d604544ab432eefdcd7d7b) Importer(815301076,1909f56bfc062723c751e8b465ee728b)
Start importing Assets/AssedStore - Prefabs/LowpolyStyle/Arctic Tundra/Prefabs/MarketStandClosed.prefab using Guid(e173b58551d604544ab432eefdcd7d7b) Importer(815301076,1909f56bfc062723c751e8b465ee728b) (PreviewImporter) -> (artifact id: '0059ddc0b2c08be879c61ea49f7d3ec8') in 0.0218703 seconds
Number of updated asset objects reloaded before import = 0Number of asset objects unloaded after import = 12

========================================================================
Received Import Request.
  Time since last request: 0.000049 seconds.
  path: Assets/AssedStore - Prefabs/LowpolyStyle/Arctic Tundra/Prefabs/MarketStandSmall.prefab
  artifactKey: Guid(c3a6af768c4cccd4d8957303547cf4d6) Importer(815301076,1909f56bfc062723c751e8b465ee728b)
Start importing Assets/AssedStore - Prefabs/LowpolyStyle/Arctic Tundra/Prefabs/MarketStandSmall.prefab using Guid(c3a6af768c4cccd4d8957303547cf4d6) Importer(815301076,1909f56bfc062723c751e8b465ee728b) (PreviewImporter) -> (artifact id: '811d6c4f41b106dd6b659711ce6f539c') in 0.0243411 seconds
Number of updated asset objects reloaded before import = 0Number of asset objects unloaded after import = 10

========================================================================
Received Import Request.
  Time since last request: 0.000014 seconds.
  path: Assets/AssedStore - Prefabs/LowpolyStyle/Arctic Tundra/Prefabs/SnowyMarketStandSmall.prefab
  artifactKey: Guid(7ce21b557eac80b4b8272d3c7a5f8f2c) Importer(815301076,1909f56bfc062723c751e8b465ee728b)
Start importing Assets/AssedStore - Prefabs/LowpolyStyle/Arctic Tundra/Prefabs/SnowyMarketStandSmall.prefab using Guid(7ce21b557eac80b4b8272d3c7a5f8f2c) Importer(815301076,1909f56bfc062723c751e8b465ee728b) (PreviewImporter) -> (artifact id: '3e2a4448a6d45026a85886fc108a5c86') in 0.0278083 seconds
Number of updated asset objects reloaded before import = 0Number of asset objects unloaded after import = 10

========================================================================
Received Import Request.
  Time since last request: 0.000025 seconds.
  path: Assets/AssedStore - Prefabs/LowpolyStyle/Arctic Tundra/Prefabs/SnowyCliff.prefab
  artifactKey: Guid(6bbd649e469871b43b3157ebf7d69134) Importer(815301076,1909f56bfc062723c751e8b465ee728b)
Start importing Assets/AssedStore - Prefabs/LowpolyStyle/Arctic Tundra/Prefabs/SnowyCliff.prefab using Guid(6bbd649e469871b43b3157ebf7d69134) Importer(815301076,1909f56bfc062723c751e8b465ee728b) (PreviewImporter) -> (artifact id: '063d9fb733e8243b96b9ea06147a7568') in 0.0248436 seconds
Number of updated asset objects reloaded before import = 0Number of asset objects unloaded after import = 10

========================================================================
Received Import Request.
  Time since last request: 0.000020 seconds.
  path: Assets/AssedStore - Prefabs/LowpolyStyle/Arctic Tundra/Prefabs/SnowyDeadTree2.prefab
  artifactKey: Guid(da1c6cde83c1e90409324bab7d35cec5) Importer(815301076,1909f56bfc062723c751e8b465ee728b)
Start importing Assets/AssedStore - Prefabs/LowpolyStyle/Arctic Tundra/Prefabs/SnowyDeadTree2.prefab using Guid(da1c6cde83c1e90409324bab7d35cec5) Importer(815301076,1909f56bfc062723c751e8b465ee728b) (PreviewImporter) -> (artifact id: '1b07ff91b665295c6da09abeb3821227') in 0.0287298 seconds
Number of updated asset objects reloaded before import = 0Number of asset objects unloaded after import = 11

========================================================================
Received Import Request.
  Time since last request: 1.979351 seconds.
  path: Assets/AssedStore - Prefabs/LowpolyStyle/Arctic Tundra/Prefabs/SnowyPierPole.prefab
  artifactKey: Guid(9350b2a04740a71479c8f7ff3f9dd8b4) Importer(815301076,1909f56bfc062723c751e8b465ee728b)
Start importing Assets/AssedStore - Prefabs/LowpolyStyle/Arctic Tundra/Prefabs/SnowyPierPole.prefab using Guid(9350b2a04740a71479c8f7ff3f9dd8b4) Importer(815301076,1909f56bfc062723c751e8b465ee728b) (PreviewImporter) -> (artifact id: '11110dbbf4568758d593e44207f31682') in 0.0276054 seconds
Number of updated asset objects reloaded before import = 0Number of asset objects unloaded after import = 11

========================================================================
Received Import Request.
  Time since last request: 0.057655 seconds.
  path: Assets/AssedStore - Prefabs/LowpolyStyle/Arctic Tundra/Prefabs/SnowySignpost.prefab
  artifactKey: Guid(37aeb717fa303724db2a16754f0edc8c) Importer(815301076,1909f56bfc062723c751e8b465ee728b)
Start importing Assets/AssedStore - Prefabs/LowpolyStyle/Arctic Tundra/Prefabs/SnowySignpost.prefab using Guid(37aeb717fa303724db2a16754f0edc8c) Importer(815301076,1909f56bfc062723c751e8b465ee728b) (PreviewImporter) -> (artifact id: 'c6d92eb80ff1fba2ed748353efe0608f') in 0.0241636 seconds
Number of updated asset objects reloaded before import = 0Number of asset objects unloaded after import = 10

========================================================================
Received Import Request.
  Time since last request: 0.907440 seconds.
  path: Assets/AssedStore - Prefabs/LowpolyStyle/Arctic Tundra/Prefabs/SnowyTownHouse2.prefab
  artifactKey: Guid(77f1841097d173c4cb913a1e1dfda1c6) Importer(815301076,1909f56bfc062723c751e8b465ee728b)
Start importing Assets/AssedStore - Prefabs/LowpolyStyle/Arctic Tundra/Prefabs/SnowyTownHouse2.prefab using Guid(77f1841097d173c4cb913a1e1dfda1c6) Importer(815301076,1909f56bfc062723c751e8b465ee728b) (PreviewImporter) -> (artifact id: 'f6b25ef37f4895653230876c8f310784') in 0.0308962 seconds
Number of updated asset objects reloaded before import = 0Number of asset objects unloaded after import = 10

Editor requested this worker to shutdown with reason: Scaling down because of idle timeout
AssetImportWorkerClient::OnTransportError - code=2 error=End of file
AssetImportWorker is now disconnected from the server
Process exiting
Exiting without the bug reporter. Application will terminate with return code 0